Copyright 1986-2017 Xilinx, Inc. All Rights Reserved.
------------------------------------------------------------------------------------
| Tool Version : Vivado v.2017.4 (win64) Build 2086221 Fri Dec 15 20:55:39 MST 2017
| Date         : Thu Oct  1 12:58:38 2026
| Host         : CECS8QRHRY3 running 64-bit major release  (build 9200)
| Command      : report_control_sets -verbose -file top_control_sets_placed.rpt
| Design       : top
| Device       : xc7a35t
------------------------------------------------------------------------------------

Control Set Information

Table of Contents
-----------------
1. Summary
2. Flip-Flop Distribution
3. Detailed Control Set Information

1. Summary
----------

+----------------------------------------------------------+-------+
|                          Status                          | Count |
+----------------------------------------------------------+-------+
| Number of unique control sets                            |     7 |
| Unused register locations in slices containing registers |    30 |
+----------------------------------------------------------+-------+


2. Flip-Flop Distribution
-------------------------

+--------------+-----------------------+------------------------+-----------------+--------------+
| Clock Enable | Synchronous Set/Reset | Asynchronous Set/Reset | Total Registers | Total Slices |
+--------------+-----------------------+------------------------+-----------------+--------------+
| No           | No                    | No                     |              20 |           11 |
| No           | No                    | Yes                    |               0 |            0 |
| No           | Yes                   | No                     |              12 |            7 |
| Yes          | No                    | No                     |               0 |            0 |
| Yes          | No                    | Yes                    |               0 |            0 |
| Yes          | Yes                   | No                     |              42 |           19 |
+--------------+-----------------------+------------------------+-----------------+--------------+


3. Detailed Control Set Information
-----------------------------------

+----------------+-------------------------------------------+-----------------------------+------------------+----------------+
|  Clock Signal  |               Enable Signal               |       Set/Reset Signal      | Slice Load Count | Bel Load Count |
+----------------+-------------------------------------------+-----------------------------+------------------+----------------+
|  clk_IBUF_BUFG | u_key/FSM_sequential_bit_count[3]_i_1_n_0 | rst_sync                    |                3 |              4 |
|  clk_IBUF_BUFG | u_key/glyph_reg[0][0]                     | rst_sync                    |                4 |              4 |
|  clk_IBUF_BUFG | horizontal_pixel[9]_i_1_n_0               | vertical_pixel[9]_i_1_n_0   |                3 |              9 |
|  clk_IBUF_BUFG | pixel_tick                                | horizontal_pixel[9]_i_1_n_0 |                2 |              9 |
|  clk_IBUF_BUFG |                                           | rst_sync                    |                7 |             12 |
|  clk_IBUF_BUFG | u_key/E[0]                                | rst_sync                    |                7 |             16 |
|  clk_IBUF_BUFG |                                           |                             |               11 |             20 |
+----------------+-------------------------------------------+-----------------------------+------------------+----------------+


+--------+-----------------------+
| Fanout | Number of ControlSets |
+--------+-----------------------+
| 4      |                     2 |
| 9      |                     2 |
| 12     |                     1 |
| 16+    |                     2 |
+--------+-----------------------+


