
*** Running vivado
    with args -log top.vds -m64 -product Vivado -mode batch -messageDb vivado.pb -notrace -source top.tcl


****** Vivado v2017.4 (64-bit)
  **** SW Build 2086221 on Fri Dec 15 20:55:39 MST 2017
  **** IP Build 2085800 on Fri Dec 15 22:25:07 MST 2017
    ** Copyright 1986-2017 Xilinx, Inc. All Rights Reserved.

source top.tcl -notrace
Command: synth_design -top top -part xc7a35tcpg236-1
Starting synth_design
Attempting to get a license for feature 'Synthesis' and/or device 'xc7a35t'
INFO: [Common 17-349] Got license for feature 'Synthesis' and/or device 'xc7a35t'
INFO: Launching helper process for spawning children vivado processes
INFO: Helper process launched with PID 36304 
---------------------------------------------------------------------------------
Starting RTL Elaboration : Time (s): cpu = 00:00:04 ; elapsed = 00:00:05 . Memory (MB): peak = 354.164 ; gain = 99.434
---------------------------------------------------------------------------------
INFO: [Synth 8-638] synthesizing module 'top' [C:/Users/da949990/fpga_design_5722/lab_4/lab_4.srcs/sources_1/new/top.v:29]
	Parameter FG_R bound to: 4'b0000 
	Parameter FG_G bound to: 4'b1111 
	Parameter FG_B bound to: 4'b0000 
	Parameter BRAM_LATENCY bound to: 1 - type: integer 
	Parameter GLYPH_E bound to: 4'b1010 
INFO: [Synth 8-5534] Detected attribute (* ASYNC_REG = "TRUE" *) [C:/Users/da949990/fpga_design_5722/lab_4/lab_4.srcs/sources_1/new/top.v:57]
INFO: [Synth 8-5534] Detected attribute (* ASYNC_REG = "TRUE" *) [C:/Users/da949990/fpga_design_5722/lab_4/lab_4.srcs/sources_1/new/top.v:58]
INFO: [Synth 8-638] synthesizing module 'ps2_rx' [C:/Users/da949990/fpga_design_5722/lab_4/lab_4.srcs/sources_1/new/top.v:260]
INFO: [Synth 8-5534] Detected attribute (* ASYNC_REG = "TRUE" *) [C:/Users/da949990/fpga_design_5722/lab_4/lab_4.srcs/sources_1/new/top.v:269]
INFO: [Synth 8-5534] Detected attribute (* ASYNC_REG = "TRUE" *) [C:/Users/da949990/fpga_design_5722/lab_4/lab_4.srcs/sources_1/new/top.v:270]
INFO: [Synth 8-256] done synthesizing module 'ps2_rx' (1#1) [C:/Users/da949990/fpga_design_5722/lab_4/lab_4.srcs/sources_1/new/top.v:260]
INFO: [Synth 8-638] synthesizing module 'blk_mem_gen_0' [C:/Users/da949990/fpga_design_5722/lab_4/lab_4.runs/synth_1/.Xil/Vivado-39612-CECS8QRHRY3/realtime/blk_mem_gen_0_stub.v:6]
INFO: [Synth 8-256] done synthesizing module 'blk_mem_gen_0' (2#1) [C:/Users/da949990/fpga_design_5722/lab_4/lab_4.runs/synth_1/.Xil/Vivado-39612-CECS8QRHRY3/realtime/blk_mem_gen_0_stub.v:6]
INFO: [Synth 8-256] done synthesizing module 'top' (3#1) [C:/Users/da949990/fpga_design_5722/lab_4/lab_4.srcs/sources_1/new/top.v:29]
WARNING: [Synth 8-3917] design top has port vgaRed[3] driven by constant 0
WARNING: [Synth 8-3917] design top has port vgaRed[2] driven by constant 0
WARNING: [Synth 8-3917] design top has port vgaRed[1] driven by constant 0
WARNING: [Synth 8-3917] design top has port vgaRed[0] driven by constant 0
WARNING: [Synth 8-3917] design top has port vgaBlue[3] driven by constant 0
WARNING: [Synth 8-3917] design top has port vgaBlue[2] driven by constant 0
WARNING: [Synth 8-3917] design top has port vgaBlue[1] driven by constant 0
WARNING: [Synth 8-3917] design top has port vgaBlue[0] driven by constant 0
---------------------------------------------------------------------------------
Finished RTL Elaboration : Time (s): cpu = 00:00:04 ; elapsed = 00:00:05 . Memory (MB): peak = 407.055 ; gain = 152.324
---------------------------------------------------------------------------------

Report Check Netlist: 
+------+------------------+-------+---------+-------+------------------+
|      |Item              |Errors |Warnings |Status |Description       |
+------+------------------+-------+---------+-------+------------------+
|1     |multi_driven_nets |      0|        0|Passed |Multi driven nets |
+------+------------------+-------+---------+-------+------------------+
---------------------------------------------------------------------------------
Finished RTL Optimization Phase 1 : Time (s): cpu = 00:00:04 ; elapsed = 00:00:06 . Memory (MB): peak = 407.055 ; gain = 152.324
---------------------------------------------------------------------------------
INFO: [Device 21-403] Loading part xc7a35tcpg236-1
INFO: [Project 1-570] Preparing netlist for logic optimization

Processing XDC Constraints
Initializing timing engine
Parsing XDC File [C:/Users/da949990/fpga_design_5722/lab_4/lab_4.runs/synth_1/.Xil/Vivado-39612-CECS8QRHRY3/dcp1/blk_mem_gen_0_in_context.xdc] for cell 'font_rom'
Finished Parsing XDC File [C:/Users/da949990/fpga_design_5722/lab_4/lab_4.runs/synth_1/.Xil/Vivado-39612-CECS8QRHRY3/dcp1/blk_mem_gen_0_in_context.xdc] for cell 'font_rom'
Parsing XDC File [C:/Users/da949990/fpga_design_5722/lab_4/vga_key.xdc]
Finished Parsing XDC File [C:/Users/da949990/fpga_design_5722/lab_4/vga_key.xdc]
INFO: [Project 1-236] Implementation specific constraints were found while reading constraint file [C:/Users/da949990/fpga_design_5722/lab_4/vga_key.xdc]. These constraints will be ignored for synthesis but will be used in implementation. Impacted constraints are listed in the file [.Xil/top_propImpl.xdc].
Resolution: To avoid this warning, move constraints listed in [.Xil/top_propImpl.xdc] to another XDC file and exclude this new file from synthesis with the used_in_synthesis property (File Properties dialog in GUI) and re-run elaboration/synthesis.
Completed Processing XDC Constraints

INFO: [Project 1-111] Unisim Transformation Summary:
No Unisim elements were transformed.

Constraint Validation Runtime : Time (s): cpu = 00:00:00 ; elapsed = 00:00:00.003 . Memory (MB): peak = 740.461 ; gain = 0.000
WARNING: [Timing 38-316] Clock period '20.000' specified during out-of-context synthesis of instance 'font_rom' at clock pin 'clka' is different from the actual clock period '10.000', this can lead to different synthesis results.
---------------------------------------------------------------------------------
Finished Constraint Validation : Time (s): cpu = 00:00:13 ; elapsed = 00:00:16 . Memory (MB): peak = 742.004 ; gain = 487.273
---------------------------------------------------------------------------------
---------------------------------------------------------------------------------
Start Loading Part and Timing Information
---------------------------------------------------------------------------------
Loading part: xc7a35tcpg236-1
---------------------------------------------------------------------------------
Finished Loading Part and Timing Information : Time (s): cpu = 00:00:13 ; elapsed = 00:00:16 . Memory (MB): peak = 742.004 ; gain = 487.273
---------------------------------------------------------------------------------
---------------------------------------------------------------------------------
Start Applying 'set_property' XDC Constraints
---------------------------------------------------------------------------------
Applied set_property DONT_TOUCH = true for font_rom. (constraint file  auto generated constraint, line ).
---------------------------------------------------------------------------------
Finished applying 'set_property' XDC Constraints : Time (s): cpu = 00:00:13 ; elapsed = 00:00:16 . Memory (MB): peak = 742.004 ; gain = 487.273
---------------------------------------------------------------------------------
INFO: [Synth 8-802] inferred FSM for state register 'bit_count_reg' in module 'ps2_rx'
INFO: [Synth 8-5544] ROM "parity_bit" won't be mapped to Block RAM because address size (4) smaller than threshold (5)
INFO: [Synth 8-5544] ROM "scan_code" won't be mapped to Block RAM because address size (4) smaller than threshold (5)
INFO: [Synth 8-5544] ROM "bit_count" won't be mapped to Block RAM because address size (4) smaller than threshold (5)
INFO: [Synth 8-5546] ROM "show" won't be mapped to RAM because it is too sparse
INFO: [Synth 8-5546] ROM "is_digit" won't be mapped to RAM because it is too sparse
INFO: [Synth 8-5587] ROM size for "digit_val" is below threshold of ROM address width. It will be mapped to LUTs
INFO: [Synth 8-5546] ROM "break_pending" won't be mapped to RAM because it is too sparse
INFO: [Synth 8-5546] ROM "extended" won't be mapped to RAM because it is too sparse
INFO: [Synth 8-5546] ROM "vertical_pixel" won't be mapped to RAM because it is too sparse
---------------------------------------------------------------------------------------------------
                   State |                     New Encoding |                Previous Encoding 
---------------------------------------------------------------------------------------------------
                  iSTATE |                             0000 |                             0000
                 iSTATE0 |                             0001 |                             0001
                 iSTATE1 |                             0010 |                             0010
                 iSTATE2 |                             0011 |                             0011
                 iSTATE3 |                             0100 |                             0100
                 iSTATE4 |                             0101 |                             0101
                 iSTATE5 |                             0110 |                             0110
                 iSTATE6 |                             0111 |                             0111
                 iSTATE7 |                             1000 |                             1000
                 iSTATE8 |                             1001 |                             1001
                 iSTATE9 |                             1010 |                             1010
---------------------------------------------------------------------------------------------------
INFO: [Synth 8-3354] encoded FSM with state register 'bit_count_reg' using encoding 'sequential' in module 'ps2_rx'
---------------------------------------------------------------------------------
Finished RTL Optimization Phase 2 : Time (s): cpu = 00:00:13 ; elapsed = 00:00:16 . Memory (MB): peak = 742.004 ; gain = 487.273
---------------------------------------------------------------------------------

Report RTL Partitions: 
+-+--------------+------------+----------+
| |RTL Partition |Replication |Instances |
+-+--------------+------------+----------+
+-+--------------+------------+----------+
---------------------------------------------------------------------------------
Start RTL Component Statistics 
---------------------------------------------------------------------------------
Detailed RTL Component Info : 
+---Adders : 
	   2 Input     10 Bit       Adders := 2     
	   2 Input      2 Bit       Adders := 1     
+---XORs : 
	   2 Input      1 Bit         XORs := 1     
+---XORs : 
	                8 Bit    Wide XORs := 1     
+---Registers : 
	               16 Bit    Registers := 1     
	               10 Bit    Registers := 2     
	                8 Bit    Registers := 2     
	                4 Bit    Registers := 1     
	                2 Bit    Registers := 3     
	                1 Bit    Registers := 8     
+---Muxes : 
	   2 Input     16 Bit        Muxes := 1     
	   3 Input     16 Bit        Muxes := 1     
	  11 Input      8 Bit        Muxes := 2     
	   2 Input      8 Bit        Muxes := 1     
	  11 Input      4 Bit        Muxes := 1     
	  21 Input      4 Bit        Muxes := 1     
	   2 Input      4 Bit        Muxes := 3     
	   5 Input      2 Bit        Muxes := 1     
	  11 Input      1 Bit        Muxes := 3     
	   2 Input      1 Bit        Muxes := 12    
	   4 Input      1 Bit        Muxes := 7     
	  21 Input      1 Bit        Muxes := 1     
---------------------------------------------------------------------------------
Finished RTL Component Statistics 
---------------------------------------------------------------------------------
---------------------------------------------------------------------------------
Start RTL Hierarchical Component Statistics 
---------------------------------------------------------------------------------
Hierarchical RTL Component report 
Module top 
Detailed RTL Component Info : 
+---Adders : 
	   2 Input     10 Bit       Adders := 2     
	   2 Input      2 Bit       Adders := 1     
+---Registers : 
	               16 Bit    Registers := 1     
	               10 Bit    Registers := 2     
	                8 Bit    Registers := 1     
	                4 Bit    Registers := 1     
	                2 Bit    Registers := 1     
	                1 Bit    Registers := 5     
+---Muxes : 
	   2 Input     16 Bit        Muxes := 1     
	   3 Input     16 Bit        Muxes := 1     
	  21 Input      4 Bit        Muxes := 1     
	   2 Input      4 Bit        Muxes := 3     
	   5 Input      2 Bit        Muxes := 1     
	   2 Input      1 Bit        Muxes := 11    
	   4 Input      1 Bit        Muxes := 7     
	  21 Input      1 Bit        Muxes := 1     
Module ps2_rx 
Detailed RTL Component Info : 
+---XORs : 
	   2 Input      1 Bit         XORs := 1     
+---XORs : 
	                8 Bit    Wide XORs := 1     
+---Registers : 
	                8 Bit    Registers := 1     
	                2 Bit    Registers := 2     
	                1 Bit    Registers := 3     
+---Muxes : 
	  11 Input      8 Bit        Muxes := 2     
	   2 Input      8 Bit        Muxes := 1     
	  11 Input      4 Bit        Muxes := 1     
	  11 Input      1 Bit        Muxes := 3     
	   2 Input      1 Bit        Muxes := 1     
---------------------------------------------------------------------------------
Finished RTL Hierarchical Component Statistics
---------------------------------------------------------------------------------
---------------------------------------------------------------------------------
Start Part Resource Summary
---------------------------------------------------------------------------------
Part Resources:
DSPs: 90 (col length:60)
BRAMs: 100 (col length: RAMB18 60 RAMB36 30)
---------------------------------------------------------------------------------
Finished Part Resource Summary
---------------------------------------------------------------------------------
---------------------------------------------------------------------------------
Start Cross Boundary and Area Optimization
---------------------------------------------------------------------------------
INFO: [Synth 8-5546] ROM "vertical_pixel" won't be mapped to RAM because it is too sparse
INFO: [Synth 8-5546] ROM "break_pending" won't be mapped to RAM because it is too sparse
INFO: [Synth 8-5546] ROM "show" won't be mapped to RAM because it is too sparse
INFO: [Synth 8-5546] ROM "extended" won't be mapped to RAM because it is too sparse
INFO: [Synth 8-5546] ROM "is_digit" won't be mapped to RAM because it is too sparse
INFO: [Synth 8-5587] ROM size for "digit_val" is below threshold of ROM address width. It will be mapped to LUTs
WARNING: [Synth 8-3917] design top has port vgaRed[3] driven by constant 0
WARNING: [Synth 8-3917] design top has port vgaRed[2] driven by constant 0
WARNING: [Synth 8-3917] design top has port vgaRed[1] driven by constant 0
WARNING: [Synth 8-3917] design top has port vgaRed[0] driven by constant 0
WARNING: [Synth 8-3917] design top has port vgaBlue[3] driven by constant 0
WARNING: [Synth 8-3917] design top has port vgaBlue[2] driven by constant 0
WARNING: [Synth 8-3917] design top has port vgaBlue[1] driven by constant 0
WARNING: [Synth 8-3917] design top has port vgaBlue[0] driven by constant 0
INFO: [Synth 8-3886] merging instance 'led_reg[4]' (FDRE) to 'led_reg[5]'
INFO: [Synth 8-3886] merging instance 'led_reg[5]' (FDRE) to 'led_reg[6]'
INFO: [Synth 8-3886] merging instance 'led_reg[6]' (FDRE) to 'led_reg[7]'
INFO: [Synth 8-3886] merging instance 'led_reg[7]' (FDRE) to 'led_reg[8]'
INFO: [Synth 8-3886] merging instance 'led_reg[8]' (FDRE) to 'led_reg[9]'
INFO: [Synth 8-3886] merging instance 'led_reg[9]' (FDRE) to 'led_reg[10]'
INFO: [Synth 8-3886] merging instance 'led_reg[10]' (FDRE) to 'led_reg[11]'
INFO: [Synth 8-3886] merging instance 'led_reg[11]' (FDRE) to 'led_reg[12]'
INFO: [Synth 8-3886] merging instance 'led_reg[12]' (FDRE) to 'led_reg[13]'
INFO: [Synth 8-3886] merging instance 'led_reg[13]' (FDRE) to 'led_reg[14]'
INFO: [Synth 8-3886] merging instance 'led_reg[14]' (FDRE) to 'led_reg[15]'
---------------------------------------------------------------------------------
Finished Cross Boundary and Area Optimization : Time (s): cpu = 00:00:14 ; elapsed = 00:00:17 . Memory (MB): peak = 742.004 ; gain = 487.273
---------------------------------------------------------------------------------

Report RTL Partitions: 
+-+--------------+------------+----------+
| |RTL Partition |Replication |Instances |
+-+--------------+------------+----------+
+-+--------------+------------+----------+
---------------------------------------------------------------------------------
Start Applying XDC Timing Constraints
---------------------------------------------------------------------------------
---------------------------------------------------------------------------------
Finished Applying XDC Timing Constraints : Time (s): cpu = 00:00:20 ; elapsed = 00:00:23 . Memory (MB): peak = 742.004 ; gain = 487.273
---------------------------------------------------------------------------------
---------------------------------------------------------------------------------
Start Timing Optimization
---------------------------------------------------------------------------------
---------------------------------------------------------------------------------
Finished Timing Optimization : Time (s): cpu = 00:00:20 ; elapsed = 00:00:23 . Memory (MB): peak = 755.805 ; gain = 501.074
---------------------------------------------------------------------------------

Report RTL Partitions: 
+-+--------------+------------+----------+
| |RTL Partition |Replication |Instances |
+-+--------------+------------+----------+
+-+--------------+------------+----------+
---------------------------------------------------------------------------------
Start Technology Mapping
---------------------------------------------------------------------------------
---------------------------------------------------------------------------------
Finished Technology Mapping : Time (s): cpu = 00:00:20 ; elapsed = 00:00:23 . Memory (MB): peak = 757.758 ; gain = 503.027
---------------------------------------------------------------------------------

Report RTL Partitions: 
+-+--------------+------------+----------+
| |RTL Partition |Replication |Instances |
+-+--------------+------------+----------+
+-+--------------+------------+----------+
---------------------------------------------------------------------------------
Start IO Insertion
---------------------------------------------------------------------------------
---------------------------------------------------------------------------------
Start Flattening Before IO Insertion
---------------------------------------------------------------------------------
---------------------------------------------------------------------------------
Finished Flattening Before IO Insertion
---------------------------------------------------------------------------------
---------------------------------------------------------------------------------
Start Final Netlist Cleanup
---------------------------------------------------------------------------------
---------------------------------------------------------------------------------
Finished Final Netlist Cleanup
---------------------------------------------------------------------------------
---------------------------------------------------------------------------------
Finished IO Insertion : Time (s): cpu = 00:00:20 ; elapsed = 00:00:23 . Memory (MB): peak = 757.758 ; gain = 503.027
---------------------------------------------------------------------------------

Report Check Netlist: 
+------+------------------+-------+---------+-------+------------------+
|      |Item              |Errors |Warnings |Status |Description       |
+------+------------------+-------+---------+-------+------------------+
|1     |multi_driven_nets |      0|        0|Passed |Multi driven nets |
+------+------------------+-------+---------+-------+------------------+
---------------------------------------------------------------------------------
Start Renaming Generated Instances
---------------------------------------------------------------------------------
---------------------------------------------------------------------------------
Finished Renaming Generated Instances : Time (s): cpu = 00:00:20 ; elapsed = 00:00:23 . Memory (MB): peak = 757.758 ; gain = 503.027
---------------------------------------------------------------------------------

Report RTL Partitions: 
+-+--------------+------------+----------+
| |RTL Partition |Replication |Instances |
+-+--------------+------------+----------+
+-+--------------+------------+----------+
---------------------------------------------------------------------------------
Start Rebuilding User Hierarchy
---------------------------------------------------------------------------------
---------------------------------------------------------------------------------
Finished Rebuilding User Hierarchy : Time (s): cpu = 00:00:20 ; elapsed = 00:00:23 . Memory (MB): peak = 757.758 ; gain = 503.027
---------------------------------------------------------------------------------
---------------------------------------------------------------------------------
Start Renaming Generated Ports
---------------------------------------------------------------------------------
---------------------------------------------------------------------------------
Finished Renaming Generated Ports : Time (s): cpu = 00:00:20 ; elapsed = 00:00:23 . Memory (MB): peak = 757.758 ; gain = 503.027
---------------------------------------------------------------------------------
---------------------------------------------------------------------------------
Start Handling Custom Attributes
---------------------------------------------------------------------------------
---------------------------------------------------------------------------------
Finished Handling Custom Attributes : Time (s): cpu = 00:00:20 ; elapsed = 00:00:23 . Memory (MB): peak = 757.758 ; gain = 503.027
---------------------------------------------------------------------------------
---------------------------------------------------------------------------------
Start Renaming Generated Nets
---------------------------------------------------------------------------------
---------------------------------------------------------------------------------
Finished Renaming Generated Nets : Time (s): cpu = 00:00:20 ; elapsed = 00:00:23 . Memory (MB): peak = 757.758 ; gain = 503.027
---------------------------------------------------------------------------------
---------------------------------------------------------------------------------
Start Writing Synthesis Report
---------------------------------------------------------------------------------

Report BlackBoxes: 
+------+--------------+----------+
|      |BlackBox name |Instances |
+------+--------------+----------+
|1     |blk_mem_gen_0 |         1|
+------+--------------+----------+

Report Cell Usage: 
+------+--------------+------+
|      |Cell          |Count |
+------+--------------+------+
|1     |blk_mem_gen_0 |     1|
|2     |BUFG          |     1|
|3     |LUT1          |     1|
|4     |LUT2          |    13|
|5     |LUT3          |    16|
|6     |LUT4          |     8|
|7     |LUT5          |    18|
|8     |LUT6          |    59|
|9     |FDRE          |    63|
|10    |IBUF          |     4|
|11    |OBUF          |    30|
+------+--------------+------+

Report Instance Areas: 
+------+---------+-------+------+
|      |Instance |Module |Cells |
+------+---------+-------+------+
|1     |top      |       |   221|
|2     |  u_key  |ps2_rx |    91|
+------+---------+-------+------+
---------------------------------------------------------------------------------
Finished Writing Synthesis Report : Time (s): cpu = 00:00:20 ; elapsed = 00:00:23 . Memory (MB): peak = 757.758 ; gain = 503.027
---------------------------------------------------------------------------------
Synthesis finished with 0 errors, 0 critical warnings and 8 warnings.
Synthesis Optimization Runtime : Time (s): cpu = 00:00:12 ; elapsed = 00:00:18 . Memory (MB): peak = 757.758 ; gain = 168.078
Synthesis Optimization Complete : Time (s): cpu = 00:00:20 ; elapsed = 00:00:23 . Memory (MB): peak = 757.758 ; gain = 503.027
INFO: [Project 1-571] Translating synthesized netlist
INFO: [Netlist 29-17] Analyzing 4 Unisim elements for replacement
INFO: [Netlist 29-28] Unisim Transformation completed in 0 CPU seconds
INFO: [Project 1-570] Preparing netlist for logic optimization
INFO: [Opt 31-138] Pushed 0 inverter(s) to 0 load pin(s).
INFO: [Project 1-111] Unisim Transformation Summary:
No Unisim elements were transformed.

INFO: [Common 17-83] Releasing license: Synthesis
50 Infos, 17 Warnings, 0 Critical Warnings and 0 Errors encountered.
synth_design completed successfully
synth_design: Time (s): cpu = 00:00:22 ; elapsed = 00:00:26 . Memory (MB): peak = 757.758 ; gain = 514.512
INFO: [Common 17-1381] The checkpoint 'C:/Users/da949990/fpga_design_5722/lab_4/lab_4.runs/synth_1/top.dcp' has been generated.
INFO: [runtcl-4] Executing : report_utilization -file top_utilization_synth.rpt -pb top_utilization_synth.pb
report_utilization: Time (s): cpu = 00:00:00 ; elapsed = 00:00:00.010 . Memory (MB): peak = 757.758 ; gain = 0.000
INFO: [Common 17-206] Exiting Vivado at Thu Oct  1 12:39:23 2026...

*** Running vivado
    with args -log top.vds -m64 -product Vivado -mode batch -messageDb vivado.pb -notrace -source top.tcl


****** Vivado v2017.4 (64-bit)
  **** SW Build 2086221 on Fri Dec 15 20:55:39 MST 2017
  **** IP Build 2085800 on Fri Dec 15 22:25:07 MST 2017
    ** Copyright 1986-2017 Xilinx, Inc. All Rights Reserved.

source top.tcl -notrace
Command: synth_design -top top -part xc7a35tcpg236-1
Starting synth_design
Attempting to get a license for feature 'Synthesis' and/or device 'xc7a35t'
INFO: [Common 17-349] Got license for feature 'Synthesis' and/or device 'xc7a35t'
INFO: Launching helper process for spawning children vivado processes
INFO: Helper process launched with PID 3660 
---------------------------------------------------------------------------------
Starting RTL Elaboration : Time (s): cpu = 00:00:03 ; elapsed = 00:00:02 . Memory (MB): peak = 354.562 ; gain = 99.660
---------------------------------------------------------------------------------
INFO: [Synth 8-638] synthesizing module 'top' [C:/Users/da949990/fpga_design_5722/lab_4/lab_4.srcs/sources_1/new/top.v:29]
	Parameter FG_R bound to: 4'b0000 
	Parameter FG_G bound to: 4'b1111 
	Parameter FG_B bound to: 4'b0000 
	Parameter BRAM_LATENCY bound to: 1 - type: integer 
	Parameter GLYPH_E bound to: 4'b1010 
INFO: [Synth 8-5534] Detected attribute (* ASYNC_REG = "TRUE" *) [C:/Users/da949990/fpga_design_5722/lab_4/lab_4.srcs/sources_1/new/top.v:57]
INFO: [Synth 8-5534] Detected attribute (* ASYNC_REG = "TRUE" *) [C:/Users/da949990/fpga_design_5722/lab_4/lab_4.srcs/sources_1/new/top.v:58]
INFO: [Synth 8-638] synthesizing module 'ps2_rx' [C:/Users/da949990/fpga_design_5722/lab_4/lab_4.srcs/sources_1/new/top.v:260]
INFO: [Synth 8-5534] Detected attribute (* ASYNC_REG = "TRUE" *) [C:/Users/da949990/fpga_design_5722/lab_4/lab_4.srcs/sources_1/new/top.v:269]
INFO: [Synth 8-5534] Detected attribute (* ASYNC_REG = "TRUE" *) [C:/Users/da949990/fpga_design_5722/lab_4/lab_4.srcs/sources_1/new/top.v:270]
INFO: [Synth 8-256] done synthesizing module 'ps2_rx' (1#1) [C:/Users/da949990/fpga_design_5722/lab_4/lab_4.srcs/sources_1/new/top.v:260]
INFO: [Synth 8-638] synthesizing module 'blk_mem_gen_0' [C:/Users/da949990/fpga_design_5722/lab_4/lab_4.runs/synth_1/.Xil/Vivado-8704-CECS8QRHRY3/realtime/blk_mem_gen_0_stub.v:6]
INFO: [Synth 8-256] done synthesizing module 'blk_mem_gen_0' (2#1) [C:/Users/da949990/fpga_design_5722/lab_4/lab_4.runs/synth_1/.Xil/Vivado-8704-CECS8QRHRY3/realtime/blk_mem_gen_0_stub.v:6]
INFO: [Synth 8-256] done synthesizing module 'top' (3#1) [C:/Users/da949990/fpga_design_5722/lab_4/lab_4.srcs/sources_1/new/top.v:29]
WARNING: [Synth 8-3917] design top has port vgaRed[3] driven by constant 0
WARNING: [Synth 8-3917] design top has port vgaRed[2] driven by constant 0
WARNING: [Synth 8-3917] design top has port vgaRed[1] driven by constant 0
WARNING: [Synth 8-3917] design top has port vgaRed[0] driven by constant 0
WARNING: [Synth 8-3917] design top has port vgaBlue[3] driven by constant 0
WARNING: [Synth 8-3917] design top has port vgaBlue[2] driven by constant 0
WARNING: [Synth 8-3917] design top has port vgaBlue[1] driven by constant 0
WARNING: [Synth 8-3917] design top has port vgaBlue[0] driven by constant 0
---------------------------------------------------------------------------------
Finished RTL Elaboration : Time (s): cpu = 00:00:03 ; elapsed = 00:00:03 . Memory (MB): peak = 407.293 ; gain = 152.391
---------------------------------------------------------------------------------

Report Check Netlist: 
+------+------------------+-------+---------+-------+------------------+
|      |Item              |Errors |Warnings |Status |Description       |
+------+------------------+-------+---------+-------+------------------+
|1     |multi_driven_nets |      0|        0|Passed |Multi driven nets |
+------+------------------+-------+---------+-------+------------------+
---------------------------------------------------------------------------------
Finished RTL Optimization Phase 1 : Time (s): cpu = 00:00:03 ; elapsed = 00:00:03 . Memory (MB): peak = 407.293 ; gain = 152.391
---------------------------------------------------------------------------------
INFO: [Device 21-403] Loading part xc7a35tcpg236-1
INFO: [Project 1-570] Preparing netlist for logic optimization

Processing XDC Constraints
Initializing timing engine
Parsing XDC File [C:/Users/da949990/fpga_design_5722/lab_4/lab_4.runs/synth_1/.Xil/Vivado-8704-CECS8QRHRY3/dcp1/blk_mem_gen_0_in_context.xdc] for cell 'font_rom'
Finished Parsing XDC File [C:/Users/da949990/fpga_design_5722/lab_4/lab_4.runs/synth_1/.Xil/Vivado-8704-CECS8QRHRY3/dcp1/blk_mem_gen_0_in_context.xdc] for cell 'font_rom'
Parsing XDC File [C:/Users/da949990/fpga_design_5722/lab_4/vga_key.xdc]
Finished Parsing XDC File [C:/Users/da949990/fpga_design_5722/lab_4/vga_key.xdc]
INFO: [Project 1-236] Implementation specific constraints were found while reading constraint file [C:/Users/da949990/fpga_design_5722/lab_4/vga_key.xdc]. These constraints will be ignored for synthesis but will be used in implementation. Impacted constraints are listed in the file [.Xil/top_propImpl.xdc].
Resolution: To avoid this warning, move constraints listed in [.Xil/top_propImpl.xdc] to another XDC file and exclude this new file from synthesis with the used_in_synthesis property (File Properties dialog in GUI) and re-run elaboration/synthesis.
Completed Processing XDC Constraints

INFO: [Project 1-111] Unisim Transformation Summary:
No Unisim elements were transformed.

Constraint Validation Runtime : Time (s): cpu = 00:00:00 ; elapsed = 00:00:00.004 . Memory (MB): peak = 739.680 ; gain = 0.000
WARNING: [Timing 38-316] Clock period '20.000' specified during out-of-context synthesis of instance 'font_rom' at clock pin 'clka' is different from the actual clock period '10.000', this can lead to different synthesis results.
---------------------------------------------------------------------------------
Finished Constraint Validation : Time (s): cpu = 00:00:09 ; elapsed = 00:00:09 . Memory (MB): peak = 740.754 ; gain = 485.852
---------------------------------------------------------------------------------
---------------------------------------------------------------------------------
Start Loading Part and Timing Information
---------------------------------------------------------------------------------
Loading part: xc7a35tcpg236-1
---------------------------------------------------------------------------------
Finished Loading Part and Timing Information : Time (s): cpu = 00:00:09 ; elapsed = 00:00:09 . Memory (MB): peak = 740.754 ; gain = 485.852
---------------------------------------------------------------------------------
---------------------------------------------------------------------------------
Start Applying 'set_property' XDC Constraints
---------------------------------------------------------------------------------
Applied set_property DONT_TOUCH = true for font_rom. (constraint file  auto generated constraint, line ).
---------------------------------------------------------------------------------
Finished applying 'set_property' XDC Constraints : Time (s): cpu = 00:00:09 ; elapsed = 00:00:09 . Memory (MB): peak = 740.754 ; gain = 485.852
---------------------------------------------------------------------------------
INFO: [Synth 8-802] inferred FSM for state register 'bit_count_reg' in module 'ps2_rx'
INFO: [Synth 8-5544] ROM "parity_bit" won't be mapped to Block RAM because address size (4) smaller than threshold (5)
INFO: [Synth 8-5544] ROM "scan_code" won't be mapped to Block RAM because address size (4) smaller than threshold (5)
INFO: [Synth 8-5544] ROM "bit_count" won't be mapped to Block RAM because address size (4) smaller than threshold (5)
INFO: [Synth 8-5546] ROM "show" won't be mapped to RAM because it is too sparse
INFO: [Synth 8-5546] ROM "is_digit" won't be mapped to RAM because it is too sparse
INFO: [Synth 8-5587] ROM size for "digit_val" is below threshold of ROM address width. It will be mapped to LUTs
INFO: [Synth 8-5546] ROM "break_pending" won't be mapped to RAM because it is too sparse
INFO: [Synth 8-5546] ROM "extended" won't be mapped to RAM because it is too sparse
INFO: [Synth 8-5546] ROM "vertical_pixel" won't be mapped to RAM because it is too sparse
---------------------------------------------------------------------------------------------------
                   State |                     New Encoding |                Previous Encoding 
---------------------------------------------------------------------------------------------------
                  iSTATE |                             0000 |                             0000
                 iSTATE0 |                             0001 |                             0001
                 iSTATE1 |                             0010 |                             0010
                 iSTATE2 |                             0011 |                             0011
                 iSTATE3 |                             0100 |                             0100
                 iSTATE4 |                             0101 |                             0101
                 iSTATE5 |                             0110 |                             0110
                 iSTATE6 |                             0111 |                             0111
                 iSTATE7 |                             1000 |                             1000
                 iSTATE8 |                             1001 |                             1001
                 iSTATE9 |                             1010 |                             1010
---------------------------------------------------------------------------------------------------
INFO: [Synth 8-3354] encoded FSM with state register 'bit_count_reg' using encoding 'sequential' in module 'ps2_rx'
---------------------------------------------------------------------------------
Finished RTL Optimization Phase 2 : Time (s): cpu = 00:00:09 ; elapsed = 00:00:10 . Memory (MB): peak = 740.754 ; gain = 485.852
---------------------------------------------------------------------------------

Report RTL Partitions: 
+-+--------------+------------+----------+
| |RTL Partition |Replication |Instances |
+-+--------------+------------+----------+
+-+--------------+------------+----------+
---------------------------------------------------------------------------------
Start RTL Component Statistics 
---------------------------------------------------------------------------------
Detailed RTL Component Info : 
+---Adders : 
	   2 Input     10 Bit       Adders := 2     
	   2 Input      2 Bit       Adders := 1     
+---XORs : 
	   2 Input      1 Bit         XORs := 1     
+---XORs : 
	                8 Bit    Wide XORs := 1     
+---Registers : 
	               16 Bit    Registers := 1     
	               10 Bit    Registers := 2     
	                8 Bit    Registers := 2     
	                4 Bit    Registers := 1     
	                2 Bit    Registers := 3     
	                1 Bit    Registers := 8     
+---Muxes : 
	   2 Input     16 Bit        Muxes := 1     
	   3 Input     16 Bit        Muxes := 1     
	  11 Input      8 Bit        Muxes := 2     
	   2 Input      8 Bit        Muxes := 1     
	  11 Input      4 Bit        Muxes := 1     
	  21 Input      4 Bit        Muxes := 1     
	   2 Input      4 Bit        Muxes := 3     
	   5 Input      2 Bit        Muxes := 1     
	  11 Input      1 Bit        Muxes := 3     
	   2 Input      1 Bit        Muxes := 12    
	   4 Input      1 Bit        Muxes := 7     
	  21 Input      1 Bit        Muxes := 1     
---------------------------------------------------------------------------------
Finished RTL Component Statistics 
---------------------------------------------------------------------------------
---------------------------------------------------------------------------------
Start RTL Hierarchical Component Statistics 
---------------------------------------------------------------------------------
Hierarchical RTL Component report 
Module top 
Detailed RTL Component Info : 
+---Adders : 
	   2 Input     10 Bit       Adders := 2     
	   2 Input      2 Bit       Adders := 1     
+---Registers : 
	               16 Bit    Registers := 1     
	               10 Bit    Registers := 2     
	                8 Bit    Registers := 1     
	                4 Bit    Registers := 1     
	                2 Bit    Registers := 1     
	                1 Bit    Registers := 5     
+---Muxes : 
	   2 Input     16 Bit        Muxes := 1     
	   3 Input     16 Bit        Muxes := 1     
	  21 Input      4 Bit        Muxes := 1     
	   2 Input      4 Bit        Muxes := 3     
	   5 Input      2 Bit        Muxes := 1     
	   2 Input      1 Bit        Muxes := 11    
	   4 Input      1 Bit        Muxes := 7     
	  21 Input      1 Bit        Muxes := 1     
Module ps2_rx 
Detailed RTL Component Info : 
+---XORs : 
	   2 Input      1 Bit         XORs := 1     
+---XORs : 
	                8 Bit    Wide XORs := 1     
+---Registers : 
	                8 Bit    Registers := 1     
	                2 Bit    Registers := 2     
	                1 Bit    Registers := 3     
+---Muxes : 
	  11 Input      8 Bit        Muxes := 2     
	   2 Input      8 Bit        Muxes := 1     
	  11 Input      4 Bit        Muxes := 1     
	  11 Input      1 Bit        Muxes := 3     
	   2 Input      1 Bit        Muxes := 1     
---------------------------------------------------------------------------------
Finished RTL Hierarchical Component Statistics
---------------------------------------------------------------------------------
---------------------------------------------------------------------------------
Start Part Resource Summary
---------------------------------------------------------------------------------
Part Resources:
DSPs: 90 (col length:60)
BRAMs: 100 (col length: RAMB18 60 RAMB36 30)
---------------------------------------------------------------------------------
Finished Part Resource Summary
---------------------------------------------------------------------------------
---------------------------------------------------------------------------------
Start Cross Boundary and Area Optimization
---------------------------------------------------------------------------------
INFO: [Synth 8-5546] ROM "vertical_pixel" won't be mapped to RAM because it is too sparse
INFO: [Synth 8-5546] ROM "break_pending" won't be mapped to RAM because it is too sparse
INFO: [Synth 8-5546] ROM "show" won't be mapped to RAM because it is too sparse
INFO: [Synth 8-5546] ROM "extended" won't be mapped to RAM because it is too sparse
INFO: [Synth 8-5546] ROM "is_digit" won't be mapped to RAM because it is too sparse
INFO: [Synth 8-5587] ROM size for "digit_val" is below threshold of ROM address width. It will be mapped to LUTs
WARNING: [Synth 8-3917] design top has port vgaRed[3] driven by constant 0
WARNING: [Synth 8-3917] design top has port vgaRed[2] driven by constant 0
WARNING: [Synth 8-3917] design top has port vgaRed[1] driven by constant 0
WARNING: [Synth 8-3917] design top has port vgaRed[0] driven by constant 0
WARNING: [Synth 8-3917] design top has port vgaBlue[3] driven by constant 0
WARNING: [Synth 8-3917] design top has port vgaBlue[2] driven by constant 0
WARNING: [Synth 8-3917] design top has port vgaBlue[1] driven by constant 0
WARNING: [Synth 8-3917] design top has port vgaBlue[0] driven by constant 0
INFO: [Synth 8-3886] merging instance 'led_reg[4]' (FDRE) to 'led_reg[5]'
INFO: [Synth 8-3886] merging instance 'led_reg[5]' (FDRE) to 'led_reg[6]'
INFO: [Synth 8-3886] merging instance 'led_reg[6]' (FDRE) to 'led_reg[7]'
INFO: [Synth 8-3886] merging instance 'led_reg[7]' (FDRE) to 'led_reg[8]'
INFO: [Synth 8-3886] merging instance 'led_reg[8]' (FDRE) to 'led_reg[9]'
INFO: [Synth 8-3886] merging instance 'led_reg[9]' (FDRE) to 'led_reg[10]'
INFO: [Synth 8-3886] merging instance 'led_reg[10]' (FDRE) to 'led_reg[11]'
INFO: [Synth 8-3886] merging instance 'led_reg[11]' (FDRE) to 'led_reg[12]'
INFO: [Synth 8-3886] merging instance 'led_reg[12]' (FDRE) to 'led_reg[13]'
INFO: [Synth 8-3886] merging instance 'led_reg[13]' (FDRE) to 'led_reg[14]'
INFO: [Synth 8-3886] merging instance 'led_reg[14]' (FDRE) to 'led_reg[15]'
---------------------------------------------------------------------------------
Finished Cross Boundary and Area Optimization : Time (s): cpu = 00:00:09 ; elapsed = 00:00:10 . Memory (MB): peak = 740.754 ; gain = 485.852
---------------------------------------------------------------------------------

Report RTL Partitions: 
+-+--------------+------------+----------+
| |RTL Partition |Replication |Instances |
+-+--------------+------------+----------+
+-+--------------+------------+----------+
---------------------------------------------------------------------------------
Start Applying XDC Timing Constraints
---------------------------------------------------------------------------------
---------------------------------------------------------------------------------
Finished Applying XDC Timing Constraints : Time (s): cpu = 00:00:13 ; elapsed = 00:00:14 . Memory (MB): peak = 740.754 ; gain = 485.852
---------------------------------------------------------------------------------
---------------------------------------------------------------------------------
Start Timing Optimization
---------------------------------------------------------------------------------
---------------------------------------------------------------------------------
Finished Timing Optimization : Time (s): cpu = 00:00:14 ; elapsed = 00:00:14 . Memory (MB): peak = 753.863 ; gain = 498.961
---------------------------------------------------------------------------------

Report RTL Partitions: 
+-+--------------+------------+----------+
| |RTL Partition |Replication |Instances |
+-+--------------+------------+----------+
+-+--------------+------------+----------+
---------------------------------------------------------------------------------
Start Technology Mapping
---------------------------------------------------------------------------------
---------------------------------------------------------------------------------
Finished Technology Mapping : Time (s): cpu = 00:00:14 ; elapsed = 00:00:14 . Memory (MB): peak = 755.801 ; gain = 500.898
---------------------------------------------------------------------------------

Report RTL Partitions: 
+-+--------------+------------+----------+
| |RTL Partition |Replication |Instances |
+-+--------------+------------+----------+
+-+--------------+------------+----------+
---------------------------------------------------------------------------------
Start IO Insertion
---------------------------------------------------------------------------------
---------------------------------------------------------------------------------
Start Flattening Before IO Insertion
---------------------------------------------------------------------------------
---------------------------------------------------------------------------------
Finished Flattening Before IO Insertion
---------------------------------------------------------------------------------
---------------------------------------------------------------------------------
Start Final Netlist Cleanup
---------------------------------------------------------------------------------
---------------------------------------------------------------------------------
Finished Final Netlist Cleanup
---------------------------------------------------------------------------------
---------------------------------------------------------------------------------
Finished IO Insertion : Time (s): cpu = 00:00:14 ; elapsed = 00:00:15 . Memory (MB): peak = 755.801 ; gain = 500.898
---------------------------------------------------------------------------------

Report Check Netlist: 
+------+------------------+-------+---------+-------+------------------+
|      |Item              |Errors |Warnings |Status |Description       |
+------+------------------+-------+---------+-------+------------------+
|1     |multi_driven_nets |      0|        0|Passed |Multi driven nets |
+------+------------------+-------+---------+-------+------------------+
---------------------------------------------------------------------------------
Start Renaming Generated Instances
---------------------------------------------------------------------------------
---------------------------------------------------------------------------------
Finished Renaming Generated Instances : Time (s): cpu = 00:00:14 ; elapsed = 00:00:15 . Memory (MB): peak = 755.801 ; gain = 500.898
---------------------------------------------------------------------------------

Report RTL Partitions: 
+-+--------------+------------+----------+
| |RTL Partition |Replication |Instances |
+-+--------------+------------+----------+
+-+--------------+------------+----------+
---------------------------------------------------------------------------------
Start Rebuilding User Hierarchy
---------------------------------------------------------------------------------
---------------------------------------------------------------------------------
Finished Rebuilding User Hierarchy : Time (s): cpu = 00:00:14 ; elapsed = 00:00:15 . Memory (MB): peak = 755.801 ; gain = 500.898
---------------------------------------------------------------------------------
---------------------------------------------------------------------------------
Start Renaming Generated Ports
---------------------------------------------------------------------------------
---------------------------------------------------------------------------------
Finished Renaming Generated Ports : Time (s): cpu = 00:00:14 ; elapsed = 00:00:15 . Memory (MB): peak = 755.801 ; gain = 500.898
---------------------------------------------------------------------------------
---------------------------------------------------------------------------------
Start Handling Custom Attributes
---------------------------------------------------------------------------------
---------------------------------------------------------------------------------
Finished Handling Custom Attributes : Time (s): cpu = 00:00:14 ; elapsed = 00:00:15 . Memory (MB): peak = 755.801 ; gain = 500.898
---------------------------------------------------------------------------------
---------------------------------------------------------------------------------
Start Renaming Generated Nets
---------------------------------------------------------------------------------
---------------------------------------------------------------------------------
Finished Renaming Generated Nets : Time (s): cpu = 00:00:14 ; elapsed = 00:00:15 . Memory (MB): peak = 755.801 ; gain = 500.898
---------------------------------------------------------------------------------
---------------------------------------------------------------------------------
Start Writing Synthesis Report
---------------------------------------------------------------------------------

Report BlackBoxes: 
+------+--------------+----------+
|      |BlackBox name |Instances |
+------+--------------+----------+
|1     |blk_mem_gen_0 |         1|
+------+--------------+----------+

Report Cell Usage: 
+------+--------------+------+
|      |Cell          |Count |
+------+--------------+------+
|1     |blk_mem_gen_0 |     1|
|2     |BUFG          |     1|
|3     |LUT1          |     1|
|4     |LUT2          |    13|
|5     |LUT3          |    16|
|6     |LUT4          |     8|
|7     |LUT5          |    18|
|8     |LUT6          |    59|
|9     |FDRE          |    63|
|10    |IBUF          |     4|
|11    |OBUF          |    30|
+------+--------------+------+

Report Instance Areas: 
+------+---------+-------+------+
|      |Instance |Module |Cells |
+------+---------+-------+------+
|1     |top      |       |   221|
|2     |  u_key  |ps2_rx |    91|
+------+---------+-------+------+
---------------------------------------------------------------------------------
Finished Writing Synthesis Report : Time (s): cpu = 00:00:14 ; elapsed = 00:00:15 . Memory (MB): peak = 755.801 ; gain = 500.898
---------------------------------------------------------------------------------
Synthesis finished with 0 errors, 0 critical warnings and 8 warnings.
Synthesis Optimization Runtime : Time (s): cpu = 00:00:08 ; elapsed = 00:00:11 . Memory (MB): peak = 755.801 ; gain = 167.438
Synthesis Optimization Complete : Time (s): cpu = 00:00:14 ; elapsed = 00:00:15 . Memory (MB): peak = 755.801 ; gain = 500.898
INFO: [Project 1-571] Translating synthesized netlist
INFO: [Netlist 29-17] Analyzing 4 Unisim elements for replacement
INFO: [Netlist 29-28] Unisim Transformation completed in 0 CPU seconds
INFO: [Project 1-570] Preparing netlist for logic optimization
INFO: [Opt 31-138] Pushed 0 inverter(s) to 0 load pin(s).
INFO: [Project 1-111] Unisim Transformation Summary:
No Unisim elements were transformed.

INFO: [Common 17-83] Releasing license: Synthesis
50 Infos, 17 Warnings, 0 Critical Warnings and 0 Errors encountered.
synth_design completed successfully
synth_design: Time (s): cpu = 00:00:14 ; elapsed = 00:00:17 . Memory (MB): peak = 755.801 ; gain = 512.387
INFO: [Common 17-1381] The checkpoint 'C:/Users/da949990/fpga_design_5722/lab_4/lab_4.runs/synth_1/top.dcp' has been generated.
INFO: [runtcl-4] Executing : report_utilization -file top_utilization_synth.rpt -pb top_utilization_synth.pb
report_utilization: Time (s): cpu = 00:00:00 ; elapsed = 00:00:00.010 . Memory (MB): peak = 755.801 ; gain = 0.000
INFO: [Common 17-206] Exiting Vivado at Thu Oct  1 12:47:38 2026...

*** Running vivado
    with args -log top.vds -m64 -product Vivado -mode batch -messageDb vivado.pb -notrace -source top.tcl


****** Vivado v2017.4 (64-bit)
  **** SW Build 2086221 on Fri Dec 15 20:55:39 MST 2017
  **** IP Build 2085800 on Fri Dec 15 22:25:07 MST 2017
    ** Copyright 1986-2017 Xilinx, Inc. All Rights Reserved.

source top.tcl -notrace
Command: synth_design -top top -part xc7a35tcpg236-1
Starting synth_design
Attempting to get a license for feature 'Synthesis' and/or device 'xc7a35t'
INFO: [Common 17-349] Got license for feature 'Synthesis' and/or device 'xc7a35t'
INFO: Launching helper process for spawning children vivado processes
INFO: Helper process launched with PID 48052 
---------------------------------------------------------------------------------
Starting RTL Elaboration : Time (s): cpu = 00:00:04 ; elapsed = 00:00:05 . Memory (MB): peak = 355.270 ; gain = 100.551
---------------------------------------------------------------------------------
INFO: [Synth 8-638] synthesizing module 'top' [C:/Users/da949990/fpga_design_5722/lab_4/lab_4.srcs/sources_1/new/top.v:29]
	Parameter FG_R bound to: 4'b0000 
	Parameter FG_G bound to: 4'b1111 
	Parameter FG_B bound to: 4'b0000 
	Parameter BRAM_LATENCY bound to: 1 - type: integer 
	Parameter GLYPH_E bound to: 4'b1010 
INFO: [Synth 8-5534] Detected attribute (* ASYNC_REG = "TRUE" *) [C:/Users/da949990/fpga_design_5722/lab_4/lab_4.srcs/sources_1/new/top.v:57]
INFO: [Synth 8-5534] Detected attribute (* ASYNC_REG = "TRUE" *) [C:/Users/da949990/fpga_design_5722/lab_4/lab_4.srcs/sources_1/new/top.v:58]
INFO: [Synth 8-638] synthesizing module 'ps2_rx' [C:/Users/da949990/fpga_design_5722/lab_4/lab_4.srcs/sources_1/new/top.v:260]
INFO: [Synth 8-5534] Detected attribute (* ASYNC_REG = "TRUE" *) [C:/Users/da949990/fpga_design_5722/lab_4/lab_4.srcs/sources_1/new/top.v:269]
INFO: [Synth 8-5534] Detected attribute (* ASYNC_REG = "TRUE" *) [C:/Users/da949990/fpga_design_5722/lab_4/lab_4.srcs/sources_1/new/top.v:270]
INFO: [Synth 8-256] done synthesizing module 'ps2_rx' (1#1) [C:/Users/da949990/fpga_design_5722/lab_4/lab_4.srcs/sources_1/new/top.v:260]
INFO: [Synth 8-638] synthesizing module 'blk_mem_gen_0' [c:/Users/da949990/fpga_design_5722/lab_4/lab_4.srcs/sources_1/ip/blk_mem_gen_0/synth/blk_mem_gen_0.vhd:67]
	Parameter C_FAMILY bound to: artix7 - type: string 
	Parameter C_XDEVICEFAMILY bound to: artix7 - type: string 
	Parameter C_ELABORATION_DIR bound to: ./ - type: string 
	Parameter C_INTERFACE_TYPE bound to: 0 - type: integer 
	Parameter C_AXI_TYPE bound to: 1 - type: integer 
	Parameter C_AXI_SLAVE_TYPE bound to: 0 - type: integer 
	Parameter C_USE_BRAM_BLOCK bound to: 0 - type: integer 
	Parameter C_ENABLE_32BIT_ADDRESS bound to: 0 - type: integer 
	Parameter C_CTRL_ECC_ALGO bound to: NONE - type: string 
	Parameter C_HAS_AXI_ID bound to: 0 - type: integer 
	Parameter C_AXI_ID_WIDTH bound to: 4 - type: integer 
	Parameter C_MEM_TYPE bound to: 3 - type: integer 
	Parameter C_BYTE_SIZE bound to: 9 - type: integer 
	Parameter C_ALGORITHM bound to: 1 - type: integer 
	Parameter C_PRIM_TYPE bound to: 1 - type: integer 
	Parameter C_LOAD_INIT_FILE bound to: 1 - type: integer 
	Parameter C_INIT_FILE_NAME bound to: blk_mem_gen_0.mif - type: string 
	Parameter C_INIT_FILE bound to: blk_mem_gen_0.mem - type: string 
	Parameter C_USE_DEFAULT_DATA bound to: 0 - type: integer 
	Parameter C_DEFAULT_DATA bound to: 0 - type: string 
	Parameter C_HAS_RSTA bound to: 0 - type: integer 
	Parameter C_RST_PRIORITY_A bound to: CE - type: string 
	Parameter C_RSTRAM_A bound to: 0 - type: integer 
	Parameter C_INITA_VAL bound to: 0 - type: string 
	Parameter C_HAS_ENA bound to: 0 - type: integer 
	Parameter C_HAS_REGCEA bound to: 0 - type: integer 
	Parameter C_USE_BYTE_WEA bound to: 0 - type: integer 
	Parameter C_WEA_WIDTH bound to: 1 - type: integer 
	Parameter C_WRITE_MODE_A bound to: WRITE_FIRST - type: string 
	Parameter C_WRITE_WIDTH_A bound to: 8 - type: integer 
	Parameter C_READ_WIDTH_A bound to: 8 - type: integer 
	Parameter C_WRITE_DEPTH_A bound to: 128 - type: integer 
	Parameter C_READ_DEPTH_A bound to: 128 - type: integer 
	Parameter C_ADDRA_WIDTH bound to: 7 - type: integer 
	Parameter C_HAS_RSTB bound to: 0 - type: integer 
	Parameter C_RST_PRIORITY_B bound to: CE - type: string 
	Parameter C_RSTRAM_B bound to: 0 - type: integer 
	Parameter C_INITB_VAL bound to: 0 - type: string 
	Parameter C_HAS_ENB bound to: 0 - type: integer 
	Parameter C_HAS_REGCEB bound to: 0 - type: integer 
	Parameter C_USE_BYTE_WEB bound to: 0 - type: integer 
	Parameter C_WEB_WIDTH bound to: 1 - type: integer 
	Parameter C_WRITE_MODE_B bound to: WRITE_FIRST - type: string 
	Parameter C_WRITE_WIDTH_B bound to: 8 - type: integer 
	Parameter C_READ_WIDTH_B bound to: 8 - type: integer 
	Parameter C_WRITE_DEPTH_B bound to: 128 - type: integer 
	Parameter C_READ_DEPTH_B bound to: 128 - type: integer 
	Parameter C_ADDRB_WIDTH bound to: 7 - type: integer 
	Parameter C_HAS_MEM_OUTPUT_REGS_A bound to: 1 - type: integer 
	Parameter C_HAS_MEM_OUTPUT_REGS_B bound to: 0 - type: integer 
	Parameter C_HAS_MUX_OUTPUT_REGS_A bound to: 0 - type: integer 
	Parameter C_HAS_MUX_OUTPUT_REGS_B bound to: 0 - type: integer 
	Parameter C_MUX_PIPELINE_STAGES bound to: 0 - type: integer 
	Parameter C_HAS_SOFTECC_INPUT_REGS_A bound to: 0 - type: integer 
	Parameter C_HAS_SOFTECC_OUTPUT_REGS_B bound to: 0 - type: integer 
	Parameter C_USE_SOFTECC bound to: 0 - type: integer 
	Parameter C_USE_ECC bound to: 0 - type: integer 
	Parameter C_EN_ECC_PIPE bound to: 0 - type: integer 
	Parameter C_HAS_INJECTERR bound to: 0 - type: integer 
	Parameter C_SIM_COLLISION_CHECK bound to: ALL - type: string 
	Parameter C_COMMON_CLK bound to: 0 - type: integer 
	Parameter C_DISABLE_WARN_BHV_COLL bound to: 0 - type: integer 
	Parameter C_EN_SLEEP_PIN bound to: 0 - type: integer 
	Parameter C_USE_URAM bound to: 0 - type: integer 
	Parameter C_EN_RDADDRA_CHG bound to: 0 - type: integer 
	Parameter C_EN_RDADDRB_CHG bound to: 0 - type: integer 
	Parameter C_EN_DEEPSLEEP_PIN bound to: 0 - type: integer 
	Parameter C_EN_SHUTDOWN_PIN bound to: 0 - type: integer 
	Parameter C_EN_SAFETY_CKT bound to: 0 - type: integer 
	Parameter C_DISABLE_WARN_BHV_RANGE bound to: 0 - type: integer 
	Parameter C_COUNT_36K_BRAM bound to: 0 - type: string 
	Parameter C_COUNT_18K_BRAM bound to: 1 - type: string 
	Parameter C_EST_POWER_SUMMARY bound to: Estimated Power for IP     :     2.3768 mW - type: string 
INFO: [Synth 8-3491] module 'blk_mem_gen_v8_4_1' declared at 'c:/Users/da949990/fpga_design_5722/lab_4/lab_4.srcs/sources_1/ip/blk_mem_gen_0/hdl/blk_mem_gen_v8_4_vhsyn_rfs.vhd:195313' bound to instance 'U0' of component 'blk_mem_gen_v8_4_1' [c:/Users/da949990/fpga_design_5722/lab_4/lab_4.srcs/sources_1/ip/blk_mem_gen_0/synth/blk_mem_gen_0.vhd:228]
INFO: [Synth 8-256] done synthesizing module 'blk_mem_gen_0' (10#1) [c:/Users/da949990/fpga_design_5722/lab_4/lab_4.srcs/sources_1/ip/blk_mem_gen_0/synth/blk_mem_gen_0.vhd:67]
INFO: [Synth 8-256] done synthesizing module 'top' (11#1) [C:/Users/da949990/fpga_design_5722/lab_4/lab_4.srcs/sources_1/new/top.v:29]
WARNING: [Synth 8-3917] design top has port vgaRed[3] driven by constant 0
WARNING: [Synth 8-3917] design top has port vgaRed[2] driven by constant 0
WARNING: [Synth 8-3917] design top has port vgaRed[1] driven by constant 0
WARNING: [Synth 8-3917] design top has port vgaRed[0] driven by constant 0
WARNING: [Synth 8-3917] design top has port vgaBlue[3] driven by constant 0
WARNING: [Synth 8-3917] design top has port vgaBlue[2] driven by constant 0
WARNING: [Synth 8-3917] design top has port vgaBlue[1] driven by constant 0
WARNING: [Synth 8-3917] design top has port vgaBlue[0] driven by constant 0
WARNING: [Synth 8-3331] design blk_mem_gen_prim_wrapper_init has unconnected port SSRA
WARNING: [Synth 8-3331] design blk_mem_gen_prim_wrapper_init has unconnected port CLKB
WARNING: [Synth 8-3331] design blk_mem_gen_prim_wrapper_init has unconnected port SSRB
WARNING: [Synth 8-3331] design blk_mem_gen_prim_wrapper_init has unconnected port ENB
WARNING: [Synth 8-3331] design blk_mem_gen_prim_wrapper_init has unconnected port REGCEB
WARNING: [Synth 8-3331] design blk_mem_gen_prim_wrapper_init has unconnected port WEB[0]
WARNING: [Synth 8-3331] design blk_mem_gen_prim_wrapper_init has unconnected port ADDRB[8]
WARNING: [Synth 8-3331] design blk_mem_gen_prim_wrapper_init has unconnected port ADDRB[7]
WARNING: [Synth 8-3331] design blk_mem_gen_prim_wrapper_init has unconnected port ADDRB[6]
WARNING: [Synth 8-3331] design blk_mem_gen_prim_wrapper_init has unconnected port ADDRB[5]
WARNING: [Synth 8-3331] design blk_mem_gen_prim_wrapper_init has unconnected port ADDRB[4]
WARNING: [Synth 8-3331] design blk_mem_gen_prim_wrapper_init has unconnected port ADDRB[3]
WARNING: [Synth 8-3331] design blk_mem_gen_prim_wrapper_init has unconnected port ADDRB[2]
WARNING: [Synth 8-3331] design blk_mem_gen_prim_wrapper_init has unconnected port ADDRB[1]
WARNING: [Synth 8-3331] design blk_mem_gen_prim_wrapper_init has unconnected port ADDRB[0]
WARNING: [Synth 8-3331] design blk_mem_gen_prim_wrapper_init has unconnected port DINB[35]
WARNING: [Synth 8-3331] design blk_mem_gen_prim_wrapper_init has unconnected port DINB[34]
WARNING: [Synth 8-3331] design blk_mem_gen_prim_wrapper_init has unconnected port DINB[33]
WARNING: [Synth 8-3331] design blk_mem_gen_prim_wrapper_init has unconnected port DINB[32]
WARNING: [Synth 8-3331] design blk_mem_gen_prim_wrapper_init has unconnected port DINB[31]
WARNING: [Synth 8-3331] design blk_mem_gen_prim_wrapper_init has unconnected port DINB[30]
WARNING: [Synth 8-3331] design blk_mem_gen_prim_wrapper_init has unconnected port DINB[29]
WARNING: [Synth 8-3331] design blk_mem_gen_prim_wrapper_init has unconnected port DINB[28]
WARNING: [Synth 8-3331] design blk_mem_gen_prim_wrapper_init has unconnected port DINB[27]
WARNING: [Synth 8-3331] design blk_mem_gen_prim_wrapper_init has unconnected port DINB[26]
WARNING: [Synth 8-3331] design blk_mem_gen_prim_wrapper_init has unconnected port DINB[25]
WARNING: [Synth 8-3331] design blk_mem_gen_prim_wrapper_init has unconnected port DINB[24]
WARNING: [Synth 8-3331] design blk_mem_gen_prim_wrapper_init has unconnected port DINB[23]
WARNING: [Synth 8-3331] design blk_mem_gen_prim_wrapper_init has unconnected port DINB[22]
WARNING: [Synth 8-3331] design blk_mem_gen_prim_wrapper_init has unconnected port DINB[21]
WARNING: [Synth 8-3331] design blk_mem_gen_prim_wrapper_init has unconnected port DINB[20]
WARNING: [Synth 8-3331] design blk_mem_gen_prim_wrapper_init has unconnected port DINB[19]
WARNING: [Synth 8-3331] design blk_mem_gen_prim_wrapper_init has unconnected port DINB[18]
WARNING: [Synth 8-3331] design blk_mem_gen_prim_wrapper_init has unconnected port DINB[17]
WARNING: [Synth 8-3331] design blk_mem_gen_prim_wrapper_init has unconnected port DINB[16]
WARNING: [Synth 8-3331] design blk_mem_gen_prim_wrapper_init has unconnected port DINB[15]
WARNING: [Synth 8-3331] design blk_mem_gen_prim_wrapper_init has unconnected port DINB[14]
WARNING: [Synth 8-3331] design blk_mem_gen_prim_wrapper_init has unconnected port DINB[13]
WARNING: [Synth 8-3331] design blk_mem_gen_prim_wrapper_init has unconnected port DINB[12]
WARNING: [Synth 8-3331] design blk_mem_gen_prim_wrapper_init has unconnected port DINB[11]
WARNING: [Synth 8-3331] design blk_mem_gen_prim_wrapper_init has unconnected port DINB[10]
WARNING: [Synth 8-3331] design blk_mem_gen_prim_wrapper_init has unconnected port DINB[9]
WARNING: [Synth 8-3331] design blk_mem_gen_prim_wrapper_init has unconnected port DINB[8]
WARNING: [Synth 8-3331] design blk_mem_gen_prim_wrapper_init has unconnected port DINB[7]
WARNING: [Synth 8-3331] design blk_mem_gen_prim_wrapper_init has unconnected port DINB[6]
WARNING: [Synth 8-3331] design blk_mem_gen_prim_wrapper_init has unconnected port DINB[5]
WARNING: [Synth 8-3331] design blk_mem_gen_prim_wrapper_init has unconnected port DINB[4]
WARNING: [Synth 8-3331] design blk_mem_gen_prim_wrapper_init has unconnected port DINB[3]
WARNING: [Synth 8-3331] design blk_mem_gen_prim_wrapper_init has unconnected port DINB[2]
WARNING: [Synth 8-3331] design blk_mem_gen_prim_wrapper_init has unconnected port DINB[1]
WARNING: [Synth 8-3331] design blk_mem_gen_prim_wrapper_init has unconnected port DINB[0]
WARNING: [Synth 8-3331] design blk_mem_gen_prim_wrapper_init has unconnected port SLEEP
WARNING: [Synth 8-3331] design blk_mem_gen_prim_wrapper_init has unconnected port INJECTSBITERR
WARNING: [Synth 8-3331] design blk_mem_gen_prim_wrapper_init has unconnected port INJECTDBITERR
WARNING: [Synth 8-3331] design blk_mem_gen_prim_wrapper_init has unconnected port ECCPIPECE
WARNING: [Synth 8-3331] design blk_mem_gen_prim_wrapper_init has unconnected port ram_rstram_b
WARNING: [Synth 8-3331] design blk_mem_gen_prim_wrapper_init has unconnected port ram_rstreg_b
WARNING: [Synth 8-3331] design blk_mem_gen_generic_cstr has unconnected port RSTA[0]
WARNING: [Synth 8-3331] design blk_mem_gen_generic_cstr has unconnected port REGCEB[0]
WARNING: [Synth 8-3331] design blk_mem_gen_generic_cstr has unconnected port INJECTSBITERR
WARNING: [Synth 8-3331] design blk_mem_gen_generic_cstr has unconnected port INJECTDBITERR
WARNING: [Synth 8-3331] design blk_mem_output_block has unconnected port CLKB
WARNING: [Synth 8-3331] design blk_mem_output_block has unconnected port DOUTB_I[7]
WARNING: [Synth 8-3331] design blk_mem_output_block has unconnected port DOUTB_I[6]
WARNING: [Synth 8-3331] design blk_mem_output_block has unconnected port DOUTB_I[5]
WARNING: [Synth 8-3331] design blk_mem_output_block has unconnected port DOUTB_I[4]
WARNING: [Synth 8-3331] design blk_mem_output_block has unconnected port DOUTB_I[3]
WARNING: [Synth 8-3331] design blk_mem_output_block has unconnected port DOUTB_I[2]
WARNING: [Synth 8-3331] design blk_mem_output_block has unconnected port DOUTB_I[1]
WARNING: [Synth 8-3331] design blk_mem_output_block has unconnected port DOUTB_I[0]
WARNING: [Synth 8-3331] design blk_mem_output_block has unconnected port SBITERR_I
WARNING: [Synth 8-3331] design blk_mem_output_block has unconnected port DBITERR_I
WARNING: [Synth 8-3331] design blk_mem_output_block has unconnected port RDADDRECC_I[6]
WARNING: [Synth 8-3331] design blk_mem_output_block has unconnected port RDADDRECC_I[5]
WARNING: [Synth 8-3331] design blk_mem_output_block has unconnected port RDADDRECC_I[4]
WARNING: [Synth 8-3331] design blk_mem_output_block has unconnected port RDADDRECC_I[3]
WARNING: [Synth 8-3331] design blk_mem_output_block has unconnected port RDADDRECC_I[2]
WARNING: [Synth 8-3331] design blk_mem_output_block has unconnected port RDADDRECC_I[1]
WARNING: [Synth 8-3331] design blk_mem_output_block has unconnected port RDADDRECC_I[0]
WARNING: [Synth 8-3331] design blk_mem_input_block has unconnected port RSTA
WARNING: [Synth 8-3331] design blk_mem_input_block has unconnected port ENA
WARNING: [Synth 8-3331] design blk_mem_input_block has unconnected port REGCEA
WARNING: [Synth 8-3331] design blk_mem_input_block has unconnected port WEA[0]
WARNING: [Synth 8-3331] design blk_mem_input_block has unconnected port DINA[7]
WARNING: [Synth 8-3331] design blk_mem_input_block has unconnected port DINA[6]
WARNING: [Synth 8-3331] design blk_mem_input_block has unconnected port DINA[5]
WARNING: [Synth 8-3331] design blk_mem_input_block has unconnected port DINA[4]
WARNING: [Synth 8-3331] design blk_mem_input_block has unconnected port DINA[3]
WARNING: [Synth 8-3331] design blk_mem_input_block has unconnected port DINA[2]
WARNING: [Synth 8-3331] design blk_mem_input_block has unconnected port DINA[1]
WARNING: [Synth 8-3331] design blk_mem_input_block has unconnected port DINA[0]
WARNING: [Synth 8-3331] design blk_mem_input_block has unconnected port CLKB
WARNING: [Synth 8-3331] design blk_mem_input_block has unconnected port RSTB
WARNING: [Synth 8-3331] design blk_mem_input_block has unconnected port ENB
WARNING: [Synth 8-3331] design blk_mem_input_block has unconnected port REGCEB
WARNING: [Synth 8-3331] design blk_mem_input_block has unconnected port WEB[0]
WARNING: [Synth 8-3331] design blk_mem_input_block has unconnected port ADDRB[6]
WARNING: [Synth 8-3331] design blk_mem_input_block has unconnected port ADDRB[5]
WARNING: [Synth 8-3331] design blk_mem_input_block has unconnected port ADDRB[4]
WARNING: [Synth 8-3331] design blk_mem_input_block has unconnected port ADDRB[3]
INFO: [Common 17-14] Message 'Synth 8-3331' appears 100 times and further instances of the messages will be disabled. Use the Tcl command set_msg_config to change the current settings.
---------------------------------------------------------------------------------
Finished RTL Elaboration : Time (s): cpu = 00:00:54 ; elapsed = 00:00:57 . Memory (MB): peak = 615.207 ; gain = 360.488
---------------------------------------------------------------------------------

Report Check Netlist: 
+------+------------------+-------+---------+-------+------------------+
|      |Item              |Errors |Warnings |Status |Description       |
+------+------------------+-------+---------+-------+------------------+
|1     |multi_driven_nets |      0|        0|Passed |Multi driven nets |
+------+------------------+-------+---------+-------+------------------+
---------------------------------------------------------------------------------
Finished RTL Optimization Phase 1 : Time (s): cpu = 00:00:54 ; elapsed = 00:00:57 . Memory (MB): peak = 615.207 ; gain = 360.488
---------------------------------------------------------------------------------
INFO: [Netlist 29-17] Analyzing 1 Unisim elements for replacement
INFO: [Netlist 29-28] Unisim Transformation completed in 0 CPU seconds
INFO: [Device 21-403] Loading part xc7a35tcpg236-1
INFO: [Project 1-570] Preparing netlist for logic optimization

Processing XDC Constraints
Initializing timing engine
Parsing XDC File [C:/Users/da949990/fpga_design_5722/lab_4/vga_key.xdc]
Finished Parsing XDC File [C:/Users/da949990/fpga_design_5722/lab_4/vga_key.xdc]
INFO: [Project 1-236] Implementation specific constraints were found while reading constraint file [C:/Users/da949990/fpga_design_5722/lab_4/vga_key.xdc]. These constraints will be ignored for synthesis but will be used in implementation. Impacted constraints are listed in the file [.Xil/top_propImpl.xdc].
Resolution: To avoid this warning, move constraints listed in [.Xil/top_propImpl.xdc] to another XDC file and exclude this new file from synthesis with the used_in_synthesis property (File Properties dialog in GUI) and re-run elaboration/synthesis.
Parsing XDC File [C:/Users/da949990/fpga_design_5722/lab_4/lab_4.runs/synth_1/dont_touch.xdc]
Finished Parsing XDC File [C:/Users/da949990/fpga_design_5722/lab_4/lab_4.runs/synth_1/dont_touch.xdc]
Completed Processing XDC Constraints

INFO: [Project 1-111] Unisim Transformation Summary:
No Unisim elements were transformed.

Constraint Validation Runtime : Time (s): cpu = 00:00:00 ; elapsed = 00:00:00.003 . Memory (MB): peak = 705.523 ; gain = 0.000
---------------------------------------------------------------------------------
Finished Constraint Validation : Time (s): cpu = 00:01:02 ; elapsed = 00:01:07 . Memory (MB): peak = 705.523 ; gain = 450.805
---------------------------------------------------------------------------------
---------------------------------------------------------------------------------
Start Loading Part and Timing Information
---------------------------------------------------------------------------------
Loading part: xc7a35tcpg236-1
---------------------------------------------------------------------------------
Finished Loading Part and Timing Information : Time (s): cpu = 00:01:02 ; elapsed = 00:01:07 . Memory (MB): peak = 705.523 ; gain = 450.805
---------------------------------------------------------------------------------
---------------------------------------------------------------------------------
Start Applying 'set_property' XDC Constraints
---------------------------------------------------------------------------------
Applied set_property DONT_TOUCH = true for font_rom. (constraint file  auto generated constraint, line ).
---------------------------------------------------------------------------------
Finished applying 'set_property' XDC Constraints : Time (s): cpu = 00:01:02 ; elapsed = 00:01:07 . Memory (MB): peak = 705.523 ; gain = 450.805
---------------------------------------------------------------------------------
INFO: [Synth 8-802] inferred FSM for state register 'bit_count_reg' in module 'ps2_rx'
INFO: [Synth 8-5544] ROM "parity_bit" won't be mapped to Block RAM because address size (4) smaller than threshold (5)
INFO: [Synth 8-5544] ROM "scan_code" won't be mapped to Block RAM because address size (4) smaller than threshold (5)
INFO: [Synth 8-5544] ROM "bit_count" won't be mapped to Block RAM because address size (4) smaller than threshold (5)
INFO: [Synth 8-5546] ROM "show" won't be mapped to RAM because it is too sparse
INFO: [Synth 8-5546] ROM "is_digit" won't be mapped to RAM because it is too sparse
INFO: [Synth 8-5587] ROM size for "digit_val" is below threshold of ROM address width. It will be mapped to LUTs
INFO: [Synth 8-5546] ROM "break_pending" won't be mapped to RAM because it is too sparse
INFO: [Synth 8-5546] ROM "extended" won't be mapped to RAM because it is too sparse
INFO: [Synth 8-5546] ROM "vertical_pixel" won't be mapped to RAM because it is too sparse
---------------------------------------------------------------------------------------------------
                   State |                     New Encoding |                Previous Encoding 
---------------------------------------------------------------------------------------------------
                  iSTATE |                             0000 |                             0000
                 iSTATE0 |                             0001 |                             0001
                 iSTATE1 |                             0010 |                             0010
                 iSTATE2 |                             0011 |                             0011
                 iSTATE3 |                             0100 |                             0100
                 iSTATE4 |                             0101 |                             0101
                 iSTATE5 |                             0110 |                             0110
                 iSTATE6 |                             0111 |                             0111
                 iSTATE7 |                             1000 |                             1000
                 iSTATE8 |                             1001 |                             1001
                 iSTATE9 |                             1010 |                             1010
---------------------------------------------------------------------------------------------------
INFO: [Synth 8-3354] encoded FSM with state register 'bit_count_reg' using encoding 'sequential' in module 'ps2_rx'
---------------------------------------------------------------------------------
Finished RTL Optimization Phase 2 : Time (s): cpu = 00:01:02 ; elapsed = 00:01:07 . Memory (MB): peak = 705.523 ; gain = 450.805
---------------------------------------------------------------------------------

Report RTL Partitions: 
+-+--------------+------------+----------+
| |RTL Partition |Replication |Instances |
+-+--------------+------------+----------+
+-+--------------+------------+----------+
---------------------------------------------------------------------------------
Start RTL Component Statistics 
---------------------------------------------------------------------------------
Detailed RTL Component Info : 
+---Adders : 
	   2 Input     10 Bit       Adders := 2     
	   2 Input      2 Bit       Adders := 1     
+---XORs : 
	   2 Input      1 Bit         XORs := 1     
+---XORs : 
	                8 Bit    Wide XORs := 1     
+---Registers : 
	               16 Bit    Registers := 1     
	               10 Bit    Registers := 2     
	                8 Bit    Registers := 2     
	                4 Bit    Registers := 1     
	                2 Bit    Registers := 3     
	                1 Bit    Registers := 8     
+---Muxes : 
	   2 Input     16 Bit        Muxes := 1     
	   3 Input     16 Bit        Muxes := 1     
	  11 Input      8 Bit        Muxes := 2     
	   2 Input      8 Bit        Muxes := 1     
	  11 Input      4 Bit        Muxes := 1     
	  21 Input      4 Bit        Muxes := 1     
	   2 Input      4 Bit        Muxes := 3     
	   5 Input      2 Bit        Muxes := 1     
	  11 Input      1 Bit        Muxes := 3     
	   2 Input      1 Bit        Muxes := 12    
	   4 Input      1 Bit        Muxes := 7     
	  21 Input      1 Bit        Muxes := 1     
---------------------------------------------------------------------------------
Finished RTL Component Statistics 
---------------------------------------------------------------------------------
---------------------------------------------------------------------------------
Start RTL Hierarchical Component Statistics 
---------------------------------------------------------------------------------
Hierarchical RTL Component report 
Module top 
Detailed RTL Component Info : 
+---Adders : 
	   2 Input     10 Bit       Adders := 2     
	   2 Input      2 Bit       Adders := 1     
+---Registers : 
	               16 Bit    Registers := 1     
	               10 Bit    Registers := 2     
	                8 Bit    Registers := 1     
	                4 Bit    Registers := 1     
	                2 Bit    Registers := 1     
	                1 Bit    Registers := 5     
+---Muxes : 
	   2 Input     16 Bit        Muxes := 1     
	   3 Input     16 Bit        Muxes := 1     
	  21 Input      4 Bit        Muxes := 1     
	   2 Input      4 Bit        Muxes := 3     
	   5 Input      2 Bit        Muxes := 1     
	   2 Input      1 Bit        Muxes := 11    
	   4 Input      1 Bit        Muxes := 7     
	  21 Input      1 Bit        Muxes := 1     
Module ps2_rx 
Detailed RTL Component Info : 
+---XORs : 
	   2 Input      1 Bit         XORs := 1     
+---XORs : 
	                8 Bit    Wide XORs := 1     
+---Registers : 
	                8 Bit    Registers := 1     
	                2 Bit    Registers := 2     
	                1 Bit    Registers := 3     
+---Muxes : 
	  11 Input      8 Bit        Muxes := 2     
	   2 Input      8 Bit        Muxes := 1     
	  11 Input      4 Bit        Muxes := 1     
	  11 Input      1 Bit        Muxes := 3     
	   2 Input      1 Bit        Muxes := 1     
---------------------------------------------------------------------------------
Finished RTL Hierarchical Component Statistics
---------------------------------------------------------------------------------
---------------------------------------------------------------------------------
Start Part Resource Summary
---------------------------------------------------------------------------------
Part Resources:
DSPs: 90 (col length:60)
BRAMs: 100 (col length: RAMB18 60 RAMB36 30)
---------------------------------------------------------------------------------
Finished Part Resource Summary
---------------------------------------------------------------------------------
---------------------------------------------------------------------------------
Start Cross Boundary and Area Optimization
---------------------------------------------------------------------------------
INFO: [Synth 8-5546] ROM "vertical_pixel" won't be mapped to RAM because it is too sparse
INFO: [Synth 8-5546] ROM "break_pending" won't be mapped to RAM because it is too sparse
INFO: [Synth 8-5546] ROM "show" won't be mapped to RAM because it is too sparse
INFO: [Synth 8-5546] ROM "extended" won't be mapped to RAM because it is too sparse
INFO: [Synth 8-5546] ROM "is_digit" won't be mapped to RAM because it is too sparse
INFO: [Synth 8-5587] ROM size for "digit_val" is below threshold of ROM address width. It will be mapped to LUTs
WARNING: [Synth 8-3917] design top has port vgaRed[3] driven by constant 0
WARNING: [Synth 8-3917] design top has port vgaRed[2] driven by constant 0
WARNING: [Synth 8-3917] design top has port vgaRed[1] driven by constant 0
WARNING: [Synth 8-3917] design top has port vgaRed[0] driven by constant 0
WARNING: [Synth 8-3917] design top has port vgaBlue[3] driven by constant 0
WARNING: [Synth 8-3917] design top has port vgaBlue[2] driven by constant 0
WARNING: [Synth 8-3917] design top has port vgaBlue[1] driven by constant 0
WARNING: [Synth 8-3917] design top has port vgaBlue[0] driven by constant 0
INFO: [Synth 8-3886] merging instance 'led_reg[4]' (FDRE) to 'led_reg[5]'
INFO: [Synth 8-3886] merging instance 'led_reg[5]' (FDRE) to 'led_reg[6]'
INFO: [Synth 8-3886] merging instance 'led_reg[6]' (FDRE) to 'led_reg[7]'
INFO: [Synth 8-3886] merging instance 'led_reg[7]' (FDRE) to 'led_reg[8]'
INFO: [Synth 8-3886] merging instance 'led_reg[8]' (FDRE) to 'led_reg[9]'
INFO: [Synth 8-3886] merging instance 'led_reg[9]' (FDRE) to 'led_reg[10]'
INFO: [Synth 8-3886] merging instance 'led_reg[10]' (FDRE) to 'led_reg[11]'
INFO: [Synth 8-3886] merging instance 'led_reg[11]' (FDRE) to 'led_reg[12]'
INFO: [Synth 8-3886] merging instance 'led_reg[12]' (FDRE) to 'led_reg[13]'
INFO: [Synth 8-3886] merging instance 'led_reg[13]' (FDRE) to 'led_reg[14]'
INFO: [Synth 8-3886] merging instance 'led_reg[14]' (FDRE) to 'led_reg[15]'
---------------------------------------------------------------------------------
Finished Cross Boundary and Area Optimization : Time (s): cpu = 00:01:03 ; elapsed = 00:01:08 . Memory (MB): peak = 705.523 ; gain = 450.805
---------------------------------------------------------------------------------

Report RTL Partitions: 
+-+--------------+------------+----------+
| |RTL Partition |Replication |Instances |
+-+--------------+------------+----------+
+-+--------------+------------+----------+
---------------------------------------------------------------------------------
Start Applying XDC Timing Constraints
---------------------------------------------------------------------------------
---------------------------------------------------------------------------------
Finished Applying XDC Timing Constraints : Time (s): cpu = 00:01:07 ; elapsed = 00:01:12 . Memory (MB): peak = 735.219 ; gain = 480.500
---------------------------------------------------------------------------------
---------------------------------------------------------------------------------
Start Timing Optimization
---------------------------------------------------------------------------------
---------------------------------------------------------------------------------
Finished Timing Optimization : Time (s): cpu = 00:01:08 ; elapsed = 00:01:13 . Memory (MB): peak = 757.488 ; gain = 502.770
---------------------------------------------------------------------------------

Report RTL Partitions: 
+-+--------------+------------+----------+
| |RTL Partition |Replication |Instances |
+-+--------------+------------+----------+
+-+--------------+------------+----------+
---------------------------------------------------------------------------------
Start Technology Mapping
---------------------------------------------------------------------------------
---------------------------------------------------------------------------------
Finished Technology Mapping : Time (s): cpu = 00:01:08 ; elapsed = 00:01:13 . Memory (MB): peak = 759.156 ; gain = 504.438
---------------------------------------------------------------------------------

Report RTL Partitions: 
+-+--------------+------------+----------+
| |RTL Partition |Replication |Instances |
+-+--------------+------------+----------+
+-+--------------+------------+----------+
---------------------------------------------------------------------------------
Start IO Insertion
---------------------------------------------------------------------------------
---------------------------------------------------------------------------------
Start Flattening Before IO Insertion
---------------------------------------------------------------------------------
---------------------------------------------------------------------------------
Finished Flattening Before IO Insertion
---------------------------------------------------------------------------------
---------------------------------------------------------------------------------
Start Final Netlist Cleanup
---------------------------------------------------------------------------------
---------------------------------------------------------------------------------
Finished Final Netlist Cleanup
---------------------------------------------------------------------------------
---------------------------------------------------------------------------------
Finished IO Insertion : Time (s): cpu = 00:01:08 ; elapsed = 00:01:13 . Memory (MB): peak = 759.156 ; gain = 504.438
---------------------------------------------------------------------------------

Report Check Netlist: 
+------+------------------+-------+---------+-------+------------------+
|      |Item              |Errors |Warnings |Status |Description       |
+------+------------------+-------+---------+-------+------------------+
|1     |multi_driven_nets |      0|        0|Passed |Multi driven nets |
+------+------------------+-------+---------+-------+------------------+
---------------------------------------------------------------------------------
Start Renaming Generated Instances
---------------------------------------------------------------------------------
---------------------------------------------------------------------------------
Finished Renaming Generated Instances : Time (s): cpu = 00:01:08 ; elapsed = 00:01:13 . Memory (MB): peak = 759.156 ; gain = 504.438
---------------------------------------------------------------------------------

Report RTL Partitions: 
+-+--------------+------------+----------+
| |RTL Partition |Replication |Instances |
+-+--------------+------------+----------+
+-+--------------+------------+----------+
---------------------------------------------------------------------------------
Start Rebuilding User Hierarchy
---------------------------------------------------------------------------------
---------------------------------------------------------------------------------
Finished Rebuilding User Hierarchy : Time (s): cpu = 00:01:08 ; elapsed = 00:01:13 . Memory (MB): peak = 759.156 ; gain = 504.438
---------------------------------------------------------------------------------
---------------------------------------------------------------------------------
Start Renaming Generated Ports
---------------------------------------------------------------------------------
---------------------------------------------------------------------------------
Finished Renaming Generated Ports : Time (s): cpu = 00:01:08 ; elapsed = 00:01:13 . Memory (MB): peak = 759.156 ; gain = 504.438
---------------------------------------------------------------------------------
---------------------------------------------------------------------------------
Start Handling Custom Attributes
---------------------------------------------------------------------------------
---------------------------------------------------------------------------------
Finished Handling Custom Attributes : Time (s): cpu = 00:01:08 ; elapsed = 00:01:13 . Memory (MB): peak = 759.156 ; gain = 504.438
---------------------------------------------------------------------------------
---------------------------------------------------------------------------------
Start Renaming Generated Nets
---------------------------------------------------------------------------------
---------------------------------------------------------------------------------
Finished Renaming Generated Nets : Time (s): cpu = 00:01:08 ; elapsed = 00:01:13 . Memory (MB): peak = 759.156 ; gain = 504.438
---------------------------------------------------------------------------------
---------------------------------------------------------------------------------
Start Writing Synthesis Report
---------------------------------------------------------------------------------

Report BlackBoxes: 
+-+--------------+----------+
| |BlackBox name |Instances |
+-+--------------+----------+
+-+--------------+----------+

Report Cell Usage: 
+------+---------+------+
|      |Cell     |Count |
+------+---------+------+
|1     |BUFG     |     1|
|2     |LUT1     |     1|
|3     |LUT2     |    13|
|4     |LUT3     |    16|
|5     |LUT4     |     8|
|6     |LUT5     |    18|
|7     |LUT6     |    59|
|8     |RAMB18E1 |     1|
|9     |FDRE     |    63|
|10    |IBUF     |     4|
|11    |OBUF     |    30|
+------+---------+------+

Report Instance Areas: 
+------+-----------------------------------------------+------------------------------+------+
|      |Instance                                       |Module                        |Cells |
+------+-----------------------------------------------+------------------------------+------+
|1     |top                                            |                              |   214|
|2     |  font_rom                                     |blk_mem_gen_0                 |     1|
|3     |    U0                                         |blk_mem_gen_v8_4_1            |     1|
|4     |      inst_blk_mem_gen                         |blk_mem_gen_v8_4_1_synth      |     1|
|5     |        \gnbram.gnativebmg.native_blk_mem_gen  |blk_mem_gen_top               |     1|
|6     |          \valid.cstr                          |blk_mem_gen_generic_cstr      |     1|
|7     |            \ramloop[0].ram.r                  |blk_mem_gen_prim_width        |     1|
|8     |              \prim_init.ram                   |blk_mem_gen_prim_wrapper_init |     1|
|9     |  u_key                                        |ps2_rx                        |    91|
+------+-----------------------------------------------+------------------------------+------+
---------------------------------------------------------------------------------
Finished Writing Synthesis Report : Time (s): cpu = 00:01:08 ; elapsed = 00:01:13 . Memory (MB): peak = 759.156 ; gain = 504.438
---------------------------------------------------------------------------------
Synthesis finished with 0 errors, 0 critical warnings and 163 warnings.
Synthesis Optimization Runtime : Time (s): cpu = 00:00:11 ; elapsed = 00:01:09 . Memory (MB): peak = 759.156 ; gain = 414.121
Synthesis Optimization Complete : Time (s): cpu = 00:01:08 ; elapsed = 00:01:13 . Memory (MB): peak = 759.156 ; gain = 504.438
INFO: [Project 1-571] Translating synthesized netlist
INFO: [Netlist 29-17] Analyzing 5 Unisim elements for replacement
INFO: [Netlist 29-28] Unisim Transformation completed in 0 CPU seconds
INFO: [Project 1-570] Preparing netlist for logic optimization
INFO: [Opt 31-138] Pushed 0 inverter(s) to 0 load pin(s).
INFO: [Project 1-111] Unisim Transformation Summary:
No Unisim elements were transformed.

INFO: [Common 17-83] Releasing license: Synthesis
54 Infos, 116 Warnings, 0 Critical Warnings and 0 Errors encountered.
synth_design completed successfully
synth_design: Time (s): cpu = 00:01:09 ; elapsed = 00:01:16 . Memory (MB): peak = 759.156 ; gain = 515.965
INFO: [Common 17-1381] The checkpoint 'C:/Users/da949990/fpga_design_5722/lab_4/lab_4.runs/synth_1/top.dcp' has been generated.
INFO: [runtcl-4] Executing : report_utilization -file top_utilization_synth.rpt -pb top_utilization_synth.pb
report_utilization: Time (s): cpu = 00:00:00 ; elapsed = 00:00:00.010 . Memory (MB): peak = 759.156 ; gain = 0.000
INFO: [Common 17-206] Exiting Vivado at Thu Oct  1 12:58:15 2026...
