Copyright 1986-2017 Xilinx, Inc. All Rights Reserved.
---------------------------------------------------------------------------------------------------------------------------------------------------
| Tool Version : Vivado v.2017.4 (win64) Build 2086221 Fri Dec 15 20:55:39 MST 2017
| Date         : Thu Sep  3 13:45:31 2026
| Host         : CECS9NK92Z3 running 64-bit major release  (build 9200)
| Command      : report_timing_summary -max_paths 10 -file lab_1_timing_summary_routed.rpt -rpx lab_1_timing_summary_routed.rpx -warn_on_violation
| Design       : lab_1
| Device       : 7a35t-cpg236
| Speed File   : -1  PRODUCTION 1.20 2017-11-01
---------------------------------------------------------------------------------------------------------------------------------------------------

Timing Summary Report

------------------------------------------------------------------------------------------------
| Timer Settings
| --------------
------------------------------------------------------------------------------------------------

  Enable Multi Corner Analysis               :  Yes
  Enable Pessimism Removal                   :  Yes
  Pessimism Removal Resolution               :  Nearest Common Node
  Enable Input Delay Default Clock           :  No
  Enable Preset / Clear Arcs                 :  No
  Disable Flight Delays                      :  No
  Ignore I/O Paths                           :  No
  Timing Early Launch at Borrowing Latches   :  false

  Corner  Analyze    Analyze    
  Name    Max Paths  Min Paths  
  ------  ---------  ---------  
  Slow    Yes        Yes        
  Fast    Yes        Yes        



check_timing report

Table of Contents
-----------------
1. checking no_clock
2. checking constant_clock
3. checking pulse_width_clock
4. checking unconstrained_internal_endpoints
5. checking no_input_delay
6. checking no_output_delay
7. checking multiple_clock
8. checking generated_clocks
9. checking loops
10. checking partial_input_delay
11. checking partial_output_delay
12. checking latch_loops

1. checking no_clock
--------------------
 There are 0 register/latch pins with no clock.


2. checking constant_clock
--------------------------
 There are 0 register/latch pins with constant_clock.


3. checking pulse_width_clock
-----------------------------
 There are 0 register/latch pins which need pulse_width check


4. checking unconstrained_internal_endpoints
--------------------------------------------
 There are 0 pins that are not constrained for maximum delay.

 There are 0 pins that are not constrained for maximum delay due to constant clock.


5. checking no_input_delay
--------------------------
 There are 3 input ports with no input delay specified. (HIGH)

 There are 0 input ports with no input delay but user has a false path constraint.


6. checking no_output_delay
---------------------------
 There are 9 ports with no output delay specified. (HIGH)

 There are 0 ports with no output delay but user has a false path constraint

 There are 0 ports with no output delay but with a timing clock defined on it or propagating through it


7. checking multiple_clock
--------------------------
 There are 0 register/latch pins with multiple clocks.


8. checking generated_clocks
----------------------------
 There are 0 generated clocks that are not connected to a clock source.


9. checking loops
-----------------
 There are 0 combinational loops in the design.


10. checking partial_input_delay
--------------------------------
 There are 0 input ports with partial input delay specified.


11. checking partial_output_delay
---------------------------------
 There are 0 ports with partial output delay specified.


12. checking latch_loops
------------------------
 There are 0 combinational latch loops in the design through latch input



------------------------------------------------------------------------------------------------
| Design Timing Summary
| ---------------------
------------------------------------------------------------------------------------------------

    WNS(ns)      TNS(ns)  TNS Failing Endpoints  TNS Total Endpoints      WHS(ns)      THS(ns)  THS Failing Endpoints  THS Total Endpoints     WPWS(ns)     TPWS(ns)  TPWS Failing Endpoints  TPWS Total Endpoints  
    -------      -------  ---------------------  -------------------      -------      -------  ---------------------  -------------------     --------     --------  ----------------------  --------------------  
      5.835        0.000                      0                  113        0.176        0.000                      0                  113        4.500        0.000                       0                    65  


All user specified timing constraints are met.


------------------------------------------------------------------------------------------------
| Clock Summary
| -------------
------------------------------------------------------------------------------------------------

Clock        Waveform(ns)       Period(ns)      Frequency(MHz)
-----        ------------       ----------      --------------
sys_clk_pin  {0.000 5.000}      10.000          100.000         


------------------------------------------------------------------------------------------------
| Intra Clock Table
| -----------------
------------------------------------------------------------------------------------------------

Clock             WNS(ns)      TNS(ns)  TNS Failing Endpoints  TNS Total Endpoints      WHS(ns)      THS(ns)  THS Failing Endpoints  THS Total Endpoints     WPWS(ns)     TPWS(ns)  TPWS Failing Endpoints  TPWS Total Endpoints  
-----             -------      -------  ---------------------  -------------------      -------      -------  ---------------------  -------------------     --------     --------  ----------------------  --------------------  
sys_clk_pin         5.835        0.000                      0                  113        0.176        0.000                      0                  113        4.500        0.000                       0                    65  


------------------------------------------------------------------------------------------------
| Inter Clock Table
| -----------------
------------------------------------------------------------------------------------------------

From Clock    To Clock          WNS(ns)      TNS(ns)  TNS Failing Endpoints  TNS Total Endpoints      WHS(ns)      THS(ns)  THS Failing Endpoints  THS Total Endpoints  
----------    --------          -------      -------  ---------------------  -------------------      -------      -------  ---------------------  -------------------  


------------------------------------------------------------------------------------------------
| Other Path Groups Table
| -----------------------
------------------------------------------------------------------------------------------------

Path Group    From Clock    To Clock          WNS(ns)      TNS(ns)  TNS Failing Endpoints  TNS Total Endpoints      WHS(ns)      THS(ns)  THS Failing Endpoints  THS Total Endpoints  
----------    ----------    --------          -------      -------  ---------------------  -------------------      -------      -------  ---------------------  -------------------  


------------------------------------------------------------------------------------------------
| Timing Details
| --------------
------------------------------------------------------------------------------------------------


---------------------------------------------------------------------------------------------------
From Clock:  sys_clk_pin
  To Clock:  sys_clk_pin

Setup :            0  Failing Endpoints,  Worst Slack        5.835ns,  Total Violation        0.000ns
Hold  :            0  Failing Endpoints,  Worst Slack        0.176ns,  Total Violation        0.000ns
PW    :            0  Failing Endpoints,  Worst Slack        4.500ns,  Total Violation        0.000ns
---------------------------------------------------------------------------------------------------


Max Delay Paths
--------------------------------------------------------------------------------------
Slack (MET) :             5.835ns  (required time - arrival time)
  Source:                 debounce_counter_reg[11]/C
                            (rising edge-triggered cell FDRE clocked by sys_clk_pin  {rise@0.000ns fall@5.000ns period=10.000ns})
  Destination:            debounce_counter_reg[4]/R
                            (rising edge-triggered cell FDRE clocked by sys_clk_pin  {rise@0.000ns fall@5.000ns period=10.000ns})
  Path Group:             sys_clk_pin
  Path Type:              Setup (Max at Slow Process Corner)
  Requirement:            10.000ns  (sys_clk_pin rise@10.000ns - sys_clk_pin rise@0.000ns)
  Data Path Delay:        3.677ns  (logic 0.828ns (22.521%)  route 2.849ns (77.479%))
  Logic Levels:           3  (LUT4=1 LUT5=2)
  Clock Path Skew:        -0.024ns (DCD - SCD + CPR)
    Destination Clock Delay (DCD):    4.848ns = ( 14.848 - 10.000 ) 
    Source Clock Delay      (SCD):    5.146ns
    Clock Pessimism Removal (CPR):    0.274ns
  Clock Uncertainty:      0.035ns  ((TSJ^2 + TIJ^2)^1/2 + DJ) / 2 + PE
    Total System Jitter     (TSJ):    0.071ns
    Total Input Jitter      (TIJ):    0.000ns
    Discrete Jitter          (DJ):    0.000ns
    Phase Error              (PE):    0.000ns

    Location             Delay type                Incr(ns)  Path(ns)    Netlist Resource(s)
  -------------------------------------------------------------------    -------------------
                         (clock sys_clk_pin rise edge)
                                                      0.000     0.000 r  
    W5                                                0.000     0.000 r  clk (IN)
                         net (fo=0)                   0.000     0.000    clk
    W5                   IBUF (Prop_ibuf_I_O)         1.458     1.458 r  clk_IBUF_inst/O
                         net (fo=1, routed)           1.967     3.425    clk_IBUF
    BUFGCTRL_X0Y0        BUFG (Prop_bufg_I_O)         0.096     3.521 r  clk_IBUF_BUFG_inst/O
                         net (fo=64, routed)          1.625     5.146    clk_IBUF_BUFG
    SLICE_X62Y29         FDRE                                         r  debounce_counter_reg[11]/C
  -------------------------------------------------------------------    -------------------
    SLICE_X62Y29         FDRE (Prop_fdre_C_Q)         0.456     5.602 r  debounce_counter_reg[11]/Q
                         net (fo=2, routed)           0.821     6.423    debounce_counter_reg[11]
    SLICE_X63Y30         LUT4 (Prop_lut4_I1_O)        0.124     6.547 f  debounce_counter[0]_i_6/O
                         net (fo=2, routed)           0.815     7.363    debounce_counter[0]_i_6_n_0
    SLICE_X63Y29         LUT5 (Prop_lut5_I1_O)        0.124     7.487 f  ones[3]_i_4/O
                         net (fo=5, routed)           0.528     8.015    ones[3]_i_4_n_0
    SLICE_X64Y29         LUT5 (Prop_lut5_I4_O)        0.124     8.139 r  debounce_counter[0]_i_1/O
                         net (fo=18, routed)          0.684     8.823    debounce_counter
    SLICE_X62Y28         FDRE                                         r  debounce_counter_reg[4]/R
  -------------------------------------------------------------------    -------------------

                         (clock sys_clk_pin rise edge)
                                                     10.000    10.000 r  
    W5                                                0.000    10.000 r  clk (IN)
                         net (fo=0)                   0.000    10.000    clk
    W5                   IBUF (Prop_ibuf_I_O)         1.388    11.388 r  clk_IBUF_inst/O
                         net (fo=1, routed)           1.862    13.250    clk_IBUF
    BUFGCTRL_X0Y0        BUFG (Prop_bufg_I_O)         0.091    13.341 r  clk_IBUF_BUFG_inst/O
                         net (fo=64, routed)          1.507    14.848    clk_IBUF_BUFG
    SLICE_X62Y28         FDRE                                         r  debounce_counter_reg[4]/C
                         clock pessimism              0.274    15.122    
                         clock uncertainty           -0.035    15.087    
    SLICE_X62Y28         FDRE (Setup_fdre_C_R)       -0.429    14.658    debounce_counter_reg[4]
  -------------------------------------------------------------------
                         required time                         14.658    
                         arrival time                          -8.823    
  -------------------------------------------------------------------
                         slack                                  5.835    

Slack (MET) :             5.835ns  (required time - arrival time)
  Source:                 debounce_counter_reg[11]/C
                            (rising edge-triggered cell FDRE clocked by sys_clk_pin  {rise@0.000ns fall@5.000ns period=10.000ns})
  Destination:            debounce_counter_reg[5]/R
                            (rising edge-triggered cell FDRE clocked by sys_clk_pin  {rise@0.000ns fall@5.000ns period=10.000ns})
  Path Group:             sys_clk_pin
  Path Type:              Setup (Max at Slow Process Corner)
  Requirement:            10.000ns  (sys_clk_pin rise@10.000ns - sys_clk_pin rise@0.000ns)
  Data Path Delay:        3.677ns  (logic 0.828ns (22.521%)  route 2.849ns (77.479%))
  Logic Levels:           3  (LUT4=1 LUT5=2)
  Clock Path Skew:        -0.024ns (DCD - SCD + CPR)
    Destination Clock Delay (DCD):    4.848ns = ( 14.848 - 10.000 ) 
    Source Clock Delay      (SCD):    5.146ns
    Clock Pessimism Removal (CPR):    0.274ns
  Clock Uncertainty:      0.035ns  ((TSJ^2 + TIJ^2)^1/2 + DJ) / 2 + PE
    Total System Jitter     (TSJ):    0.071ns
    Total Input Jitter      (TIJ):    0.000ns
    Discrete Jitter          (DJ):    0.000ns
    Phase Error              (PE):    0.000ns

    Location             Delay type                Incr(ns)  Path(ns)    Netlist Resource(s)
  -------------------------------------------------------------------    -------------------
                         (clock sys_clk_pin rise edge)
                                                      0.000     0.000 r  
    W5                                                0.000     0.000 r  clk (IN)
                         net (fo=0)                   0.000     0.000    clk
    W5                   IBUF (Prop_ibuf_I_O)         1.458     1.458 r  clk_IBUF_inst/O
                         net (fo=1, routed)           1.967     3.425    clk_IBUF
    BUFGCTRL_X0Y0        BUFG (Prop_bufg_I_O)         0.096     3.521 r  clk_IBUF_BUFG_inst/O
                         net (fo=64, routed)          1.625     5.146    clk_IBUF_BUFG
    SLICE_X62Y29         FDRE                                         r  debounce_counter_reg[11]/C
  -------------------------------------------------------------------    -------------------
    SLICE_X62Y29         FDRE (Prop_fdre_C_Q)         0.456     5.602 r  debounce_counter_reg[11]/Q
                         net (fo=2, routed)           0.821     6.423    debounce_counter_reg[11]
    SLICE_X63Y30         LUT4 (Prop_lut4_I1_O)        0.124     6.547 f  debounce_counter[0]_i_6/O
                         net (fo=2, routed)           0.815     7.363    debounce_counter[0]_i_6_n_0
    SLICE_X63Y29         LUT5 (Prop_lut5_I1_O)        0.124     7.487 f  ones[3]_i_4/O
                         net (fo=5, routed)           0.528     8.015    ones[3]_i_4_n_0
    SLICE_X64Y29         LUT5 (Prop_lut5_I4_O)        0.124     8.139 r  debounce_counter[0]_i_1/O
                         net (fo=18, routed)          0.684     8.823    debounce_counter
    SLICE_X62Y28         FDRE                                         r  debounce_counter_reg[5]/R
  -------------------------------------------------------------------    -------------------

                         (clock sys_clk_pin rise edge)
                                                     10.000    10.000 r  
    W5                                                0.000    10.000 r  clk (IN)
                         net (fo=0)                   0.000    10.000    clk
    W5                   IBUF (Prop_ibuf_I_O)         1.388    11.388 r  clk_IBUF_inst/O
                         net (fo=1, routed)           1.862    13.250    clk_IBUF
    BUFGCTRL_X0Y0        BUFG (Prop_bufg_I_O)         0.091    13.341 r  clk_IBUF_BUFG_inst/O
                         net (fo=64, routed)          1.507    14.848    clk_IBUF_BUFG
    SLICE_X62Y28         FDRE                                         r  debounce_counter_reg[5]/C
                         clock pessimism              0.274    15.122    
                         clock uncertainty           -0.035    15.087    
    SLICE_X62Y28         FDRE (Setup_fdre_C_R)       -0.429    14.658    debounce_counter_reg[5]
  -------------------------------------------------------------------
                         required time                         14.658    
                         arrival time                          -8.823    
  -------------------------------------------------------------------
                         slack                                  5.835    

Slack (MET) :             5.835ns  (required time - arrival time)
  Source:                 debounce_counter_reg[11]/C
                            (rising edge-triggered cell FDRE clocked by sys_clk_pin  {rise@0.000ns fall@5.000ns period=10.000ns})
  Destination:            debounce_counter_reg[6]/R
                            (rising edge-triggered cell FDRE clocked by sys_clk_pin  {rise@0.000ns fall@5.000ns period=10.000ns})
  Path Group:             sys_clk_pin
  Path Type:              Setup (Max at Slow Process Corner)
  Requirement:            10.000ns  (sys_clk_pin rise@10.000ns - sys_clk_pin rise@0.000ns)
  Data Path Delay:        3.677ns  (logic 0.828ns (22.521%)  route 2.849ns (77.479%))
  Logic Levels:           3  (LUT4=1 LUT5=2)
  Clock Path Skew:        -0.024ns (DCD - SCD + CPR)
    Destination Clock Delay (DCD):    4.848ns = ( 14.848 - 10.000 ) 
    Source Clock Delay      (SCD):    5.146ns
    Clock Pessimism Removal (CPR):    0.274ns
  Clock Uncertainty:      0.035ns  ((TSJ^2 + TIJ^2)^1/2 + DJ) / 2 + PE
    Total System Jitter     (TSJ):    0.071ns
    Total Input Jitter      (TIJ):    0.000ns
    Discrete Jitter          (DJ):    0.000ns
    Phase Error              (PE):    0.000ns

    Location             Delay type                Incr(ns)  Path(ns)    Netlist Resource(s)
  -------------------------------------------------------------------    -------------------
                         (clock sys_clk_pin rise edge)
                                                      0.000     0.000 r  
    W5                                                0.000     0.000 r  clk (IN)
                         net (fo=0)                   0.000     0.000    clk
    W5                   IBUF (Prop_ibuf_I_O)         1.458     1.458 r  clk_IBUF_inst/O
                         net (fo=1, routed)           1.967     3.425    clk_IBUF
    BUFGCTRL_X0Y0        BUFG (Prop_bufg_I_O)         0.096     3.521 r  clk_IBUF_BUFG_inst/O
                         net (fo=64, routed)          1.625     5.146    clk_IBUF_BUFG
    SLICE_X62Y29         FDRE                                         r  debounce_counter_reg[11]/C
  -------------------------------------------------------------------    -------------------
    SLICE_X62Y29         FDRE (Prop_fdre_C_Q)         0.456     5.602 r  debounce_counter_reg[11]/Q
                         net (fo=2, routed)           0.821     6.423    debounce_counter_reg[11]
    SLICE_X63Y30         LUT4 (Prop_lut4_I1_O)        0.124     6.547 f  debounce_counter[0]_i_6/O
                         net (fo=2, routed)           0.815     7.363    debounce_counter[0]_i_6_n_0
    SLICE_X63Y29         LUT5 (Prop_lut5_I1_O)        0.124     7.487 f  ones[3]_i_4/O
                         net (fo=5, routed)           0.528     8.015    ones[3]_i_4_n_0
    SLICE_X64Y29         LUT5 (Prop_lut5_I4_O)        0.124     8.139 r  debounce_counter[0]_i_1/O
                         net (fo=18, routed)          0.684     8.823    debounce_counter
    SLICE_X62Y28         FDRE                                         r  debounce_counter_reg[6]/R
  -------------------------------------------------------------------    -------------------

                         (clock sys_clk_pin rise edge)
                                                     10.000    10.000 r  
    W5                                                0.000    10.000 r  clk (IN)
                         net (fo=0)                   0.000    10.000    clk
    W5                   IBUF (Prop_ibuf_I_O)         1.388    11.388 r  clk_IBUF_inst/O
                         net (fo=1, routed)           1.862    13.250    clk_IBUF
    BUFGCTRL_X0Y0        BUFG (Prop_bufg_I_O)         0.091    13.341 r  clk_IBUF_BUFG_inst/O
                         net (fo=64, routed)          1.507    14.848    clk_IBUF_BUFG
    SLICE_X62Y28         FDRE                                         r  debounce_counter_reg[6]/C
                         clock pessimism              0.274    15.122    
                         clock uncertainty           -0.035    15.087    
    SLICE_X62Y28         FDRE (Setup_fdre_C_R)       -0.429    14.658    debounce_counter_reg[6]
  -------------------------------------------------------------------
                         required time                         14.658    
                         arrival time                          -8.823    
  -------------------------------------------------------------------
                         slack                                  5.835    

Slack (MET) :             5.835ns  (required time - arrival time)
  Source:                 debounce_counter_reg[11]/C
                            (rising edge-triggered cell FDRE clocked by sys_clk_pin  {rise@0.000ns fall@5.000ns period=10.000ns})
  Destination:            debounce_counter_reg[7]/R
                            (rising edge-triggered cell FDRE clocked by sys_clk_pin  {rise@0.000ns fall@5.000ns period=10.000ns})
  Path Group:             sys_clk_pin
  Path Type:              Setup (Max at Slow Process Corner)
  Requirement:            10.000ns  (sys_clk_pin rise@10.000ns - sys_clk_pin rise@0.000ns)
  Data Path Delay:        3.677ns  (logic 0.828ns (22.521%)  route 2.849ns (77.479%))
  Logic Levels:           3  (LUT4=1 LUT5=2)
  Clock Path Skew:        -0.024ns (DCD - SCD + CPR)
    Destination Clock Delay (DCD):    4.848ns = ( 14.848 - 10.000 ) 
    Source Clock Delay      (SCD):    5.146ns
    Clock Pessimism Removal (CPR):    0.274ns
  Clock Uncertainty:      0.035ns  ((TSJ^2 + TIJ^2)^1/2 + DJ) / 2 + PE
    Total System Jitter     (TSJ):    0.071ns
    Total Input Jitter      (TIJ):    0.000ns
    Discrete Jitter          (DJ):    0.000ns
    Phase Error              (PE):    0.000ns

    Location             Delay type                Incr(ns)  Path(ns)    Netlist Resource(s)
  -------------------------------------------------------------------    -------------------
                         (clock sys_clk_pin rise edge)
                                                      0.000     0.000 r  
    W5                                                0.000     0.000 r  clk (IN)
                         net (fo=0)                   0.000     0.000    clk
    W5                   IBUF (Prop_ibuf_I_O)         1.458     1.458 r  clk_IBUF_inst/O
                         net (fo=1, routed)           1.967     3.425    clk_IBUF
    BUFGCTRL_X0Y0        BUFG (Prop_bufg_I_O)         0.096     3.521 r  clk_IBUF_BUFG_inst/O
                         net (fo=64, routed)          1.625     5.146    clk_IBUF_BUFG
    SLICE_X62Y29         FDRE                                         r  debounce_counter_reg[11]/C
  -------------------------------------------------------------------    -------------------
    SLICE_X62Y29         FDRE (Prop_fdre_C_Q)         0.456     5.602 r  debounce_counter_reg[11]/Q
                         net (fo=2, routed)           0.821     6.423    debounce_counter_reg[11]
    SLICE_X63Y30         LUT4 (Prop_lut4_I1_O)        0.124     6.547 f  debounce_counter[0]_i_6/O
                         net (fo=2, routed)           0.815     7.363    debounce_counter[0]_i_6_n_0
    SLICE_X63Y29         LUT5 (Prop_lut5_I1_O)        0.124     7.487 f  ones[3]_i_4/O
                         net (fo=5, routed)           0.528     8.015    ones[3]_i_4_n_0
    SLICE_X64Y29         LUT5 (Prop_lut5_I4_O)        0.124     8.139 r  debounce_counter[0]_i_1/O
                         net (fo=18, routed)          0.684     8.823    debounce_counter
    SLICE_X62Y28         FDRE                                         r  debounce_counter_reg[7]/R
  -------------------------------------------------------------------    -------------------

                         (clock sys_clk_pin rise edge)
                                                     10.000    10.000 r  
    W5                                                0.000    10.000 r  clk (IN)
                         net (fo=0)                   0.000    10.000    clk
    W5                   IBUF (Prop_ibuf_I_O)         1.388    11.388 r  clk_IBUF_inst/O
                         net (fo=1, routed)           1.862    13.250    clk_IBUF
    BUFGCTRL_X0Y0        BUFG (Prop_bufg_I_O)         0.091    13.341 r  clk_IBUF_BUFG_inst/O
                         net (fo=64, routed)          1.507    14.848    clk_IBUF_BUFG
    SLICE_X62Y28         FDRE                                         r  debounce_counter_reg[7]/C
                         clock pessimism              0.274    15.122    
                         clock uncertainty           -0.035    15.087    
    SLICE_X62Y28         FDRE (Setup_fdre_C_R)       -0.429    14.658    debounce_counter_reg[7]
  -------------------------------------------------------------------
                         required time                         14.658    
                         arrival time                          -8.823    
  -------------------------------------------------------------------
                         slack                                  5.835    

Slack (MET) :             5.920ns  (required time - arrival time)
  Source:                 debounce_counter_reg[11]/C
                            (rising edge-triggered cell FDRE clocked by sys_clk_pin  {rise@0.000ns fall@5.000ns period=10.000ns})
  Destination:            tens_reg[0]/R
                            (rising edge-triggered cell FDRE clocked by sys_clk_pin  {rise@0.000ns fall@5.000ns period=10.000ns})
  Path Group:             sys_clk_pin
  Path Type:              Setup (Max at Slow Process Corner)
  Requirement:            10.000ns  (sys_clk_pin rise@10.000ns - sys_clk_pin rise@0.000ns)
  Data Path Delay:        3.593ns  (logic 0.828ns (23.046%)  route 2.765ns (76.954%))
  Logic Levels:           3  (LUT4=1 LUT5=2)
  Clock Path Skew:        -0.023ns (DCD - SCD + CPR)
    Destination Clock Delay (DCD):    4.849ns = ( 14.849 - 10.000 ) 
    Source Clock Delay      (SCD):    5.146ns
    Clock Pessimism Removal (CPR):    0.274ns
  Clock Uncertainty:      0.035ns  ((TSJ^2 + TIJ^2)^1/2 + DJ) / 2 + PE
    Total System Jitter     (TSJ):    0.071ns
    Total Input Jitter      (TIJ):    0.000ns
    Discrete Jitter          (DJ):    0.000ns
    Phase Error              (PE):    0.000ns

    Location             Delay type                Incr(ns)  Path(ns)    Netlist Resource(s)
  -------------------------------------------------------------------    -------------------
                         (clock sys_clk_pin rise edge)
                                                      0.000     0.000 r  
    W5                                                0.000     0.000 r  clk (IN)
                         net (fo=0)                   0.000     0.000    clk
    W5                   IBUF (Prop_ibuf_I_O)         1.458     1.458 r  clk_IBUF_inst/O
                         net (fo=1, routed)           1.967     3.425    clk_IBUF
    BUFGCTRL_X0Y0        BUFG (Prop_bufg_I_O)         0.096     3.521 r  clk_IBUF_BUFG_inst/O
                         net (fo=64, routed)          1.625     5.146    clk_IBUF_BUFG
    SLICE_X62Y29         FDRE                                         r  debounce_counter_reg[11]/C
  -------------------------------------------------------------------    -------------------
    SLICE_X62Y29         FDRE (Prop_fdre_C_Q)         0.456     5.602 f  debounce_counter_reg[11]/Q
                         net (fo=2, routed)           0.821     6.423    debounce_counter_reg[11]
    SLICE_X63Y30         LUT4 (Prop_lut4_I1_O)        0.124     6.547 r  debounce_counter[0]_i_6/O
                         net (fo=2, routed)           0.815     7.363    debounce_counter[0]_i_6_n_0
    SLICE_X63Y29         LUT5 (Prop_lut5_I1_O)        0.124     7.487 r  ones[3]_i_4/O
                         net (fo=5, routed)           0.326     7.813    ones[3]_i_4_n_0
    SLICE_X65Y29         LUT5 (Prop_lut5_I1_O)        0.124     7.937 r  tens[3]_i_1/O
                         net (fo=4, routed)           0.802     8.739    tens[3]_i_1_n_0
    SLICE_X65Y29         FDRE                                         r  tens_reg[0]/R
  -------------------------------------------------------------------    -------------------

                         (clock sys_clk_pin rise edge)
                                                     10.000    10.000 r  
    W5                                                0.000    10.000 r  clk (IN)
                         net (fo=0)                   0.000    10.000    clk
    W5                   IBUF (Prop_ibuf_I_O)         1.388    11.388 r  clk_IBUF_inst/O
                         net (fo=1, routed)           1.862    13.250    clk_IBUF
    BUFGCTRL_X0Y0        BUFG (Prop_bufg_I_O)         0.091    13.341 r  clk_IBUF_BUFG_inst/O
                         net (fo=64, routed)          1.508    14.849    clk_IBUF_BUFG
    SLICE_X65Y29         FDRE                                         r  tens_reg[0]/C
                         clock pessimism              0.274    15.123    
                         clock uncertainty           -0.035    15.088    
    SLICE_X65Y29         FDRE (Setup_fdre_C_R)       -0.429    14.659    tens_reg[0]
  -------------------------------------------------------------------
                         required time                         14.659    
                         arrival time                          -8.739    
  -------------------------------------------------------------------
                         slack                                  5.920    

Slack (MET) :             5.920ns  (required time - arrival time)
  Source:                 debounce_counter_reg[11]/C
                            (rising edge-triggered cell FDRE clocked by sys_clk_pin  {rise@0.000ns fall@5.000ns period=10.000ns})
  Destination:            tens_reg[1]/R
                            (rising edge-triggered cell FDRE clocked by sys_clk_pin  {rise@0.000ns fall@5.000ns period=10.000ns})
  Path Group:             sys_clk_pin
  Path Type:              Setup (Max at Slow Process Corner)
  Requirement:            10.000ns  (sys_clk_pin rise@10.000ns - sys_clk_pin rise@0.000ns)
  Data Path Delay:        3.593ns  (logic 0.828ns (23.046%)  route 2.765ns (76.954%))
  Logic Levels:           3  (LUT4=1 LUT5=2)
  Clock Path Skew:        -0.023ns (DCD - SCD + CPR)
    Destination Clock Delay (DCD):    4.849ns = ( 14.849 - 10.000 ) 
    Source Clock Delay      (SCD):    5.146ns
    Clock Pessimism Removal (CPR):    0.274ns
  Clock Uncertainty:      0.035ns  ((TSJ^2 + TIJ^2)^1/2 + DJ) / 2 + PE
    Total System Jitter     (TSJ):    0.071ns
    Total Input Jitter      (TIJ):    0.000ns
    Discrete Jitter          (DJ):    0.000ns
    Phase Error              (PE):    0.000ns

    Location             Delay type                Incr(ns)  Path(ns)    Netlist Resource(s)
  -------------------------------------------------------------------    -------------------
                         (clock sys_clk_pin rise edge)
                                                      0.000     0.000 r  
    W5                                                0.000     0.000 r  clk (IN)
                         net (fo=0)                   0.000     0.000    clk
    W5                   IBUF (Prop_ibuf_I_O)         1.458     1.458 r  clk_IBUF_inst/O
                         net (fo=1, routed)           1.967     3.425    clk_IBUF
    BUFGCTRL_X0Y0        BUFG (Prop_bufg_I_O)         0.096     3.521 r  clk_IBUF_BUFG_inst/O
                         net (fo=64, routed)          1.625     5.146    clk_IBUF_BUFG
    SLICE_X62Y29         FDRE                                         r  debounce_counter_reg[11]/C
  -------------------------------------------------------------------    -------------------
    SLICE_X62Y29         FDRE (Prop_fdre_C_Q)         0.456     5.602 f  debounce_counter_reg[11]/Q
                         net (fo=2, routed)           0.821     6.423    debounce_counter_reg[11]
    SLICE_X63Y30         LUT4 (Prop_lut4_I1_O)        0.124     6.547 r  debounce_counter[0]_i_6/O
                         net (fo=2, routed)           0.815     7.363    debounce_counter[0]_i_6_n_0
    SLICE_X63Y29         LUT5 (Prop_lut5_I1_O)        0.124     7.487 r  ones[3]_i_4/O
                         net (fo=5, routed)           0.326     7.813    ones[3]_i_4_n_0
    SLICE_X65Y29         LUT5 (Prop_lut5_I1_O)        0.124     7.937 r  tens[3]_i_1/O
                         net (fo=4, routed)           0.802     8.739    tens[3]_i_1_n_0
    SLICE_X65Y29         FDRE                                         r  tens_reg[1]/R
  -------------------------------------------------------------------    -------------------

                         (clock sys_clk_pin rise edge)
                                                     10.000    10.000 r  
    W5                                                0.000    10.000 r  clk (IN)
                         net (fo=0)                   0.000    10.000    clk
    W5                   IBUF (Prop_ibuf_I_O)         1.388    11.388 r  clk_IBUF_inst/O
                         net (fo=1, routed)           1.862    13.250    clk_IBUF
    BUFGCTRL_X0Y0        BUFG (Prop_bufg_I_O)         0.091    13.341 r  clk_IBUF_BUFG_inst/O
                         net (fo=64, routed)          1.508    14.849    clk_IBUF_BUFG
    SLICE_X65Y29         FDRE                                         r  tens_reg[1]/C
                         clock pessimism              0.274    15.123    
                         clock uncertainty           -0.035    15.088    
    SLICE_X65Y29         FDRE (Setup_fdre_C_R)       -0.429    14.659    tens_reg[1]
  -------------------------------------------------------------------
                         required time                         14.659    
                         arrival time                          -8.739    
  -------------------------------------------------------------------
                         slack                                  5.920    

Slack (MET) :             5.920ns  (required time - arrival time)
  Source:                 debounce_counter_reg[11]/C
                            (rising edge-triggered cell FDRE clocked by sys_clk_pin  {rise@0.000ns fall@5.000ns period=10.000ns})
  Destination:            tens_reg[2]/R
                            (rising edge-triggered cell FDRE clocked by sys_clk_pin  {rise@0.000ns fall@5.000ns period=10.000ns})
  Path Group:             sys_clk_pin
  Path Type:              Setup (Max at Slow Process Corner)
  Requirement:            10.000ns  (sys_clk_pin rise@10.000ns - sys_clk_pin rise@0.000ns)
  Data Path Delay:        3.593ns  (logic 0.828ns (23.046%)  route 2.765ns (76.954%))
  Logic Levels:           3  (LUT4=1 LUT5=2)
  Clock Path Skew:        -0.023ns (DCD - SCD + CPR)
    Destination Clock Delay (DCD):    4.849ns = ( 14.849 - 10.000 ) 
    Source Clock Delay      (SCD):    5.146ns
    Clock Pessimism Removal (CPR):    0.274ns
  Clock Uncertainty:      0.035ns  ((TSJ^2 + TIJ^2)^1/2 + DJ) / 2 + PE
    Total System Jitter     (TSJ):    0.071ns
    Total Input Jitter      (TIJ):    0.000ns
    Discrete Jitter          (DJ):    0.000ns
    Phase Error              (PE):    0.000ns

    Location             Delay type                Incr(ns)  Path(ns)    Netlist Resource(s)
  -------------------------------------------------------------------    -------------------
                         (clock sys_clk_pin rise edge)
                                                      0.000     0.000 r  
    W5                                                0.000     0.000 r  clk (IN)
                         net (fo=0)                   0.000     0.000    clk
    W5                   IBUF (Prop_ibuf_I_O)         1.458     1.458 r  clk_IBUF_inst/O
                         net (fo=1, routed)           1.967     3.425    clk_IBUF
    BUFGCTRL_X0Y0        BUFG (Prop_bufg_I_O)         0.096     3.521 r  clk_IBUF_BUFG_inst/O
                         net (fo=64, routed)          1.625     5.146    clk_IBUF_BUFG
    SLICE_X62Y29         FDRE                                         r  debounce_counter_reg[11]/C
  -------------------------------------------------------------------    -------------------
    SLICE_X62Y29         FDRE (Prop_fdre_C_Q)         0.456     5.602 f  debounce_counter_reg[11]/Q
                         net (fo=2, routed)           0.821     6.423    debounce_counter_reg[11]
    SLICE_X63Y30         LUT4 (Prop_lut4_I1_O)        0.124     6.547 r  debounce_counter[0]_i_6/O
                         net (fo=2, routed)           0.815     7.363    debounce_counter[0]_i_6_n_0
    SLICE_X63Y29         LUT5 (Prop_lut5_I1_O)        0.124     7.487 r  ones[3]_i_4/O
                         net (fo=5, routed)           0.326     7.813    ones[3]_i_4_n_0
    SLICE_X65Y29         LUT5 (Prop_lut5_I1_O)        0.124     7.937 r  tens[3]_i_1/O
                         net (fo=4, routed)           0.802     8.739    tens[3]_i_1_n_0
    SLICE_X65Y29         FDRE                                         r  tens_reg[2]/R
  -------------------------------------------------------------------    -------------------

                         (clock sys_clk_pin rise edge)
                                                     10.000    10.000 r  
    W5                                                0.000    10.000 r  clk (IN)
                         net (fo=0)                   0.000    10.000    clk
    W5                   IBUF (Prop_ibuf_I_O)         1.388    11.388 r  clk_IBUF_inst/O
                         net (fo=1, routed)           1.862    13.250    clk_IBUF
    BUFGCTRL_X0Y0        BUFG (Prop_bufg_I_O)         0.091    13.341 r  clk_IBUF_BUFG_inst/O
                         net (fo=64, routed)          1.508    14.849    clk_IBUF_BUFG
    SLICE_X65Y29         FDRE                                         r  tens_reg[2]/C
                         clock pessimism              0.274    15.123    
                         clock uncertainty           -0.035    15.088    
    SLICE_X65Y29         FDRE (Setup_fdre_C_R)       -0.429    14.659    tens_reg[2]
  -------------------------------------------------------------------
                         required time                         14.659    
                         arrival time                          -8.739    
  -------------------------------------------------------------------
                         slack                                  5.920    

Slack (MET) :             5.920ns  (required time - arrival time)
  Source:                 debounce_counter_reg[11]/C
                            (rising edge-triggered cell FDRE clocked by sys_clk_pin  {rise@0.000ns fall@5.000ns period=10.000ns})
  Destination:            tens_reg[3]/R
                            (rising edge-triggered cell FDRE clocked by sys_clk_pin  {rise@0.000ns fall@5.000ns period=10.000ns})
  Path Group:             sys_clk_pin
  Path Type:              Setup (Max at Slow Process Corner)
  Requirement:            10.000ns  (sys_clk_pin rise@10.000ns - sys_clk_pin rise@0.000ns)
  Data Path Delay:        3.593ns  (logic 0.828ns (23.046%)  route 2.765ns (76.954%))
  Logic Levels:           3  (LUT4=1 LUT5=2)
  Clock Path Skew:        -0.023ns (DCD - SCD + CPR)
    Destination Clock Delay (DCD):    4.849ns = ( 14.849 - 10.000 ) 
    Source Clock Delay      (SCD):    5.146ns
    Clock Pessimism Removal (CPR):    0.274ns
  Clock Uncertainty:      0.035ns  ((TSJ^2 + TIJ^2)^1/2 + DJ) / 2 + PE
    Total System Jitter     (TSJ):    0.071ns
    Total Input Jitter      (TIJ):    0.000ns
    Discrete Jitter          (DJ):    0.000ns
    Phase Error              (PE):    0.000ns

    Location             Delay type                Incr(ns)  Path(ns)    Netlist Resource(s)
  -------------------------------------------------------------------    -------------------
                         (clock sys_clk_pin rise edge)
                                                      0.000     0.000 r  
    W5                                                0.000     0.000 r  clk (IN)
                         net (fo=0)                   0.000     0.000    clk
    W5                   IBUF (Prop_ibuf_I_O)         1.458     1.458 r  clk_IBUF_inst/O
                         net (fo=1, routed)           1.967     3.425    clk_IBUF
    BUFGCTRL_X0Y0        BUFG (Prop_bufg_I_O)         0.096     3.521 r  clk_IBUF_BUFG_inst/O
                         net (fo=64, routed)          1.625     5.146    clk_IBUF_BUFG
    SLICE_X62Y29         FDRE                                         r  debounce_counter_reg[11]/C
  -------------------------------------------------------------------    -------------------
    SLICE_X62Y29         FDRE (Prop_fdre_C_Q)         0.456     5.602 f  debounce_counter_reg[11]/Q
                         net (fo=2, routed)           0.821     6.423    debounce_counter_reg[11]
    SLICE_X63Y30         LUT4 (Prop_lut4_I1_O)        0.124     6.547 r  debounce_counter[0]_i_6/O
                         net (fo=2, routed)           0.815     7.363    debounce_counter[0]_i_6_n_0
    SLICE_X63Y29         LUT5 (Prop_lut5_I1_O)        0.124     7.487 r  ones[3]_i_4/O
                         net (fo=5, routed)           0.326     7.813    ones[3]_i_4_n_0
    SLICE_X65Y29         LUT5 (Prop_lut5_I1_O)        0.124     7.937 r  tens[3]_i_1/O
                         net (fo=4, routed)           0.802     8.739    tens[3]_i_1_n_0
    SLICE_X65Y29         FDRE                                         r  tens_reg[3]/R
  -------------------------------------------------------------------    -------------------

                         (clock sys_clk_pin rise edge)
                                                     10.000    10.000 r  
    W5                                                0.000    10.000 r  clk (IN)
                         net (fo=0)                   0.000    10.000    clk
    W5                   IBUF (Prop_ibuf_I_O)         1.388    11.388 r  clk_IBUF_inst/O
                         net (fo=1, routed)           1.862    13.250    clk_IBUF
    BUFGCTRL_X0Y0        BUFG (Prop_bufg_I_O)         0.091    13.341 r  clk_IBUF_BUFG_inst/O
                         net (fo=64, routed)          1.508    14.849    clk_IBUF_BUFG
    SLICE_X65Y29         FDRE                                         r  tens_reg[3]/C
                         clock pessimism              0.274    15.123    
                         clock uncertainty           -0.035    15.088    
    SLICE_X65Y29         FDRE (Setup_fdre_C_R)       -0.429    14.659    tens_reg[3]
  -------------------------------------------------------------------
                         required time                         14.659    
                         arrival time                          -8.739    
  -------------------------------------------------------------------
                         slack                                  5.920    

Slack (MET) :             5.986ns  (required time - arrival time)
  Source:                 debounce_counter_reg[11]/C
                            (rising edge-triggered cell FDRE clocked by sys_clk_pin  {rise@0.000ns fall@5.000ns period=10.000ns})
  Destination:            debounce_counter_reg[0]/R
                            (rising edge-triggered cell FDRE clocked by sys_clk_pin  {rise@0.000ns fall@5.000ns period=10.000ns})
  Path Group:             sys_clk_pin
  Path Type:              Setup (Max at Slow Process Corner)
  Requirement:            10.000ns  (sys_clk_pin rise@10.000ns - sys_clk_pin rise@0.000ns)
  Data Path Delay:        3.524ns  (logic 0.828ns (23.497%)  route 2.696ns (76.502%))
  Logic Levels:           3  (LUT4=1 LUT5=2)
  Clock Path Skew:        -0.026ns (DCD - SCD + CPR)
    Destination Clock Delay (DCD):    4.846ns = ( 14.846 - 10.000 ) 
    Source Clock Delay      (SCD):    5.146ns
    Clock Pessimism Removal (CPR):    0.274ns
  Clock Uncertainty:      0.035ns  ((TSJ^2 + TIJ^2)^1/2 + DJ) / 2 + PE
    Total System Jitter     (TSJ):    0.071ns
    Total Input Jitter      (TIJ):    0.000ns
    Discrete Jitter          (DJ):    0.000ns
    Phase Error              (PE):    0.000ns

    Location             Delay type                Incr(ns)  Path(ns)    Netlist Resource(s)
  -------------------------------------------------------------------    -------------------
                         (clock sys_clk_pin rise edge)
                                                      0.000     0.000 r  
    W5                                                0.000     0.000 r  clk (IN)
                         net (fo=0)                   0.000     0.000    clk
    W5                   IBUF (Prop_ibuf_I_O)         1.458     1.458 r  clk_IBUF_inst/O
                         net (fo=1, routed)           1.967     3.425    clk_IBUF
    BUFGCTRL_X0Y0        BUFG (Prop_bufg_I_O)         0.096     3.521 r  clk_IBUF_BUFG_inst/O
                         net (fo=64, routed)          1.625     5.146    clk_IBUF_BUFG
    SLICE_X62Y29         FDRE                                         r  debounce_counter_reg[11]/C
  -------------------------------------------------------------------    -------------------
    SLICE_X62Y29         FDRE (Prop_fdre_C_Q)         0.456     5.602 r  debounce_counter_reg[11]/Q
                         net (fo=2, routed)           0.821     6.423    debounce_counter_reg[11]
    SLICE_X63Y30         LUT4 (Prop_lut4_I1_O)        0.124     6.547 f  debounce_counter[0]_i_6/O
                         net (fo=2, routed)           0.815     7.363    debounce_counter[0]_i_6_n_0
    SLICE_X63Y29         LUT5 (Prop_lut5_I1_O)        0.124     7.487 f  ones[3]_i_4/O
                         net (fo=5, routed)           0.528     8.015    ones[3]_i_4_n_0
    SLICE_X64Y29         LUT5 (Prop_lut5_I4_O)        0.124     8.139 r  debounce_counter[0]_i_1/O
                         net (fo=18, routed)          0.531     8.670    debounce_counter
    SLICE_X62Y27         FDRE                                         r  debounce_counter_reg[0]/R
  -------------------------------------------------------------------    -------------------

                         (clock sys_clk_pin rise edge)
                                                     10.000    10.000 r  
    W5                                                0.000    10.000 r  clk (IN)
                         net (fo=0)                   0.000    10.000    clk
    W5                   IBUF (Prop_ibuf_I_O)         1.388    11.388 r  clk_IBUF_inst/O
                         net (fo=1, routed)           1.862    13.250    clk_IBUF
    BUFGCTRL_X0Y0        BUFG (Prop_bufg_I_O)         0.091    13.341 r  clk_IBUF_BUFG_inst/O
                         net (fo=64, routed)          1.505    14.846    clk_IBUF_BUFG
    SLICE_X62Y27         FDRE                                         r  debounce_counter_reg[0]/C
                         clock pessimism              0.274    15.120    
                         clock uncertainty           -0.035    15.085    
    SLICE_X62Y27         FDRE (Setup_fdre_C_R)       -0.429    14.656    debounce_counter_reg[0]
  -------------------------------------------------------------------
                         required time                         14.656    
                         arrival time                          -8.670    
  -------------------------------------------------------------------
                         slack                                  5.986    

Slack (MET) :             5.986ns  (required time - arrival time)
  Source:                 debounce_counter_reg[11]/C
                            (rising edge-triggered cell FDRE clocked by sys_clk_pin  {rise@0.000ns fall@5.000ns period=10.000ns})
  Destination:            debounce_counter_reg[1]/R
                            (rising edge-triggered cell FDRE clocked by sys_clk_pin  {rise@0.000ns fall@5.000ns period=10.000ns})
  Path Group:             sys_clk_pin
  Path Type:              Setup (Max at Slow Process Corner)
  Requirement:            10.000ns  (sys_clk_pin rise@10.000ns - sys_clk_pin rise@0.000ns)
  Data Path Delay:        3.524ns  (logic 0.828ns (23.497%)  route 2.696ns (76.502%))
  Logic Levels:           3  (LUT4=1 LUT5=2)
  Clock Path Skew:        -0.026ns (DCD - SCD + CPR)
    Destination Clock Delay (DCD):    4.846ns = ( 14.846 - 10.000 ) 
    Source Clock Delay      (SCD):    5.146ns
    Clock Pessimism Removal (CPR):    0.274ns
  Clock Uncertainty:      0.035ns  ((TSJ^2 + TIJ^2)^1/2 + DJ) / 2 + PE
    Total System Jitter     (TSJ):    0.071ns
    Total Input Jitter      (TIJ):    0.000ns
    Discrete Jitter          (DJ):    0.000ns
    Phase Error              (PE):    0.000ns

    Location             Delay type                Incr(ns)  Path(ns)    Netlist Resource(s)
  -------------------------------------------------------------------    -------------------
                         (clock sys_clk_pin rise edge)
                                                      0.000     0.000 r  
    W5                                                0.000     0.000 r  clk (IN)
                         net (fo=0)                   0.000     0.000    clk
    W5                   IBUF (Prop_ibuf_I_O)         1.458     1.458 r  clk_IBUF_inst/O
                         net (fo=1, routed)           1.967     3.425    clk_IBUF
    BUFGCTRL_X0Y0        BUFG (Prop_bufg_I_O)         0.096     3.521 r  clk_IBUF_BUFG_inst/O
                         net (fo=64, routed)          1.625     5.146    clk_IBUF_BUFG
    SLICE_X62Y29         FDRE                                         r  debounce_counter_reg[11]/C
  -------------------------------------------------------------------    -------------------
    SLICE_X62Y29         FDRE (Prop_fdre_C_Q)         0.456     5.602 r  debounce_counter_reg[11]/Q
                         net (fo=2, routed)           0.821     6.423    debounce_counter_reg[11]
    SLICE_X63Y30         LUT4 (Prop_lut4_I1_O)        0.124     6.547 f  debounce_counter[0]_i_6/O
                         net (fo=2, routed)           0.815     7.363    debounce_counter[0]_i_6_n_0
    SLICE_X63Y29         LUT5 (Prop_lut5_I1_O)        0.124     7.487 f  ones[3]_i_4/O
                         net (fo=5, routed)           0.528     8.015    ones[3]_i_4_n_0
    SLICE_X64Y29         LUT5 (Prop_lut5_I4_O)        0.124     8.139 r  debounce_counter[0]_i_1/O
                         net (fo=18, routed)          0.531     8.670    debounce_counter
    SLICE_X62Y27         FDRE                                         r  debounce_counter_reg[1]/R
  -------------------------------------------------------------------    -------------------

                         (clock sys_clk_pin rise edge)
                                                     10.000    10.000 r  
    W5                                                0.000    10.000 r  clk (IN)
                         net (fo=0)                   0.000    10.000    clk
    W5                   IBUF (Prop_ibuf_I_O)         1.388    11.388 r  clk_IBUF_inst/O
                         net (fo=1, routed)           1.862    13.250    clk_IBUF
    BUFGCTRL_X0Y0        BUFG (Prop_bufg_I_O)         0.091    13.341 r  clk_IBUF_BUFG_inst/O
                         net (fo=64, routed)          1.505    14.846    clk_IBUF_BUFG
    SLICE_X62Y27         FDRE                                         r  debounce_counter_reg[1]/C
                         clock pessimism              0.274    15.120    
                         clock uncertainty           -0.035    15.085    
    SLICE_X62Y27         FDRE (Setup_fdre_C_R)       -0.429    14.656    debounce_counter_reg[1]
  -------------------------------------------------------------------
                         required time                         14.656    
                         arrival time                          -8.670    
  -------------------------------------------------------------------
                         slack                                  5.986    





Min Delay Paths
--------------------------------------------------------------------------------------
Slack (MET) :             0.176ns  (arrival time - required time)
  Source:                 btnC_ff_1_reg/C
                            (rising edge-triggered cell FDRE clocked by sys_clk_pin  {rise@0.000ns fall@5.000ns period=10.000ns})
  Destination:            btnC_ff_2_reg/D
                            (rising edge-triggered cell FDRE clocked by sys_clk_pin  {rise@0.000ns fall@5.000ns period=10.000ns})
  Path Group:             sys_clk_pin
  Path Type:              Hold (Min at Fast Process Corner)
  Requirement:            0.000ns  (sys_clk_pin rise@0.000ns - sys_clk_pin rise@0.000ns)
  Data Path Delay:        0.280ns  (logic 0.141ns (50.289%)  route 0.139ns (49.712%))
  Logic Levels:           0  
  Clock Path Skew:        0.034ns (DCD - SCD - CPR)
    Destination Clock Delay (DCD):    1.977ns
    Source Clock Delay      (SCD):    1.465ns
    Clock Pessimism Removal (CPR):    0.478ns

    Location             Delay type                Incr(ns)  Path(ns)    Netlist Resource(s)
  -------------------------------------------------------------------    -------------------
                         (clock sys_clk_pin rise edge)
                                                      0.000     0.000 r  
    W5                                                0.000     0.000 r  clk (IN)
                         net (fo=0)                   0.000     0.000    clk
    W5                   IBUF (Prop_ibuf_I_O)         0.226     0.226 r  clk_IBUF_inst/O
                         net (fo=1, routed)           0.631     0.858    clk_IBUF
    BUFGCTRL_X0Y0        BUFG (Prop_bufg_I_O)         0.026     0.884 r  clk_IBUF_BUFG_inst/O
                         net (fo=64, routed)          0.582     1.465    clk_IBUF_BUFG
    SLICE_X65Y24         FDRE                                         r  btnC_ff_1_reg/C
  -------------------------------------------------------------------    -------------------
    SLICE_X65Y24         FDRE (Prop_fdre_C_Q)         0.141     1.606 r  btnC_ff_1_reg/Q
                         net (fo=1, routed)           0.139     1.746    btnC_ff_1
    SLICE_X65Y25         FDRE                                         r  btnC_ff_2_reg/D
  -------------------------------------------------------------------    -------------------

                         (clock sys_clk_pin rise edge)
                                                      0.000     0.000 r  
    W5                                                0.000     0.000 r  clk (IN)
                         net (fo=0)                   0.000     0.000    clk
    W5                   IBUF (Prop_ibuf_I_O)         0.414     0.414 r  clk_IBUF_inst/O
                         net (fo=1, routed)           0.685     1.099    clk_IBUF
    BUFGCTRL_X0Y0        BUFG (Prop_bufg_I_O)         0.029     1.128 r  clk_IBUF_BUFG_inst/O
                         net (fo=64, routed)          0.850     1.977    clk_IBUF_BUFG
    SLICE_X65Y25         FDRE                                         r  btnC_ff_2_reg/C
                         clock pessimism             -0.478     1.499    
    SLICE_X65Y25         FDRE (Hold_fdre_C_D)         0.070     1.569    btnC_ff_2_reg
  -------------------------------------------------------------------
                         required time                         -1.569    
                         arrival time                           1.746    
  -------------------------------------------------------------------
                         slack                                  0.176    

Slack (MET) :             0.199ns  (arrival time - required time)
  Source:                 ones_reg[0]/C
                            (rising edge-triggered cell FDRE clocked by sys_clk_pin  {rise@0.000ns fall@5.000ns period=10.000ns})
  Destination:            current_digit_reg[0]/D
                            (rising edge-triggered cell FDRE clocked by sys_clk_pin  {rise@0.000ns fall@5.000ns period=10.000ns})
  Path Group:             sys_clk_pin
  Path Type:              Hold (Min at Fast Process Corner)
  Requirement:            0.000ns  (sys_clk_pin rise@0.000ns - sys_clk_pin rise@0.000ns)
  Data Path Delay:        0.305ns  (logic 0.186ns (60.953%)  route 0.119ns (39.047%))
  Logic Levels:           1  (LUT4=1)
  Clock Path Skew:        0.014ns (DCD - SCD - CPR)
    Destination Clock Delay (DCD):    1.981ns
    Source Clock Delay      (SCD):    1.468ns
    Clock Pessimism Removal (CPR):    0.499ns

    Location             Delay type                Incr(ns)  Path(ns)    Netlist Resource(s)
  -------------------------------------------------------------------    -------------------
                         (clock sys_clk_pin rise edge)
                                                      0.000     0.000 r  
    W5                                                0.000     0.000 r  clk (IN)
                         net (fo=0)                   0.000     0.000    clk
    W5                   IBUF (Prop_ibuf_I_O)         0.226     0.226 r  clk_IBUF_inst/O
                         net (fo=1, routed)           0.631     0.858    clk_IBUF
    BUFGCTRL_X0Y0        BUFG (Prop_bufg_I_O)         0.026     0.884 r  clk_IBUF_BUFG_inst/O
                         net (fo=64, routed)          0.585     1.468    clk_IBUF_BUFG
    SLICE_X63Y28         FDRE                                         r  ones_reg[0]/C
  -------------------------------------------------------------------    -------------------
    SLICE_X63Y28         FDRE (Prop_fdre_C_Q)         0.141     1.609 r  ones_reg[0]/Q
                         net (fo=6, routed)           0.119     1.728    ones_reg_n_0_[0]
    SLICE_X65Y28         LUT4 (Prop_lut4_I3_O)        0.045     1.773 r  current_digit[0]_i_1/O
                         net (fo=1, routed)           0.000     1.773    current_digit[0]_i_1_n_0
    SLICE_X65Y28         FDRE                                         r  current_digit_reg[0]/D
  -------------------------------------------------------------------    -------------------

                         (clock sys_clk_pin rise edge)
                                                      0.000     0.000 r  
    W5                                                0.000     0.000 r  clk (IN)
                         net (fo=0)                   0.000     0.000    clk
    W5                   IBUF (Prop_ibuf_I_O)         0.414     0.414 r  clk_IBUF_inst/O
                         net (fo=1, routed)           0.685     1.099    clk_IBUF
    BUFGCTRL_X0Y0        BUFG (Prop_bufg_I_O)         0.029     1.128 r  clk_IBUF_BUFG_inst/O
                         net (fo=64, routed)          0.854     1.981    clk_IBUF_BUFG
    SLICE_X65Y28         FDRE                                         r  current_digit_reg[0]/C
                         clock pessimism             -0.499     1.482    
    SLICE_X65Y28         FDRE (Hold_fdre_C_D)         0.092     1.574    current_digit_reg[0]
  -------------------------------------------------------------------
                         required time                         -1.574    
                         arrival time                           1.773    
  -------------------------------------------------------------------
                         slack                                  0.199    

Slack (MET) :             0.210ns  (arrival time - required time)
  Source:                 counter_reg[16]/C
                            (rising edge-triggered cell FDRE clocked by sys_clk_pin  {rise@0.000ns fall@5.000ns period=10.000ns})
  Destination:            an_reg[0]/D
                            (rising edge-triggered cell FDRE clocked by sys_clk_pin  {rise@0.000ns fall@5.000ns period=10.000ns})
  Path Group:             sys_clk_pin
  Path Type:              Hold (Min at Fast Process Corner)
  Requirement:            0.000ns  (sys_clk_pin rise@0.000ns - sys_clk_pin rise@0.000ns)
  Data Path Delay:        0.314ns  (logic 0.209ns (66.488%)  route 0.105ns (33.512%))
  Logic Levels:           1  (LUT3=1)
  Clock Path Skew:        0.013ns (DCD - SCD - CPR)
    Destination Clock Delay (DCD):    1.981ns
    Source Clock Delay      (SCD):    1.468ns
    Clock Pessimism Removal (CPR):    0.500ns

    Location             Delay type                Incr(ns)  Path(ns)    Netlist Resource(s)
  -------------------------------------------------------------------    -------------------
                         (clock sys_clk_pin rise edge)
                                                      0.000     0.000 r  
    W5                                                0.000     0.000 r  clk (IN)
                         net (fo=0)                   0.000     0.000    clk
    W5                   IBUF (Prop_ibuf_I_O)         0.226     0.226 r  clk_IBUF_inst/O
                         net (fo=1, routed)           0.631     0.858    clk_IBUF
    BUFGCTRL_X0Y0        BUFG (Prop_bufg_I_O)         0.026     0.884 r  clk_IBUF_BUFG_inst/O
                         net (fo=64, routed)          0.585     1.468    clk_IBUF_BUFG
    SLICE_X64Y28         FDRE                                         r  counter_reg[16]/C
  -------------------------------------------------------------------    -------------------
    SLICE_X64Y28         FDRE (Prop_fdre_C_Q)         0.164     1.632 r  counter_reg[16]/Q
                         net (fo=19, routed)          0.105     1.737    p_0_in
    SLICE_X65Y28         LUT3 (Prop_lut3_I1_O)        0.045     1.782 r  an[0]_i_1/O
                         net (fo=1, routed)           0.000     1.782    an[0]_i_1_n_0
    SLICE_X65Y28         FDRE                                         r  an_reg[0]/D
  -------------------------------------------------------------------    -------------------

                         (clock sys_clk_pin rise edge)
                                                      0.000     0.000 r  
    W5                                                0.000     0.000 r  clk (IN)
                         net (fo=0)                   0.000     0.000    clk
    W5                   IBUF (Prop_ibuf_I_O)         0.414     0.414 r  clk_IBUF_inst/O
                         net (fo=1, routed)           0.685     1.099    clk_IBUF
    BUFGCTRL_X0Y0        BUFG (Prop_bufg_I_O)         0.029     1.128 r  clk_IBUF_BUFG_inst/O
                         net (fo=64, routed)          0.854     1.981    clk_IBUF_BUFG
    SLICE_X65Y28         FDRE                                         r  an_reg[0]/C
                         clock pessimism             -0.500     1.481    
    SLICE_X65Y28         FDRE (Hold_fdre_C_D)         0.091     1.572    an_reg[0]
  -------------------------------------------------------------------
                         required time                         -1.572    
                         arrival time                           1.782    
  -------------------------------------------------------------------
                         slack                                  0.210    

Slack (MET) :             0.210ns  (arrival time - required time)
  Source:                 counter_reg[16]/C
                            (rising edge-triggered cell FDRE clocked by sys_clk_pin  {rise@0.000ns fall@5.000ns period=10.000ns})
  Destination:            an_reg[1]/D
                            (rising edge-triggered cell FDRE clocked by sys_clk_pin  {rise@0.000ns fall@5.000ns period=10.000ns})
  Path Group:             sys_clk_pin
  Path Type:              Hold (Min at Fast Process Corner)
  Requirement:            0.000ns  (sys_clk_pin rise@0.000ns - sys_clk_pin rise@0.000ns)
  Data Path Delay:        0.315ns  (logic 0.209ns (66.277%)  route 0.106ns (33.723%))
  Logic Levels:           1  (LUT3=1)
  Clock Path Skew:        0.013ns (DCD - SCD - CPR)
    Destination Clock Delay (DCD):    1.981ns
    Source Clock Delay      (SCD):    1.468ns
    Clock Pessimism Removal (CPR):    0.500ns

    Location             Delay type                Incr(ns)  Path(ns)    Netlist Resource(s)
  -------------------------------------------------------------------    -------------------
                         (clock sys_clk_pin rise edge)
                                                      0.000     0.000 r  
    W5                                                0.000     0.000 r  clk (IN)
                         net (fo=0)                   0.000     0.000    clk
    W5                   IBUF (Prop_ibuf_I_O)         0.226     0.226 r  clk_IBUF_inst/O
                         net (fo=1, routed)           0.631     0.858    clk_IBUF
    BUFGCTRL_X0Y0        BUFG (Prop_bufg_I_O)         0.026     0.884 r  clk_IBUF_BUFG_inst/O
                         net (fo=64, routed)          0.585     1.468    clk_IBUF_BUFG
    SLICE_X64Y28         FDRE                                         r  counter_reg[16]/C
  -------------------------------------------------------------------    -------------------
    SLICE_X64Y28         FDRE (Prop_fdre_C_Q)         0.164     1.632 r  counter_reg[16]/Q
                         net (fo=19, routed)          0.106     1.738    p_0_in
    SLICE_X65Y28         LUT3 (Prop_lut3_I1_O)        0.045     1.783 r  an[1]_i_1/O
                         net (fo=1, routed)           0.000     1.783    an[1]_i_1_n_0
    SLICE_X65Y28         FDRE                                         r  an_reg[1]/D
  -------------------------------------------------------------------    -------------------

                         (clock sys_clk_pin rise edge)
                                                      0.000     0.000 r  
    W5                                                0.000     0.000 r  clk (IN)
                         net (fo=0)                   0.000     0.000    clk
    W5                   IBUF (Prop_ibuf_I_O)         0.414     0.414 r  clk_IBUF_inst/O
                         net (fo=1, routed)           0.685     1.099    clk_IBUF
    BUFGCTRL_X0Y0        BUFG (Prop_bufg_I_O)         0.029     1.128 r  clk_IBUF_BUFG_inst/O
                         net (fo=64, routed)          0.854     1.981    clk_IBUF_BUFG
    SLICE_X65Y28         FDRE                                         r  an_reg[1]/C
                         clock pessimism             -0.500     1.481    
    SLICE_X65Y28         FDRE (Hold_fdre_C_D)         0.092     1.573    an_reg[1]
  -------------------------------------------------------------------
                         required time                         -1.573    
                         arrival time                           1.783    
  -------------------------------------------------------------------
                         slack                                  0.210    

Slack (MET) :             0.227ns  (arrival time - required time)
  Source:                 btnU_ff_1_reg/C
                            (rising edge-triggered cell FDRE clocked by sys_clk_pin  {rise@0.000ns fall@5.000ns period=10.000ns})
  Destination:            btnU_ff_2_reg/D
                            (rising edge-triggered cell FDRE clocked by sys_clk_pin  {rise@0.000ns fall@5.000ns period=10.000ns})
  Path Group:             sys_clk_pin
  Path Type:              Hold (Min at Fast Process Corner)
  Requirement:            0.000ns  (sys_clk_pin rise@0.000ns - sys_clk_pin rise@0.000ns)
  Data Path Delay:        0.311ns  (logic 0.141ns (45.298%)  route 0.170ns (54.702%))
  Logic Levels:           0  
  Clock Path Skew:        0.014ns (DCD - SCD - CPR)
    Destination Clock Delay (DCD):    1.978ns
    Source Clock Delay      (SCD):    1.465ns
    Clock Pessimism Removal (CPR):    0.499ns

    Location             Delay type                Incr(ns)  Path(ns)    Netlist Resource(s)
  -------------------------------------------------------------------    -------------------
                         (clock sys_clk_pin rise edge)
                                                      0.000     0.000 r  
    W5                                                0.000     0.000 r  clk (IN)
                         net (fo=0)                   0.000     0.000    clk
    W5                   IBUF (Prop_ibuf_I_O)         0.226     0.226 r  clk_IBUF_inst/O
                         net (fo=1, routed)           0.631     0.858    clk_IBUF
    BUFGCTRL_X0Y0        BUFG (Prop_bufg_I_O)         0.026     0.884 r  clk_IBUF_BUFG_inst/O
                         net (fo=64, routed)          0.582     1.465    clk_IBUF_BUFG
    SLICE_X65Y25         FDRE                                         r  btnU_ff_1_reg/C
  -------------------------------------------------------------------    -------------------
    SLICE_X65Y25         FDRE (Prop_fdre_C_Q)         0.141     1.606 r  btnU_ff_1_reg/Q
                         net (fo=1, routed)           0.170     1.776    btnU_ff_1
    SLICE_X65Y26         FDRE                                         r  btnU_ff_2_reg/D
  -------------------------------------------------------------------    -------------------

                         (clock sys_clk_pin rise edge)
                                                      0.000     0.000 r  
    W5                                                0.000     0.000 r  clk (IN)
                         net (fo=0)                   0.000     0.000    clk
    W5                   IBUF (Prop_ibuf_I_O)         0.414     0.414 r  clk_IBUF_inst/O
                         net (fo=1, routed)           0.685     1.099    clk_IBUF
    BUFGCTRL_X0Y0        BUFG (Prop_bufg_I_O)         0.029     1.128 r  clk_IBUF_BUFG_inst/O
                         net (fo=64, routed)          0.851     1.978    clk_IBUF_BUFG
    SLICE_X65Y26         FDRE                                         r  btnU_ff_2_reg/C
                         clock pessimism             -0.499     1.479    
    SLICE_X65Y26         FDRE (Hold_fdre_C_D)         0.070     1.549    btnU_ff_2_reg
  -------------------------------------------------------------------
                         required time                         -1.549    
                         arrival time                           1.776    
  -------------------------------------------------------------------
                         slack                                  0.227    

Slack (MET) :             0.237ns  (arrival time - required time)
  Source:                 btnU_ff_2_reg/C
                            (rising edge-triggered cell FDRE clocked by sys_clk_pin  {rise@0.000ns fall@5.000ns period=10.000ns})
  Destination:            btnU_ff_prev_reg/D
                            (rising edge-triggered cell FDRE clocked by sys_clk_pin  {rise@0.000ns fall@5.000ns period=10.000ns})
  Path Group:             sys_clk_pin
  Path Type:              Hold (Min at Fast Process Corner)
  Requirement:            0.000ns  (sys_clk_pin rise@0.000ns - sys_clk_pin rise@0.000ns)
  Data Path Delay:        0.313ns  (logic 0.141ns (45.028%)  route 0.172ns (54.972%))
  Logic Levels:           0  
  Clock Path Skew:        0.017ns (DCD - SCD - CPR)
    Destination Clock Delay (DCD):    1.982ns
    Source Clock Delay      (SCD):    1.466ns
    Clock Pessimism Removal (CPR):    0.499ns

    Location             Delay type                Incr(ns)  Path(ns)    Netlist Resource(s)
  -------------------------------------------------------------------    -------------------
                         (clock sys_clk_pin rise edge)
                                                      0.000     0.000 r  
    W5                                                0.000     0.000 r  clk (IN)
                         net (fo=0)                   0.000     0.000    clk
    W5                   IBUF (Prop_ibuf_I_O)         0.226     0.226 r  clk_IBUF_inst/O
                         net (fo=1, routed)           0.631     0.858    clk_IBUF
    BUFGCTRL_X0Y0        BUFG (Prop_bufg_I_O)         0.026     0.884 r  clk_IBUF_BUFG_inst/O
                         net (fo=64, routed)          0.583     1.466    clk_IBUF_BUFG
    SLICE_X65Y26         FDRE                                         r  btnU_ff_2_reg/C
  -------------------------------------------------------------------    -------------------
    SLICE_X65Y26         FDRE (Prop_fdre_C_Q)         0.141     1.607 r  btnU_ff_2_reg/Q
                         net (fo=4, routed)           0.172     1.779    btnU_ff_2
    SLICE_X64Y29         FDRE                                         r  btnU_ff_prev_reg/D
  -------------------------------------------------------------------    -------------------

                         (clock sys_clk_pin rise edge)
                                                      0.000     0.000 r  
    W5                                                0.000     0.000 r  clk (IN)
                         net (fo=0)                   0.000     0.000    clk
    W5                   IBUF (Prop_ibuf_I_O)         0.414     0.414 r  clk_IBUF_inst/O
                         net (fo=1, routed)           0.685     1.099    clk_IBUF
    BUFGCTRL_X0Y0        BUFG (Prop_bufg_I_O)         0.029     1.128 r  clk_IBUF_BUFG_inst/O
                         net (fo=64, routed)          0.855     1.982    clk_IBUF_BUFG
    SLICE_X64Y29         FDRE                                         r  btnU_ff_prev_reg/C
                         clock pessimism             -0.499     1.483    
    SLICE_X64Y29         FDRE (Hold_fdre_C_D)         0.059     1.542    btnU_ff_prev_reg
  -------------------------------------------------------------------
                         required time                         -1.542    
                         arrival time                           1.779    
  -------------------------------------------------------------------
                         slack                                  0.237    

Slack (MET) :             0.247ns  (arrival time - required time)
  Source:                 ones_reg[0]/C
                            (rising edge-triggered cell FDRE clocked by sys_clk_pin  {rise@0.000ns fall@5.000ns period=10.000ns})
  Destination:            ones_reg[3]/D
                            (rising edge-triggered cell FDRE clocked by sys_clk_pin  {rise@0.000ns fall@5.000ns period=10.000ns})
  Path Group:             sys_clk_pin
  Path Type:              Hold (Min at Fast Process Corner)
  Requirement:            0.000ns  (sys_clk_pin rise@0.000ns - sys_clk_pin rise@0.000ns)
  Data Path Delay:        0.354ns  (logic 0.184ns (51.942%)  route 0.170ns (48.058%))
  Logic Levels:           1  (LUT4=1)
  Clock Path Skew:        0.000ns (DCD - SCD - CPR)
    Destination Clock Delay (DCD):    1.981ns
    Source Clock Delay      (SCD):    1.468ns
    Clock Pessimism Removal (CPR):    0.513ns

    Location             Delay type                Incr(ns)  Path(ns)    Netlist Resource(s)
  -------------------------------------------------------------------    -------------------
                         (clock sys_clk_pin rise edge)
                                                      0.000     0.000 r  
    W5                                                0.000     0.000 r  clk (IN)
                         net (fo=0)                   0.000     0.000    clk
    W5                   IBUF (Prop_ibuf_I_O)         0.226     0.226 r  clk_IBUF_inst/O
                         net (fo=1, routed)           0.631     0.858    clk_IBUF
    BUFGCTRL_X0Y0        BUFG (Prop_bufg_I_O)         0.026     0.884 r  clk_IBUF_BUFG_inst/O
                         net (fo=64, routed)          0.585     1.468    clk_IBUF_BUFG
    SLICE_X63Y28         FDRE                                         r  ones_reg[0]/C
  -------------------------------------------------------------------    -------------------
    SLICE_X63Y28         FDRE (Prop_fdre_C_Q)         0.141     1.609 r  ones_reg[0]/Q
                         net (fo=6, routed)           0.170     1.779    ones_reg_n_0_[0]
    SLICE_X63Y28         LUT4 (Prop_lut4_I3_O)        0.043     1.822 r  ones[3]_i_3/O
                         net (fo=1, routed)           0.000     1.822    ones[3]_i_3_n_0
    SLICE_X63Y28         FDRE                                         r  ones_reg[3]/D
  -------------------------------------------------------------------    -------------------

                         (clock sys_clk_pin rise edge)
                                                      0.000     0.000 r  
    W5                                                0.000     0.000 r  clk (IN)
                         net (fo=0)                   0.000     0.000    clk
    W5                   IBUF (Prop_ibuf_I_O)         0.414     0.414 r  clk_IBUF_inst/O
                         net (fo=1, routed)           0.685     1.099    clk_IBUF
    BUFGCTRL_X0Y0        BUFG (Prop_bufg_I_O)         0.029     1.128 r  clk_IBUF_BUFG_inst/O
                         net (fo=64, routed)          0.854     1.981    clk_IBUF_BUFG
    SLICE_X63Y28         FDRE                                         r  ones_reg[3]/C
                         clock pessimism             -0.513     1.468    
    SLICE_X63Y28         FDRE (Hold_fdre_C_D)         0.107     1.575    ones_reg[3]
  -------------------------------------------------------------------
                         required time                         -1.575    
                         arrival time                           1.822    
  -------------------------------------------------------------------
                         slack                                  0.247    

Slack (MET) :             0.247ns  (arrival time - required time)
  Source:                 tens_reg[0]/C
                            (rising edge-triggered cell FDRE clocked by sys_clk_pin  {rise@0.000ns fall@5.000ns period=10.000ns})
  Destination:            tens_reg[3]/D
                            (rising edge-triggered cell FDRE clocked by sys_clk_pin  {rise@0.000ns fall@5.000ns period=10.000ns})
  Path Group:             sys_clk_pin
  Path Type:              Hold (Min at Fast Process Corner)
  Requirement:            0.000ns  (sys_clk_pin rise@0.000ns - sys_clk_pin rise@0.000ns)
  Data Path Delay:        0.354ns  (logic 0.184ns (51.942%)  route 0.170ns (48.058%))
  Logic Levels:           1  (LUT4=1)
  Clock Path Skew:        0.000ns (DCD - SCD - CPR)
    Destination Clock Delay (DCD):    1.982ns
    Source Clock Delay      (SCD):    1.469ns
    Clock Pessimism Removal (CPR):    0.513ns

    Location             Delay type                Incr(ns)  Path(ns)    Netlist Resource(s)
  -------------------------------------------------------------------    -------------------
                         (clock sys_clk_pin rise edge)
                                                      0.000     0.000 r  
    W5                                                0.000     0.000 r  clk (IN)
                         net (fo=0)                   0.000     0.000    clk
    W5                   IBUF (Prop_ibuf_I_O)         0.226     0.226 r  clk_IBUF_inst/O
                         net (fo=1, routed)           0.631     0.858    clk_IBUF
    BUFGCTRL_X0Y0        BUFG (Prop_bufg_I_O)         0.026     0.884 r  clk_IBUF_BUFG_inst/O
                         net (fo=64, routed)          0.586     1.469    clk_IBUF_BUFG
    SLICE_X65Y29         FDRE                                         r  tens_reg[0]/C
  -------------------------------------------------------------------    -------------------
    SLICE_X65Y29         FDRE (Prop_fdre_C_Q)         0.141     1.610 r  tens_reg[0]/Q
                         net (fo=5, routed)           0.170     1.780    tens[0]
    SLICE_X65Y29         LUT4 (Prop_lut4_I0_O)        0.043     1.823 r  tens[3]_i_3/O
                         net (fo=1, routed)           0.000     1.823    tens[3]_i_3_n_0
    SLICE_X65Y29         FDRE                                         r  tens_reg[3]/D
  -------------------------------------------------------------------    -------------------

                         (clock sys_clk_pin rise edge)
                                                      0.000     0.000 r  
    W5                                                0.000     0.000 r  clk (IN)
                         net (fo=0)                   0.000     0.000    clk
    W5                   IBUF (Prop_ibuf_I_O)         0.414     0.414 r  clk_IBUF_inst/O
                         net (fo=1, routed)           0.685     1.099    clk_IBUF
    BUFGCTRL_X0Y0        BUFG (Prop_bufg_I_O)         0.029     1.128 r  clk_IBUF_BUFG_inst/O
                         net (fo=64, routed)          0.855     1.982    clk_IBUF_BUFG
    SLICE_X65Y29         FDRE                                         r  tens_reg[3]/C
                         clock pessimism             -0.513     1.469    
    SLICE_X65Y29         FDRE (Hold_fdre_C_D)         0.107     1.576    tens_reg[3]
  -------------------------------------------------------------------
                         required time                         -1.576    
                         arrival time                           1.823    
  -------------------------------------------------------------------
                         slack                                  0.247    

Slack (MET) :             0.249ns  (arrival time - required time)
  Source:                 ones_reg[2]/C
                            (rising edge-triggered cell FDRE clocked by sys_clk_pin  {rise@0.000ns fall@5.000ns period=10.000ns})
  Destination:            current_digit_reg[2]/D
                            (rising edge-triggered cell FDRE clocked by sys_clk_pin  {rise@0.000ns fall@5.000ns period=10.000ns})
  Path Group:             sys_clk_pin
  Path Type:              Hold (Min at Fast Process Corner)
  Requirement:            0.000ns  (sys_clk_pin rise@0.000ns - sys_clk_pin rise@0.000ns)
  Data Path Delay:        0.355ns  (logic 0.227ns (64.003%)  route 0.128ns (35.997%))
  Logic Levels:           1  (LUT4=1)
  Clock Path Skew:        0.014ns (DCD - SCD - CPR)
    Destination Clock Delay (DCD):    1.981ns
    Source Clock Delay      (SCD):    1.468ns
    Clock Pessimism Removal (CPR):    0.499ns

    Location             Delay type                Incr(ns)  Path(ns)    Netlist Resource(s)
  -------------------------------------------------------------------    -------------------
                         (clock sys_clk_pin rise edge)
                                                      0.000     0.000 r  
    W5                                                0.000     0.000 r  clk (IN)
                         net (fo=0)                   0.000     0.000    clk
    W5                   IBUF (Prop_ibuf_I_O)         0.226     0.226 r  clk_IBUF_inst/O
                         net (fo=1, routed)           0.631     0.858    clk_IBUF
    BUFGCTRL_X0Y0        BUFG (Prop_bufg_I_O)         0.026     0.884 r  clk_IBUF_BUFG_inst/O
                         net (fo=64, routed)          0.585     1.468    clk_IBUF_BUFG
    SLICE_X63Y28         FDRE                                         r  ones_reg[2]/C
  -------------------------------------------------------------------    -------------------
    SLICE_X63Y28         FDRE (Prop_fdre_C_Q)         0.128     1.596 r  ones_reg[2]/Q
                         net (fo=5, routed)           0.128     1.724    ones_reg_n_0_[2]
    SLICE_X65Y28         LUT4 (Prop_lut4_I3_O)        0.099     1.823 r  current_digit[2]_i_1/O
                         net (fo=1, routed)           0.000     1.823    current_digit[2]_i_1_n_0
    SLICE_X65Y28         FDRE                                         r  current_digit_reg[2]/D
  -------------------------------------------------------------------    -------------------

                         (clock sys_clk_pin rise edge)
                                                      0.000     0.000 r  
    W5                                                0.000     0.000 r  clk (IN)
                         net (fo=0)                   0.000     0.000    clk
    W5                   IBUF (Prop_ibuf_I_O)         0.414     0.414 r  clk_IBUF_inst/O
                         net (fo=1, routed)           0.685     1.099    clk_IBUF
    BUFGCTRL_X0Y0        BUFG (Prop_bufg_I_O)         0.029     1.128 r  clk_IBUF_BUFG_inst/O
                         net (fo=64, routed)          0.854     1.981    clk_IBUF_BUFG
    SLICE_X65Y28         FDRE                                         r  current_digit_reg[2]/C
                         clock pessimism             -0.499     1.482    
    SLICE_X65Y28         FDRE (Hold_fdre_C_D)         0.092     1.574    current_digit_reg[2]
  -------------------------------------------------------------------
                         required time                         -1.574    
                         arrival time                           1.823    
  -------------------------------------------------------------------
                         slack                                  0.249    

Slack (MET) :             0.254ns  (arrival time - required time)
  Source:                 btnD_ff_2_reg/C
                            (rising edge-triggered cell FDRE clocked by sys_clk_pin  {rise@0.000ns fall@5.000ns period=10.000ns})
  Destination:            btnD_ff_prev_reg/D
                            (rising edge-triggered cell FDRE clocked by sys_clk_pin  {rise@0.000ns fall@5.000ns period=10.000ns})
  Path Group:             sys_clk_pin
  Path Type:              Hold (Min at Fast Process Corner)
  Requirement:            0.000ns  (sys_clk_pin rise@0.000ns - sys_clk_pin rise@0.000ns)
  Data Path Delay:        0.331ns  (logic 0.141ns (42.566%)  route 0.190ns (57.434%))
  Logic Levels:           0  
  Clock Path Skew:        0.017ns (DCD - SCD - CPR)
    Destination Clock Delay (DCD):    1.981ns
    Source Clock Delay      (SCD):    1.465ns
    Clock Pessimism Removal (CPR):    0.499ns

    Location             Delay type                Incr(ns)  Path(ns)    Netlist Resource(s)
  -------------------------------------------------------------------    -------------------
                         (clock sys_clk_pin rise edge)
                                                      0.000     0.000 r  
    W5                                                0.000     0.000 r  clk (IN)
                         net (fo=0)                   0.000     0.000    clk
    W5                   IBUF (Prop_ibuf_I_O)         0.226     0.226 r  clk_IBUF_inst/O
                         net (fo=1, routed)           0.631     0.858    clk_IBUF
    BUFGCTRL_X0Y0        BUFG (Prop_bufg_I_O)         0.026     0.884 r  clk_IBUF_BUFG_inst/O
                         net (fo=64, routed)          0.582     1.465    clk_IBUF_BUFG
    SLICE_X65Y25         FDRE                                         r  btnD_ff_2_reg/C
  -------------------------------------------------------------------    -------------------
    SLICE_X65Y25         FDRE (Prop_fdre_C_Q)         0.141     1.606 r  btnD_ff_2_reg/Q
                         net (fo=5, routed)           0.190     1.796    btnD_ff_2
    SLICE_X64Y28         FDRE                                         r  btnD_ff_prev_reg/D
  -------------------------------------------------------------------    -------------------

                         (clock sys_clk_pin rise edge)
                                                      0.000     0.000 r  
    W5                                                0.000     0.000 r  clk (IN)
                         net (fo=0)                   0.000     0.000    clk
    W5                   IBUF (Prop_ibuf_I_O)         0.414     0.414 r  clk_IBUF_inst/O
                         net (fo=1, routed)           0.685     1.099    clk_IBUF
    BUFGCTRL_X0Y0        BUFG (Prop_bufg_I_O)         0.029     1.128 r  clk_IBUF_BUFG_inst/O
                         net (fo=64, routed)          0.854     1.981    clk_IBUF_BUFG
    SLICE_X64Y28         FDRE                                         r  btnD_ff_prev_reg/C
                         clock pessimism             -0.499     1.482    
    SLICE_X64Y28         FDRE (Hold_fdre_C_D)         0.060     1.542    btnD_ff_prev_reg
  -------------------------------------------------------------------
                         required time                         -1.542    
                         arrival time                           1.796    
  -------------------------------------------------------------------
                         slack                                  0.254    





Pulse Width Checks
--------------------------------------------------------------------------------------
Clock Name:         sys_clk_pin
Waveform(ns):       { 0.000 5.000 }
Period(ns):         10.000
Sources:            { clk }

Check Type        Corner  Lib Pin  Reference Pin  Required(ns)  Actual(ns)  Slack(ns)  Location       Pin
Min Period        n/a     BUFG/I   n/a            2.155         10.000      7.845      BUFGCTRL_X0Y0  clk_IBUF_BUFG_inst/I
Min Period        n/a     FDRE/C   n/a            1.000         10.000      9.000      SLICE_X65Y28   an_reg[0]/C
Min Period        n/a     FDRE/C   n/a            1.000         10.000      9.000      SLICE_X65Y28   an_reg[1]/C
Min Period        n/a     FDRE/C   n/a            1.000         10.000      9.000      SLICE_X65Y24   btnC_ff_1_reg/C
Min Period        n/a     FDRE/C   n/a            1.000         10.000      9.000      SLICE_X65Y25   btnC_ff_2_reg/C
Min Period        n/a     FDRE/C   n/a            1.000         10.000      9.000      SLICE_X65Y25   btnD_ff_1_reg/C
Min Period        n/a     FDRE/C   n/a            1.000         10.000      9.000      SLICE_X65Y25   btnD_ff_2_reg/C
Min Period        n/a     FDRE/C   n/a            1.000         10.000      9.000      SLICE_X64Y28   btnD_ff_prev_reg/C
Min Period        n/a     FDRE/C   n/a            1.000         10.000      9.000      SLICE_X65Y25   btnU_ff_1_reg/C
Min Period        n/a     FDRE/C   n/a            1.000         10.000      9.000      SLICE_X65Y26   btnU_ff_2_reg/C
Low Pulse Width   Slow    FDRE/C   n/a            0.500         5.000       4.500      SLICE_X65Y28   an_reg[0]/C
Low Pulse Width   Fast    FDRE/C   n/a            0.500         5.000       4.500      SLICE_X65Y28   an_reg[0]/C
Low Pulse Width   Slow    FDRE/C   n/a            0.500         5.000       4.500      SLICE_X65Y28   an_reg[1]/C
Low Pulse Width   Fast    FDRE/C   n/a            0.500         5.000       4.500      SLICE_X65Y28   an_reg[1]/C
Low Pulse Width   Fast    FDRE/C   n/a            0.500         5.000       4.500      SLICE_X65Y24   btnC_ff_1_reg/C
Low Pulse Width   Fast    FDRE/C   n/a            0.500         5.000       4.500      SLICE_X65Y25   btnC_ff_2_reg/C
Low Pulse Width   Fast    FDRE/C   n/a            0.500         5.000       4.500      SLICE_X65Y25   btnD_ff_1_reg/C
Low Pulse Width   Fast    FDRE/C   n/a            0.500         5.000       4.500      SLICE_X65Y25   btnD_ff_2_reg/C
Low Pulse Width   Slow    FDRE/C   n/a            0.500         5.000       4.500      SLICE_X64Y28   btnD_ff_prev_reg/C
Low Pulse Width   Fast    FDRE/C   n/a            0.500         5.000       4.500      SLICE_X64Y28   btnD_ff_prev_reg/C
High Pulse Width  Slow    FDRE/C   n/a            0.500         5.000       4.500      SLICE_X65Y24   btnC_ff_1_reg/C
High Pulse Width  Slow    FDRE/C   n/a            0.500         5.000       4.500      SLICE_X65Y25   btnC_ff_2_reg/C
High Pulse Width  Slow    FDRE/C   n/a            0.500         5.000       4.500      SLICE_X65Y25   btnD_ff_1_reg/C
High Pulse Width  Slow    FDRE/C   n/a            0.500         5.000       4.500      SLICE_X65Y25   btnD_ff_2_reg/C
High Pulse Width  Slow    FDRE/C   n/a            0.500         5.000       4.500      SLICE_X65Y25   btnU_ff_1_reg/C
High Pulse Width  Slow    FDRE/C   n/a            0.500         5.000       4.500      SLICE_X65Y26   btnU_ff_2_reg/C
High Pulse Width  Slow    FDRE/C   n/a            0.500         5.000       4.500      SLICE_X64Y24   counter_reg[0]/C
High Pulse Width  Slow    FDRE/C   n/a            0.500         5.000       4.500      SLICE_X64Y26   counter_reg[10]/C
High Pulse Width  Slow    FDRE/C   n/a            0.500         5.000       4.500      SLICE_X64Y26   counter_reg[11]/C
High Pulse Width  Slow    FDRE/C   n/a            0.500         5.000       4.500      SLICE_X64Y27   counter_reg[12]/C



