Copyright 1986-2017 Xilinx, Inc. All Rights Reserved.
-------------------------------------------------------------------------------------------------------------------------------------------------------------------
| Tool Version : Vivado v.2017.4 (win64) Build 2086221 Fri Dec 15 20:55:39 MST 2017
| Date         : Thu Sep 24 12:31:14 2026
| Host         : CECS8QRHRY3 running 64-bit major release  (build 9200)
| Command      : report_timing_summary -max_paths 10 -file ps2_interface_timing_summary_routed.rpt -rpx ps2_interface_timing_summary_routed.rpx -warn_on_violation
| Design       : ps2_interface
| Device       : 7a35t-cpg236
| Speed File   : -1  PRODUCTION 1.20 2017-11-01
-------------------------------------------------------------------------------------------------------------------------------------------------------------------

Timing Summary Report

------------------------------------------------------------------------------------------------
| Timer Settings
| --------------
------------------------------------------------------------------------------------------------

  Enable Multi Corner Analysis               :  Yes
  Enable Pessimism Removal                   :  Yes
  Pessimism Removal Resolution               :  Nearest Common Node
  Enable Input Delay Default Clock           :  No
  Enable Preset / Clear Arcs                 :  No
  Disable Flight Delays                      :  No
  Ignore I/O Paths                           :  No
  Timing Early Launch at Borrowing Latches   :  false

  Corner  Analyze    Analyze    
  Name    Max Paths  Min Paths  
  ------  ---------  ---------  
  Slow    Yes        Yes        
  Fast    Yes        Yes        



check_timing report

Table of Contents
-----------------
1. checking no_clock
2. checking constant_clock
3. checking pulse_width_clock
4. checking unconstrained_internal_endpoints
5. checking no_input_delay
6. checking no_output_delay
7. checking multiple_clock
8. checking generated_clocks
9. checking loops
10. checking partial_input_delay
11. checking partial_output_delay
12. checking latch_loops

1. checking no_clock
--------------------
 There are 0 register/latch pins with no clock.


2. checking constant_clock
--------------------------
 There are 0 register/latch pins with constant_clock.


3. checking pulse_width_clock
-----------------------------
 There are 0 register/latch pins which need pulse_width check


4. checking unconstrained_internal_endpoints
--------------------------------------------
 There are 0 pins that are not constrained for maximum delay.

 There are 0 pins that are not constrained for maximum delay due to constant clock.


5. checking no_input_delay
--------------------------
 There are 0 input ports with no input delay specified.

 There are 3 input ports with no input delay but user has a false path constraint. (MEDIUM)


6. checking no_output_delay
---------------------------
 There are 0 ports with no output delay specified.

 There are 0 ports with no output delay but user has a false path constraint

 There are 0 ports with no output delay but with a timing clock defined on it or propagating through it


7. checking multiple_clock
--------------------------
 There are 0 register/latch pins with multiple clocks.


8. checking generated_clocks
----------------------------
 There are 0 generated clocks that are not connected to a clock source.


9. checking loops
-----------------
 There are 0 combinational loops in the design.


10. checking partial_input_delay
--------------------------------
 There are 0 input ports with partial input delay specified.


11. checking partial_output_delay
---------------------------------
 There are 0 ports with partial output delay specified.


12. checking latch_loops
------------------------
 There are 0 combinational latch loops in the design through latch input



------------------------------------------------------------------------------------------------
| Design Timing Summary
| ---------------------
------------------------------------------------------------------------------------------------

    WNS(ns)      TNS(ns)  TNS Failing Endpoints  TNS Total Endpoints      WHS(ns)      THS(ns)  THS Failing Endpoints  THS Total Endpoints     WPWS(ns)     TPWS(ns)  TPWS Failing Endpoints  TPWS Total Endpoints  
    -------      -------  ---------------------  -------------------      -------      -------  ---------------------  -------------------     --------     --------  ----------------------  --------------------  
     -2.818      -43.372                     16                   68        0.128        0.000                      0                   68        4.500        0.000                       0                    35  


Timing constraints are not met.


------------------------------------------------------------------------------------------------
| Clock Summary
| -------------
------------------------------------------------------------------------------------------------

Clock    Waveform(ns)       Period(ns)      Frequency(MHz)
-----    ------------       ----------      --------------
sys_clk  {0.000 5.000}      10.000          100.000         


------------------------------------------------------------------------------------------------
| Intra Clock Table
| -----------------
------------------------------------------------------------------------------------------------

Clock             WNS(ns)      TNS(ns)  TNS Failing Endpoints  TNS Total Endpoints      WHS(ns)      THS(ns)  THS Failing Endpoints  THS Total Endpoints     WPWS(ns)     TPWS(ns)  TPWS Failing Endpoints  TPWS Total Endpoints  
-----             -------      -------  ---------------------  -------------------      -------      -------  ---------------------  -------------------     --------     --------  ----------------------  --------------------  
sys_clk            -2.818      -43.372                     16                   68        0.128        0.000                      0                   68        4.500        0.000                       0                    35  


------------------------------------------------------------------------------------------------
| Inter Clock Table
| -----------------
------------------------------------------------------------------------------------------------

From Clock    To Clock          WNS(ns)      TNS(ns)  TNS Failing Endpoints  TNS Total Endpoints      WHS(ns)      THS(ns)  THS Failing Endpoints  THS Total Endpoints  
----------    --------          -------      -------  ---------------------  -------------------      -------      -------  ---------------------  -------------------  


------------------------------------------------------------------------------------------------
| Other Path Groups Table
| -----------------------
------------------------------------------------------------------------------------------------

Path Group    From Clock    To Clock          WNS(ns)      TNS(ns)  TNS Failing Endpoints  TNS Total Endpoints      WHS(ns)      THS(ns)  THS Failing Endpoints  THS Total Endpoints  
----------    ----------    --------          -------      -------  ---------------------  -------------------      -------      -------  ---------------------  -------------------  


------------------------------------------------------------------------------------------------
| Timing Details
| --------------
------------------------------------------------------------------------------------------------


---------------------------------------------------------------------------------------------------
From Clock:  sys_clk
  To Clock:  sys_clk

Setup :           16  Failing Endpoints,  Worst Slack       -2.818ns,  Total Violation      -43.372ns
Hold  :            0  Failing Endpoints,  Worst Slack        0.128ns,  Total Violation        0.000ns
PW    :            0  Failing Endpoints,  Worst Slack        4.500ns,  Total Violation        0.000ns
---------------------------------------------------------------------------------------------------


Max Delay Paths
--------------------------------------------------------------------------------------
Slack (VIOLATED) :        -2.818ns  (required time - arrival time)
  Source:                 led_reg[15]/C
                            (rising edge-triggered cell FDRE clocked by sys_clk  {rise@0.000ns fall@5.000ns period=10.000ns})
  Destination:            led[9]
                            (output port clocked by sys_clk  {rise@0.000ns fall@5.000ns period=10.000ns})
  Path Group:             sys_clk
  Path Type:              Max at Slow Process Corner
  Requirement:            10.000ns  (sys_clk rise@10.000ns - sys_clk rise@0.000ns)
  Data Path Delay:        5.627ns  (logic 3.964ns (70.450%)  route 1.663ns (29.550%))
  Logic Levels:           1  (OBUF=1)
  Output Delay:           2.000ns
  Clock Path Skew:        -5.155ns (DCD - SCD + CPR)
    Destination Clock Delay (DCD):    0.000ns = ( 10.000 - 10.000 ) 
    Source Clock Delay      (SCD):    5.155ns
    Clock Pessimism Removal (CPR):    0.000ns
  Clock Uncertainty:      0.035ns  ((TSJ^2 + TIJ^2)^1/2 + DJ) / 2 + PE
    Total System Jitter     (TSJ):    0.071ns
    Total Input Jitter      (TIJ):    0.000ns
    Discrete Jitter          (DJ):    0.000ns
    Phase Error              (PE):    0.000ns

    Location             Delay type                Incr(ns)  Path(ns)    Netlist Resource(s)
  -------------------------------------------------------------------    -------------------
                         (clock sys_clk rise edge)    0.000     0.000 r  
    W5                                                0.000     0.000 r  clk (IN)
                         net (fo=0)                   0.000     0.000    clk
    W5                   IBUF (Prop_ibuf_I_O)         1.458     1.458 r  clk_IBUF_inst/O
                         net (fo=1, routed)           1.967     3.425    clk_IBUF
    BUFGCTRL_X0Y0        BUFG (Prop_bufg_I_O)         0.096     3.521 r  clk_IBUF_BUFG_inst/O
                         net (fo=34, routed)          1.634     5.155    clk_IBUF_BUFG
    SLICE_X65Y37         FDRE                                         r  led_reg[15]/C
  -------------------------------------------------------------------    -------------------
    SLICE_X65Y37         FDRE (Prop_fdre_C_Q)         0.456     5.611 r  led_reg[15]/Q
                         net (fo=1, routed)           1.663     7.274    led_OBUF[4]
    V3                   OBUF (Prop_obuf_I_O)         3.508    10.782 r  led_OBUF[9]_inst/O
                         net (fo=0)                   0.000    10.782    led[9]
    V3                                                                r  led[9] (OUT)
  -------------------------------------------------------------------    -------------------

                         (clock sys_clk rise edge)   10.000    10.000 r  
                         clock pessimism              0.000    10.000    
                         clock uncertainty           -0.035     9.965    
                         output delay                -2.000     7.965    
  -------------------------------------------------------------------
                         required time                          7.965    
                         arrival time                         -10.782    
  -------------------------------------------------------------------
                         slack                                 -2.818    

Slack (VIOLATED) :        -2.806ns  (required time - arrival time)
  Source:                 led_reg[15]_lopt_replica_2/C
                            (rising edge-triggered cell FDRE clocked by sys_clk  {rise@0.000ns fall@5.000ns period=10.000ns})
  Destination:            led[11]
                            (output port clocked by sys_clk  {rise@0.000ns fall@5.000ns period=10.000ns})
  Path Group:             sys_clk
  Path Type:              Max at Slow Process Corner
  Requirement:            10.000ns  (sys_clk rise@10.000ns - sys_clk rise@0.000ns)
  Data Path Delay:        5.623ns  (logic 3.960ns (70.426%)  route 1.663ns (29.574%))
  Logic Levels:           1  (OBUF=1)
  Output Delay:           2.000ns
  Clock Path Skew:        -5.148ns (DCD - SCD + CPR)
    Destination Clock Delay (DCD):    0.000ns = ( 10.000 - 10.000 ) 
    Source Clock Delay      (SCD):    5.148ns
    Clock Pessimism Removal (CPR):    0.000ns
  Clock Uncertainty:      0.035ns  ((TSJ^2 + TIJ^2)^1/2 + DJ) / 2 + PE
    Total System Jitter     (TSJ):    0.071ns
    Total Input Jitter      (TIJ):    0.000ns
    Discrete Jitter          (DJ):    0.000ns
    Phase Error              (PE):    0.000ns

    Location             Delay type                Incr(ns)  Path(ns)    Netlist Resource(s)
  -------------------------------------------------------------------    -------------------
                         (clock sys_clk rise edge)    0.000     0.000 r  
    W5                                                0.000     0.000 r  clk (IN)
                         net (fo=0)                   0.000     0.000    clk
    W5                   IBUF (Prop_ibuf_I_O)         1.458     1.458 r  clk_IBUF_inst/O
                         net (fo=1, routed)           1.967     3.425    clk_IBUF
    BUFGCTRL_X0Y0        BUFG (Prop_bufg_I_O)         0.096     3.521 r  clk_IBUF_BUFG_inst/O
                         net (fo=34, routed)          1.627     5.148    clk_IBUF_BUFG
    SLICE_X65Y31         FDRE                                         r  led_reg[15]_lopt_replica_2/C
  -------------------------------------------------------------------    -------------------
    SLICE_X65Y31         FDRE (Prop_fdre_C_Q)         0.456     5.604 r  led_reg[15]_lopt_replica_2/Q
                         net (fo=1, routed)           1.663     7.267    led_reg[15]_lopt_replica_2_1
    U3                   OBUF (Prop_obuf_I_O)         3.504    10.771 r  led_OBUF[11]_inst/O
                         net (fo=0)                   0.000    10.771    led[11]
    U3                                                                r  led[11] (OUT)
  -------------------------------------------------------------------    -------------------

                         (clock sys_clk rise edge)   10.000    10.000 r  
                         clock pessimism              0.000    10.000    
                         clock uncertainty           -0.035     9.965    
                         output delay                -2.000     7.965    
  -------------------------------------------------------------------
                         required time                          7.965    
                         arrival time                         -10.771    
  -------------------------------------------------------------------
                         slack                                 -2.806    

Slack (VIOLATED) :        -2.788ns  (required time - arrival time)
  Source:                 led_reg[15]_lopt_replica_4/C
                            (rising edge-triggered cell FDRE clocked by sys_clk  {rise@0.000ns fall@5.000ns period=10.000ns})
  Destination:            led[13]
                            (output port clocked by sys_clk  {rise@0.000ns fall@5.000ns period=10.000ns})
  Path Group:             sys_clk
  Path Type:              Max at Slow Process Corner
  Requirement:            10.000ns  (sys_clk rise@10.000ns - sys_clk rise@0.000ns)
  Data Path Delay:        5.626ns  (logic 3.963ns (70.445%)  route 1.663ns (29.555%))
  Logic Levels:           1  (OBUF=1)
  Output Delay:           2.000ns
  Clock Path Skew:        -5.127ns (DCD - SCD + CPR)
    Destination Clock Delay (DCD):    0.000ns = ( 10.000 - 10.000 ) 
    Source Clock Delay      (SCD):    5.127ns
    Clock Pessimism Removal (CPR):    0.000ns
  Clock Uncertainty:      0.035ns  ((TSJ^2 + TIJ^2)^1/2 + DJ) / 2 + PE
    Total System Jitter     (TSJ):    0.071ns
    Total Input Jitter      (TIJ):    0.000ns
    Discrete Jitter          (DJ):    0.000ns
    Phase Error              (PE):    0.000ns

    Location             Delay type                Incr(ns)  Path(ns)    Netlist Resource(s)
  -------------------------------------------------------------------    -------------------
                         (clock sys_clk rise edge)    0.000     0.000 r  
    W5                                                0.000     0.000 r  clk (IN)
                         net (fo=0)                   0.000     0.000    clk
    W5                   IBUF (Prop_ibuf_I_O)         1.458     1.458 r  clk_IBUF_inst/O
                         net (fo=1, routed)           1.967     3.425    clk_IBUF
    BUFGCTRL_X0Y0        BUFG (Prop_bufg_I_O)         0.096     3.521 r  clk_IBUF_BUFG_inst/O
                         net (fo=34, routed)          1.606     5.127    clk_IBUF_BUFG
    SLICE_X65Y75         FDRE                                         r  led_reg[15]_lopt_replica_4/C
  -------------------------------------------------------------------    -------------------
    SLICE_X65Y75         FDRE (Prop_fdre_C_Q)         0.456     5.583 r  led_reg[15]_lopt_replica_4/Q
                         net (fo=1, routed)           1.663     7.246    led_reg[15]_lopt_replica_4_1
    N3                   OBUF (Prop_obuf_I_O)         3.507    10.753 r  led_OBUF[13]_inst/O
                         net (fo=0)                   0.000    10.753    led[13]
    N3                                                                r  led[13] (OUT)
  -------------------------------------------------------------------    -------------------

                         (clock sys_clk rise edge)   10.000    10.000 r  
                         clock pessimism              0.000    10.000    
                         clock uncertainty           -0.035     9.965    
                         output delay                -2.000     7.965    
  -------------------------------------------------------------------
                         required time                          7.965    
                         arrival time                         -10.753    
  -------------------------------------------------------------------
                         slack                                 -2.788    

Slack (VIOLATED) :        -2.724ns  (required time - arrival time)
  Source:                 led_reg[15]_lopt_replica_3/C
                            (rising edge-triggered cell FDRE clocked by sys_clk  {rise@0.000ns fall@5.000ns period=10.000ns})
  Destination:            led[12]
                            (output port clocked by sys_clk  {rise@0.000ns fall@5.000ns period=10.000ns})
  Path Group:             sys_clk
  Path Type:              Max at Slow Process Corner
  Requirement:            10.000ns  (sys_clk rise@10.000ns - sys_clk rise@0.000ns)
  Data Path Delay:        5.562ns  (logic 4.036ns (72.570%)  route 1.526ns (27.430%))
  Logic Levels:           1  (OBUF=1)
  Output Delay:           2.000ns
  Clock Path Skew:        -5.127ns (DCD - SCD + CPR)
    Destination Clock Delay (DCD):    0.000ns = ( 10.000 - 10.000 ) 
    Source Clock Delay      (SCD):    5.127ns
    Clock Pessimism Removal (CPR):    0.000ns
  Clock Uncertainty:      0.035ns  ((TSJ^2 + TIJ^2)^1/2 + DJ) / 2 + PE
    Total System Jitter     (TSJ):    0.071ns
    Total Input Jitter      (TIJ):    0.000ns
    Discrete Jitter          (DJ):    0.000ns
    Phase Error              (PE):    0.000ns

    Location             Delay type                Incr(ns)  Path(ns)    Netlist Resource(s)
  -------------------------------------------------------------------    -------------------
                         (clock sys_clk rise edge)    0.000     0.000 r  
    W5                                                0.000     0.000 r  clk (IN)
                         net (fo=0)                   0.000     0.000    clk
    W5                   IBUF (Prop_ibuf_I_O)         1.458     1.458 r  clk_IBUF_inst/O
                         net (fo=1, routed)           1.967     3.425    clk_IBUF
    BUFGCTRL_X0Y0        BUFG (Prop_bufg_I_O)         0.096     3.521 r  clk_IBUF_BUFG_inst/O
                         net (fo=34, routed)          1.606     5.127    clk_IBUF_BUFG
    SLICE_X64Y75         FDRE                                         r  led_reg[15]_lopt_replica_3/C
  -------------------------------------------------------------------    -------------------
    SLICE_X64Y75         FDRE (Prop_fdre_C_Q)         0.518     5.645 r  led_reg[15]_lopt_replica_3/Q
                         net (fo=1, routed)           1.526     7.170    led_reg[15]_lopt_replica_3_1
    P3                   OBUF (Prop_obuf_I_O)         3.518    10.689 r  led_OBUF[12]_inst/O
                         net (fo=0)                   0.000    10.689    led[12]
    P3                                                                r  led[12] (OUT)
  -------------------------------------------------------------------    -------------------

                         (clock sys_clk rise edge)   10.000    10.000 r  
                         clock pessimism              0.000    10.000    
                         clock uncertainty           -0.035     9.965    
                         output delay                -2.000     7.965    
  -------------------------------------------------------------------
                         required time                          7.965    
                         arrival time                         -10.689    
  -------------------------------------------------------------------
                         slack                                 -2.724    

Slack (VIOLATED) :        -2.710ns  (required time - arrival time)
  Source:                 led_reg[1]/C
                            (rising edge-triggered cell FDRE clocked by sys_clk  {rise@0.000ns fall@5.000ns period=10.000ns})
  Destination:            led[1]
                            (output port clocked by sys_clk  {rise@0.000ns fall@5.000ns period=10.000ns})
  Path Group:             sys_clk
  Path Type:              Max at Slow Process Corner
  Requirement:            10.000ns  (sys_clk rise@10.000ns - sys_clk rise@0.000ns)
  Data Path Delay:        5.515ns  (logic 3.986ns (72.267%)  route 1.530ns (27.733%))
  Logic Levels:           1  (OBUF=1)
  Output Delay:           2.000ns
  Clock Path Skew:        -5.159ns (DCD - SCD + CPR)
    Destination Clock Delay (DCD):    0.000ns = ( 10.000 - 10.000 ) 
    Source Clock Delay      (SCD):    5.159ns
    Clock Pessimism Removal (CPR):    0.000ns
  Clock Uncertainty:      0.035ns  ((TSJ^2 + TIJ^2)^1/2 + DJ) / 2 + PE
    Total System Jitter     (TSJ):    0.071ns
    Total Input Jitter      (TIJ):    0.000ns
    Discrete Jitter          (DJ):    0.000ns
    Phase Error              (PE):    0.000ns

    Location             Delay type                Incr(ns)  Path(ns)    Netlist Resource(s)
  -------------------------------------------------------------------    -------------------
                         (clock sys_clk rise edge)    0.000     0.000 r  
    W5                                                0.000     0.000 r  clk (IN)
                         net (fo=0)                   0.000     0.000    clk
    W5                   IBUF (Prop_ibuf_I_O)         1.458     1.458 r  clk_IBUF_inst/O
                         net (fo=1, routed)           1.967     3.425    clk_IBUF
    BUFGCTRL_X0Y0        BUFG (Prop_bufg_I_O)         0.096     3.521 r  clk_IBUF_BUFG_inst/O
                         net (fo=34, routed)          1.638     5.159    clk_IBUF_BUFG
    SLICE_X1Y43          FDRE                                         r  led_reg[1]/C
  -------------------------------------------------------------------    -------------------
    SLICE_X1Y43          FDRE (Prop_fdre_C_Q)         0.456     5.615 r  led_reg[1]/Q
                         net (fo=1, routed)           1.530     7.145    led_OBUF[1]
    E19                  OBUF (Prop_obuf_I_O)         3.530    10.675 r  led_OBUF[1]_inst/O
                         net (fo=0)                   0.000    10.675    led[1]
    E19                                                               r  led[1] (OUT)
  -------------------------------------------------------------------    -------------------

                         (clock sys_clk rise edge)   10.000    10.000 r  
                         clock pessimism              0.000    10.000    
                         clock uncertainty           -0.035     9.965    
                         output delay                -2.000     7.965    
  -------------------------------------------------------------------
                         required time                          7.965    
                         arrival time                         -10.675    
  -------------------------------------------------------------------
                         slack                                 -2.710    

Slack (VIOLATED) :        -2.698ns  (required time - arrival time)
  Source:                 led_reg[15]_lopt_replica_8/C
                            (rising edge-triggered cell FDRE clocked by sys_clk  {rise@0.000ns fall@5.000ns period=10.000ns})
  Destination:            led[5]
                            (output port clocked by sys_clk  {rise@0.000ns fall@5.000ns period=10.000ns})
  Path Group:             sys_clk
  Path Type:              Max at Slow Process Corner
  Requirement:            10.000ns  (sys_clk rise@10.000ns - sys_clk rise@0.000ns)
  Data Path Delay:        5.504ns  (logic 3.970ns (72.143%)  route 1.533ns (27.857%))
  Logic Levels:           1  (OBUF=1)
  Output Delay:           2.000ns
  Clock Path Skew:        -5.159ns (DCD - SCD + CPR)
    Destination Clock Delay (DCD):    0.000ns = ( 10.000 - 10.000 ) 
    Source Clock Delay      (SCD):    5.159ns
    Clock Pessimism Removal (CPR):    0.000ns
  Clock Uncertainty:      0.035ns  ((TSJ^2 + TIJ^2)^1/2 + DJ) / 2 + PE
    Total System Jitter     (TSJ):    0.071ns
    Total Input Jitter      (TIJ):    0.000ns
    Discrete Jitter          (DJ):    0.000ns
    Phase Error              (PE):    0.000ns

    Location             Delay type                Incr(ns)  Path(ns)    Netlist Resource(s)
  -------------------------------------------------------------------    -------------------
                         (clock sys_clk rise edge)    0.000     0.000 r  
    W5                                                0.000     0.000 r  clk (IN)
                         net (fo=0)                   0.000     0.000    clk
    W5                   IBUF (Prop_ibuf_I_O)         1.458     1.458 r  clk_IBUF_inst/O
                         net (fo=1, routed)           1.967     3.425    clk_IBUF
    BUFGCTRL_X0Y0        BUFG (Prop_bufg_I_O)         0.096     3.521 r  clk_IBUF_BUFG_inst/O
                         net (fo=34, routed)          1.638     5.159    clk_IBUF_BUFG
    SLICE_X0Y4           FDRE                                         r  led_reg[15]_lopt_replica_8/C
  -------------------------------------------------------------------    -------------------
    SLICE_X0Y4           FDRE (Prop_fdre_C_Q)         0.456     5.615 r  led_reg[15]_lopt_replica_8/Q
                         net (fo=1, routed)           1.533     7.148    led_reg[15]_lopt_replica_8_1
    U15                  OBUF (Prop_obuf_I_O)         3.514    10.663 r  led_OBUF[5]_inst/O
                         net (fo=0)                   0.000    10.663    led[5]
    U15                                                               r  led[5] (OUT)
  -------------------------------------------------------------------    -------------------

                         (clock sys_clk rise edge)   10.000    10.000 r  
                         clock pessimism              0.000    10.000    
                         clock uncertainty           -0.035     9.965    
                         output delay                -2.000     7.965    
  -------------------------------------------------------------------
                         required time                          7.965    
                         arrival time                         -10.663    
  -------------------------------------------------------------------
                         slack                                 -2.698    

Slack (VIOLATED) :        -2.698ns  (required time - arrival time)
  Source:                 led_reg[15]_lopt_replica/C
                            (rising edge-triggered cell FDRE clocked by sys_clk  {rise@0.000ns fall@5.000ns period=10.000ns})
  Destination:            led[10]
                            (output port clocked by sys_clk  {rise@0.000ns fall@5.000ns period=10.000ns})
  Path Group:             sys_clk
  Path Type:              Max at Slow Process Corner
  Requirement:            10.000ns  (sys_clk rise@10.000ns - sys_clk rise@0.000ns)
  Data Path Delay:        5.507ns  (logic 3.981ns (72.298%)  route 1.526ns (27.702%))
  Logic Levels:           1  (OBUF=1)
  Output Delay:           2.000ns
  Clock Path Skew:        -5.155ns (DCD - SCD + CPR)
    Destination Clock Delay (DCD):    0.000ns = ( 10.000 - 10.000 ) 
    Source Clock Delay      (SCD):    5.155ns
    Clock Pessimism Removal (CPR):    0.000ns
  Clock Uncertainty:      0.035ns  ((TSJ^2 + TIJ^2)^1/2 + DJ) / 2 + PE
    Total System Jitter     (TSJ):    0.071ns
    Total Input Jitter      (TIJ):    0.000ns
    Discrete Jitter          (DJ):    0.000ns
    Phase Error              (PE):    0.000ns

    Location             Delay type                Incr(ns)  Path(ns)    Netlist Resource(s)
  -------------------------------------------------------------------    -------------------
                         (clock sys_clk rise edge)    0.000     0.000 r  
    W5                                                0.000     0.000 r  clk (IN)
                         net (fo=0)                   0.000     0.000    clk
    W5                   IBUF (Prop_ibuf_I_O)         1.458     1.458 r  clk_IBUF_inst/O
                         net (fo=1, routed)           1.967     3.425    clk_IBUF
    BUFGCTRL_X0Y0        BUFG (Prop_bufg_I_O)         0.096     3.521 r  clk_IBUF_BUFG_inst/O
                         net (fo=34, routed)          1.634     5.155    clk_IBUF_BUFG
    SLICE_X65Y37         FDRE                                         r  led_reg[15]_lopt_replica/C
  -------------------------------------------------------------------    -------------------
    SLICE_X65Y37         FDRE (Prop_fdre_C_Q)         0.456     5.611 r  led_reg[15]_lopt_replica/Q
                         net (fo=1, routed)           1.526     7.137    led_reg[15]_lopt_replica_1
    W3                   OBUF (Prop_obuf_I_O)         3.525    10.662 r  led_OBUF[10]_inst/O
                         net (fo=0)                   0.000    10.662    led[10]
    W3                                                                r  led[10] (OUT)
  -------------------------------------------------------------------    -------------------

                         (clock sys_clk rise edge)   10.000    10.000 r  
                         clock pessimism              0.000    10.000    
                         clock uncertainty           -0.035     9.965    
                         output delay                -2.000     7.965    
  -------------------------------------------------------------------
                         required time                          7.965    
                         arrival time                         -10.662    
  -------------------------------------------------------------------
                         slack                                 -2.698    

Slack (VIOLATED) :        -2.689ns  (required time - arrival time)
  Source:                 led_reg[15]_lopt_replica_11/C
                            (rising edge-triggered cell FDRE clocked by sys_clk  {rise@0.000ns fall@5.000ns period=10.000ns})
  Destination:            led[8]
                            (output port clocked by sys_clk  {rise@0.000ns fall@5.000ns period=10.000ns})
  Path Group:             sys_clk
  Path Type:              Max at Slow Process Corner
  Requirement:            10.000ns  (sys_clk rise@10.000ns - sys_clk rise@0.000ns)
  Data Path Delay:        5.493ns  (logic 3.960ns (72.091%)  route 1.533ns (27.909%))
  Logic Levels:           1  (OBUF=1)
  Output Delay:           2.000ns
  Clock Path Skew:        -5.160ns (DCD - SCD + CPR)
    Destination Clock Delay (DCD):    0.000ns = ( 10.000 - 10.000 ) 
    Source Clock Delay      (SCD):    5.160ns
    Clock Pessimism Removal (CPR):    0.000ns
  Clock Uncertainty:      0.035ns  ((TSJ^2 + TIJ^2)^1/2 + DJ) / 2 + PE
    Total System Jitter     (TSJ):    0.071ns
    Total Input Jitter      (TIJ):    0.000ns
    Discrete Jitter          (DJ):    0.000ns
    Phase Error              (PE):    0.000ns

    Location             Delay type                Incr(ns)  Path(ns)    Netlist Resource(s)
  -------------------------------------------------------------------    -------------------
                         (clock sys_clk rise edge)    0.000     0.000 r  
    W5                                                0.000     0.000 r  clk (IN)
                         net (fo=0)                   0.000     0.000    clk
    W5                   IBUF (Prop_ibuf_I_O)         1.458     1.458 r  clk_IBUF_inst/O
                         net (fo=1, routed)           1.967     3.425    clk_IBUF
    BUFGCTRL_X0Y0        BUFG (Prop_bufg_I_O)         0.096     3.521 r  clk_IBUF_BUFG_inst/O
                         net (fo=34, routed)          1.639     5.160    clk_IBUF_BUFG
    SLICE_X0Y2           FDRE                                         r  led_reg[15]_lopt_replica_11/C
  -------------------------------------------------------------------    -------------------
    SLICE_X0Y2           FDRE (Prop_fdre_C_Q)         0.456     5.616 r  led_reg[15]_lopt_replica_11/Q
                         net (fo=1, routed)           1.533     7.149    led_reg[15]_lopt_replica_11_1
    V13                  OBUF (Prop_obuf_I_O)         3.504    10.653 r  led_OBUF[8]_inst/O
                         net (fo=0)                   0.000    10.653    led[8]
    V13                                                               r  led[8] (OUT)
  -------------------------------------------------------------------    -------------------

                         (clock sys_clk rise edge)   10.000    10.000 r  
                         clock pessimism              0.000    10.000    
                         clock uncertainty           -0.035     9.965    
                         output delay                -2.000     7.965    
  -------------------------------------------------------------------
                         required time                          7.965    
                         arrival time                         -10.653    
  -------------------------------------------------------------------
                         slack                                 -2.689    

Slack (VIOLATED) :        -2.687ns  (required time - arrival time)
  Source:                 led_reg[15]_lopt_replica_9/C
                            (rising edge-triggered cell FDRE clocked by sys_clk  {rise@0.000ns fall@5.000ns period=10.000ns})
  Destination:            led[6]
                            (output port clocked by sys_clk  {rise@0.000ns fall@5.000ns period=10.000ns})
  Path Group:             sys_clk
  Path Type:              Max at Slow Process Corner
  Requirement:            10.000ns  (sys_clk rise@10.000ns - sys_clk rise@0.000ns)
  Data Path Delay:        5.492ns  (logic 3.962ns (72.148%)  route 1.530ns (27.852%))
  Logic Levels:           1  (OBUF=1)
  Output Delay:           2.000ns
  Clock Path Skew:        -5.160ns (DCD - SCD + CPR)
    Destination Clock Delay (DCD):    0.000ns = ( 10.000 - 10.000 ) 
    Source Clock Delay      (SCD):    5.160ns
    Clock Pessimism Removal (CPR):    0.000ns
  Clock Uncertainty:      0.035ns  ((TSJ^2 + TIJ^2)^1/2 + DJ) / 2 + PE
    Total System Jitter     (TSJ):    0.071ns
    Total Input Jitter      (TIJ):    0.000ns
    Discrete Jitter          (DJ):    0.000ns
    Phase Error              (PE):    0.000ns

    Location             Delay type                Incr(ns)  Path(ns)    Netlist Resource(s)
  -------------------------------------------------------------------    -------------------
                         (clock sys_clk rise edge)    0.000     0.000 r  
    W5                                                0.000     0.000 r  clk (IN)
                         net (fo=0)                   0.000     0.000    clk
    W5                   IBUF (Prop_ibuf_I_O)         1.458     1.458 r  clk_IBUF_inst/O
                         net (fo=1, routed)           1.967     3.425    clk_IBUF
    BUFGCTRL_X0Y0        BUFG (Prop_bufg_I_O)         0.096     3.521 r  clk_IBUF_BUFG_inst/O
                         net (fo=34, routed)          1.639     5.160    clk_IBUF_BUFG
    SLICE_X1Y0           FDRE                                         r  led_reg[15]_lopt_replica_9/C
  -------------------------------------------------------------------    -------------------
    SLICE_X1Y0           FDRE (Prop_fdre_C_Q)         0.456     5.616 r  led_reg[15]_lopt_replica_9/Q
                         net (fo=1, routed)           1.530     7.146    led_reg[15]_lopt_replica_9_1
    U14                  OBUF (Prop_obuf_I_O)         3.506    10.652 r  led_OBUF[6]_inst/O
                         net (fo=0)                   0.000    10.652    led[6]
    U14                                                               r  led[6] (OUT)
  -------------------------------------------------------------------    -------------------

                         (clock sys_clk rise edge)   10.000    10.000 r  
                         clock pessimism              0.000    10.000    
                         clock uncertainty           -0.035     9.965    
                         output delay                -2.000     7.965    
  -------------------------------------------------------------------
                         required time                          7.965    
                         arrival time                         -10.652    
  -------------------------------------------------------------------
                         slack                                 -2.687    

Slack (VIOLATED) :        -2.685ns  (required time - arrival time)
  Source:                 led_reg[0]/C
                            (rising edge-triggered cell FDRE clocked by sys_clk  {rise@0.000ns fall@5.000ns period=10.000ns})
  Destination:            led[0]
                            (output port clocked by sys_clk  {rise@0.000ns fall@5.000ns period=10.000ns})
  Path Group:             sys_clk
  Path Type:              Max at Slow Process Corner
  Requirement:            10.000ns  (sys_clk rise@10.000ns - sys_clk rise@0.000ns)
  Data Path Delay:        5.490ns  (logic 3.961ns (72.141%)  route 1.530ns (27.859%))
  Logic Levels:           1  (OBUF=1)
  Output Delay:           2.000ns
  Clock Path Skew:        -5.159ns (DCD - SCD + CPR)
    Destination Clock Delay (DCD):    0.000ns = ( 10.000 - 10.000 ) 
    Source Clock Delay      (SCD):    5.159ns
    Clock Pessimism Removal (CPR):    0.000ns
  Clock Uncertainty:      0.035ns  ((TSJ^2 + TIJ^2)^1/2 + DJ) / 2 + PE
    Total System Jitter     (TSJ):    0.071ns
    Total Input Jitter      (TIJ):    0.000ns
    Discrete Jitter          (DJ):    0.000ns
    Phase Error              (PE):    0.000ns

    Location             Delay type                Incr(ns)  Path(ns)    Netlist Resource(s)
  -------------------------------------------------------------------    -------------------
                         (clock sys_clk rise edge)    0.000     0.000 r  
    W5                                                0.000     0.000 r  clk (IN)
                         net (fo=0)                   0.000     0.000    clk
    W5                   IBUF (Prop_ibuf_I_O)         1.458     1.458 r  clk_IBUF_inst/O
                         net (fo=1, routed)           1.967     3.425    clk_IBUF
    BUFGCTRL_X0Y0        BUFG (Prop_bufg_I_O)         0.096     3.521 r  clk_IBUF_BUFG_inst/O
                         net (fo=34, routed)          1.638     5.159    clk_IBUF_BUFG
    SLICE_X1Y3           FDRE                                         r  led_reg[0]/C
  -------------------------------------------------------------------    -------------------
    SLICE_X1Y3           FDRE (Prop_fdre_C_Q)         0.456     5.615 r  led_reg[0]/Q
                         net (fo=1, routed)           1.530     7.145    led_OBUF[0]
    U16                  OBUF (Prop_obuf_I_O)         3.505    10.650 r  led_OBUF[0]_inst/O
                         net (fo=0)                   0.000    10.650    led[0]
    U16                                                               r  led[0] (OUT)
  -------------------------------------------------------------------    -------------------

                         (clock sys_clk rise edge)   10.000    10.000 r  
                         clock pessimism              0.000    10.000    
                         clock uncertainty           -0.035     9.965    
                         output delay                -2.000     7.965    
  -------------------------------------------------------------------
                         required time                          7.965    
                         arrival time                         -10.650    
  -------------------------------------------------------------------
                         slack                                 -2.685    





Min Delay Paths
--------------------------------------------------------------------------------------
Slack (MET) :             0.128ns  (arrival time - required time)
  Source:                 ps2data_sync_reg[0]/C
                            (rising edge-triggered cell FDRE clocked by sys_clk  {rise@0.000ns fall@5.000ns period=10.000ns})
  Destination:            ps2data_sync_reg[1]/D
                            (rising edge-triggered cell FDRE clocked by sys_clk  {rise@0.000ns fall@5.000ns period=10.000ns})
  Path Group:             sys_clk
  Path Type:              Hold (Min at Fast Process Corner)
  Requirement:            0.000ns  (sys_clk rise@0.000ns - sys_clk rise@0.000ns)
  Data Path Delay:        0.199ns  (logic 0.141ns (70.953%)  route 0.058ns (29.047%))
  Logic Levels:           0  
  Clock Path Skew:        0.000ns (DCD - SCD - CPR)
    Destination Clock Delay (DCD):    1.981ns
    Source Clock Delay      (SCD):    1.468ns
    Clock Pessimism Removal (CPR):    0.513ns

    Location             Delay type                Incr(ns)  Path(ns)    Netlist Resource(s)
  -------------------------------------------------------------------    -------------------
                         (clock sys_clk rise edge)    0.000     0.000 r  
    W5                                                0.000     0.000 r  clk (IN)
                         net (fo=0)                   0.000     0.000    clk
    W5                   IBUF (Prop_ibuf_I_O)         0.226     0.226 r  clk_IBUF_inst/O
                         net (fo=1, routed)           0.631     0.858    clk_IBUF
    BUFGCTRL_X0Y0        BUFG (Prop_bufg_I_O)         0.026     0.884 r  clk_IBUF_BUFG_inst/O
                         net (fo=34, routed)          0.585     1.468    clk_IBUF_BUFG
    SLICE_X0Y28          FDRE                                         r  ps2data_sync_reg[0]/C
  -------------------------------------------------------------------    -------------------
    SLICE_X0Y28          FDRE (Prop_fdre_C_Q)         0.141     1.609 r  ps2data_sync_reg[0]/Q
                         net (fo=1, routed)           0.058     1.667    ps2data_sync[0]
    SLICE_X0Y28          FDRE                                         r  ps2data_sync_reg[1]/D
  -------------------------------------------------------------------    -------------------

                         (clock sys_clk rise edge)    0.000     0.000 r  
    W5                                                0.000     0.000 r  clk (IN)
                         net (fo=0)                   0.000     0.000    clk
    W5                   IBUF (Prop_ibuf_I_O)         0.414     0.414 r  clk_IBUF_inst/O
                         net (fo=1, routed)           0.685     1.099    clk_IBUF
    BUFGCTRL_X0Y0        BUFG (Prop_bufg_I_O)         0.029     1.128 r  clk_IBUF_BUFG_inst/O
                         net (fo=34, routed)          0.854     1.981    clk_IBUF_BUFG
    SLICE_X0Y28          FDRE                                         r  ps2data_sync_reg[1]/C
                         clock pessimism             -0.513     1.468    
    SLICE_X0Y28          FDRE (Hold_fdre_C_D)         0.071     1.539    ps2data_sync_reg[1]
  -------------------------------------------------------------------
                         required time                         -1.539    
                         arrival time                           1.667    
  -------------------------------------------------------------------
                         slack                                  0.128    

Slack (MET) :             0.131ns  (arrival time - required time)
  Source:                 ps2clk_sync_reg[0]/C
                            (rising edge-triggered cell FDRE clocked by sys_clk  {rise@0.000ns fall@5.000ns period=10.000ns})
  Destination:            ps2clk_sync_reg[1]/D
                            (rising edge-triggered cell FDRE clocked by sys_clk  {rise@0.000ns fall@5.000ns period=10.000ns})
  Path Group:             sys_clk
  Path Type:              Hold (Min at Fast Process Corner)
  Requirement:            0.000ns  (sys_clk rise@0.000ns - sys_clk rise@0.000ns)
  Data Path Delay:        0.206ns  (logic 0.141ns (68.336%)  route 0.065ns (31.664%))
  Logic Levels:           0  
  Clock Path Skew:        0.000ns (DCD - SCD - CPR)
    Destination Clock Delay (DCD):    1.981ns
    Source Clock Delay      (SCD):    1.468ns
    Clock Pessimism Removal (CPR):    0.513ns

    Location             Delay type                Incr(ns)  Path(ns)    Netlist Resource(s)
  -------------------------------------------------------------------    -------------------
                         (clock sys_clk rise edge)    0.000     0.000 r  
    W5                                                0.000     0.000 r  clk (IN)
                         net (fo=0)                   0.000     0.000    clk
    W5                   IBUF (Prop_ibuf_I_O)         0.226     0.226 r  clk_IBUF_inst/O
                         net (fo=1, routed)           0.631     0.858    clk_IBUF
    BUFGCTRL_X0Y0        BUFG (Prop_bufg_I_O)         0.026     0.884 r  clk_IBUF_BUFG_inst/O
                         net (fo=34, routed)          0.585     1.468    clk_IBUF_BUFG
    SLICE_X0Y28          FDRE                                         r  ps2clk_sync_reg[0]/C
  -------------------------------------------------------------------    -------------------
    SLICE_X0Y28          FDRE (Prop_fdre_C_Q)         0.141     1.609 r  ps2clk_sync_reg[0]/Q
                         net (fo=1, routed)           0.065     1.674    ps2clk_sync[0]
    SLICE_X0Y28          FDRE                                         r  ps2clk_sync_reg[1]/D
  -------------------------------------------------------------------    -------------------

                         (clock sys_clk rise edge)    0.000     0.000 r  
    W5                                                0.000     0.000 r  clk (IN)
                         net (fo=0)                   0.000     0.000    clk
    W5                   IBUF (Prop_ibuf_I_O)         0.414     0.414 r  clk_IBUF_inst/O
                         net (fo=1, routed)           0.685     1.099    clk_IBUF
    BUFGCTRL_X0Y0        BUFG (Prop_bufg_I_O)         0.029     1.128 r  clk_IBUF_BUFG_inst/O
                         net (fo=34, routed)          0.854     1.981    clk_IBUF_BUFG
    SLICE_X0Y28          FDRE                                         r  ps2clk_sync_reg[1]/C
                         clock pessimism             -0.513     1.468    
    SLICE_X0Y28          FDRE (Hold_fdre_C_D)         0.075     1.543    ps2clk_sync_reg[1]
  -------------------------------------------------------------------
                         required time                         -1.543    
                         arrival time                           1.674    
  -------------------------------------------------------------------
                         slack                                  0.131    

Slack (MET) :             0.278ns  (arrival time - required time)
  Source:                 scan_code_reg[6]/C
                            (rising edge-triggered cell FDRE clocked by sys_clk  {rise@0.000ns fall@5.000ns period=10.000ns})
  Destination:            scan_code_reg[6]/D
                            (rising edge-triggered cell FDRE clocked by sys_clk  {rise@0.000ns fall@5.000ns period=10.000ns})
  Path Group:             sys_clk
  Path Type:              Hold (Min at Fast Process Corner)
  Requirement:            0.000ns  (sys_clk rise@0.000ns - sys_clk rise@0.000ns)
  Data Path Delay:        0.399ns  (logic 0.209ns (52.371%)  route 0.190ns (47.629%))
  Logic Levels:           1  (LUT6=1)
  Clock Path Skew:        0.000ns (DCD - SCD - CPR)
    Destination Clock Delay (DCD):    1.978ns
    Source Clock Delay      (SCD):    1.466ns
    Clock Pessimism Removal (CPR):    0.512ns

    Location             Delay type                Incr(ns)  Path(ns)    Netlist Resource(s)
  -------------------------------------------------------------------    -------------------
                         (clock sys_clk rise edge)    0.000     0.000 r  
    W5                                                0.000     0.000 r  clk (IN)
                         net (fo=0)                   0.000     0.000    clk
    W5                   IBUF (Prop_ibuf_I_O)         0.226     0.226 r  clk_IBUF_inst/O
                         net (fo=1, routed)           0.631     0.858    clk_IBUF
    BUFGCTRL_X0Y0        BUFG (Prop_bufg_I_O)         0.026     0.884 r  clk_IBUF_BUFG_inst/O
                         net (fo=34, routed)          0.583     1.466    clk_IBUF_BUFG
    SLICE_X2Y23          FDRE                                         r  scan_code_reg[6]/C
  -------------------------------------------------------------------    -------------------
    SLICE_X2Y23          FDRE (Prop_fdre_C_Q)         0.164     1.630 r  scan_code_reg[6]/Q
                         net (fo=7, routed)           0.190     1.820    scan_code[6]
    SLICE_X2Y23          LUT6 (Prop_lut6_I5_O)        0.045     1.865 r  scan_code[6]_i_1/O
                         net (fo=1, routed)           0.000     1.865    scan_code[6]_i_1_n_0
    SLICE_X2Y23          FDRE                                         r  scan_code_reg[6]/D
  -------------------------------------------------------------------    -------------------

                         (clock sys_clk rise edge)    0.000     0.000 r  
    W5                                                0.000     0.000 r  clk (IN)
                         net (fo=0)                   0.000     0.000    clk
    W5                   IBUF (Prop_ibuf_I_O)         0.414     0.414 r  clk_IBUF_inst/O
                         net (fo=1, routed)           0.685     1.099    clk_IBUF
    BUFGCTRL_X0Y0        BUFG (Prop_bufg_I_O)         0.029     1.128 r  clk_IBUF_BUFG_inst/O
                         net (fo=34, routed)          0.851     1.978    clk_IBUF_BUFG
    SLICE_X2Y23          FDRE                                         r  scan_code_reg[6]/C
                         clock pessimism             -0.512     1.466    
    SLICE_X2Y23          FDRE (Hold_fdre_C_D)         0.121     1.587    scan_code_reg[6]
  -------------------------------------------------------------------
                         required time                         -1.587    
                         arrival time                           1.865    
  -------------------------------------------------------------------
                         slack                                  0.278    

Slack (MET) :             0.280ns  (arrival time - required time)
  Source:                 parity_bit_reg/C
                            (rising edge-triggered cell FDRE clocked by sys_clk  {rise@0.000ns fall@5.000ns period=10.000ns})
  Destination:            parity_bit_reg/D
                            (rising edge-triggered cell FDRE clocked by sys_clk  {rise@0.000ns fall@5.000ns period=10.000ns})
  Path Group:             sys_clk
  Path Type:              Hold (Min at Fast Process Corner)
  Requirement:            0.000ns  (sys_clk rise@0.000ns - sys_clk rise@0.000ns)
  Data Path Delay:        0.371ns  (logic 0.186ns (50.171%)  route 0.185ns (49.829%))
  Logic Levels:           1  (LUT3=1)
  Clock Path Skew:        0.000ns (DCD - SCD - CPR)
    Destination Clock Delay (DCD):    1.977ns
    Source Clock Delay      (SCD):    1.465ns
    Clock Pessimism Removal (CPR):    0.512ns

    Location             Delay type                Incr(ns)  Path(ns)    Netlist Resource(s)
  -------------------------------------------------------------------    -------------------
                         (clock sys_clk rise edge)    0.000     0.000 r  
    W5                                                0.000     0.000 r  clk (IN)
                         net (fo=0)                   0.000     0.000    clk
    W5                   IBUF (Prop_ibuf_I_O)         0.226     0.226 r  clk_IBUF_inst/O
                         net (fo=1, routed)           0.631     0.858    clk_IBUF
    BUFGCTRL_X0Y0        BUFG (Prop_bufg_I_O)         0.026     0.884 r  clk_IBUF_BUFG_inst/O
                         net (fo=34, routed)          0.582     1.465    clk_IBUF_BUFG
    SLICE_X0Y24          FDRE                                         r  parity_bit_reg/C
  -------------------------------------------------------------------    -------------------
    SLICE_X0Y24          FDRE (Prop_fdre_C_Q)         0.141     1.606 r  parity_bit_reg/Q
                         net (fo=2, routed)           0.185     1.791    parity_bit_reg_n_0
    SLICE_X0Y24          LUT3 (Prop_lut3_I2_O)        0.045     1.836 r  parity_bit_i_1/O
                         net (fo=1, routed)           0.000     1.836    parity_bit_i_1_n_0
    SLICE_X0Y24          FDRE                                         r  parity_bit_reg/D
  -------------------------------------------------------------------    -------------------

                         (clock sys_clk rise edge)    0.000     0.000 r  
    W5                                                0.000     0.000 r  clk (IN)
                         net (fo=0)                   0.000     0.000    clk
    W5                   IBUF (Prop_ibuf_I_O)         0.414     0.414 r  clk_IBUF_inst/O
                         net (fo=1, routed)           0.685     1.099    clk_IBUF
    BUFGCTRL_X0Y0        BUFG (Prop_bufg_I_O)         0.029     1.128 r  clk_IBUF_BUFG_inst/O
                         net (fo=34, routed)          0.850     1.977    clk_IBUF_BUFG
    SLICE_X0Y24          FDRE                                         r  parity_bit_reg/C
                         clock pessimism             -0.512     1.465    
    SLICE_X0Y24          FDRE (Hold_fdre_C_D)         0.091     1.556    parity_bit_reg
  -------------------------------------------------------------------
                         required time                         -1.556    
                         arrival time                           1.836    
  -------------------------------------------------------------------
                         slack                                  0.280    

Slack (MET) :             0.286ns  (arrival time - required time)
  Source:                 FSM_sequential_bit_count_reg[3]/C
                            (rising edge-triggered cell FDRE clocked by sys_clk  {rise@0.000ns fall@5.000ns period=10.000ns})
  Destination:            scan_code_reg[5]/D
                            (rising edge-triggered cell FDRE clocked by sys_clk  {rise@0.000ns fall@5.000ns period=10.000ns})
  Path Group:             sys_clk
  Path Type:              Hold (Min at Fast Process Corner)
  Requirement:            0.000ns  (sys_clk rise@0.000ns - sys_clk rise@0.000ns)
  Data Path Delay:        0.419ns  (logic 0.186ns (44.407%)  route 0.233ns (55.593%))
  Logic Levels:           1  (LUT6=1)
  Clock Path Skew:        0.013ns (DCD - SCD - CPR)
    Destination Clock Delay (DCD):    1.978ns
    Source Clock Delay      (SCD):    1.466ns
    Clock Pessimism Removal (CPR):    0.499ns

    Location             Delay type                Incr(ns)  Path(ns)    Netlist Resource(s)
  -------------------------------------------------------------------    -------------------
                         (clock sys_clk rise edge)    0.000     0.000 r  
    W5                                                0.000     0.000 r  clk (IN)
                         net (fo=0)                   0.000     0.000    clk
    W5                   IBUF (Prop_ibuf_I_O)         0.226     0.226 r  clk_IBUF_inst/O
                         net (fo=1, routed)           0.631     0.858    clk_IBUF
    BUFGCTRL_X0Y0        BUFG (Prop_bufg_I_O)         0.026     0.884 r  clk_IBUF_BUFG_inst/O
                         net (fo=34, routed)          0.583     1.466    clk_IBUF_BUFG
    SLICE_X3Y23          FDRE                                         r  FSM_sequential_bit_count_reg[3]/C
  -------------------------------------------------------------------    -------------------
    SLICE_X3Y23          FDRE (Prop_fdre_C_Q)         0.141     1.607 r  FSM_sequential_bit_count_reg[3]/Q
                         net (fo=24, routed)          0.233     1.840    bit_count[3]
    SLICE_X2Y23          LUT6 (Prop_lut6_I2_O)        0.045     1.885 r  scan_code[5]_i_1/O
                         net (fo=1, routed)           0.000     1.885    scan_code[5]_i_1_n_0
    SLICE_X2Y23          FDRE                                         r  scan_code_reg[5]/D
  -------------------------------------------------------------------    -------------------

                         (clock sys_clk rise edge)    0.000     0.000 r  
    W5                                                0.000     0.000 r  clk (IN)
                         net (fo=0)                   0.000     0.000    clk
    W5                   IBUF (Prop_ibuf_I_O)         0.414     0.414 r  clk_IBUF_inst/O
                         net (fo=1, routed)           0.685     1.099    clk_IBUF
    BUFGCTRL_X0Y0        BUFG (Prop_bufg_I_O)         0.029     1.128 r  clk_IBUF_BUFG_inst/O
                         net (fo=34, routed)          0.851     1.978    clk_IBUF_BUFG
    SLICE_X2Y23          FDRE                                         r  scan_code_reg[5]/C
                         clock pessimism             -0.499     1.479    
    SLICE_X2Y23          FDRE (Hold_fdre_C_D)         0.120     1.599    scan_code_reg[5]
  -------------------------------------------------------------------
                         required time                         -1.599    
                         arrival time                           1.885    
  -------------------------------------------------------------------
                         slack                                  0.286    

Slack (MET) :             0.290ns  (arrival time - required time)
  Source:                 scan_code_reg[3]/C
                            (rising edge-triggered cell FDRE clocked by sys_clk  {rise@0.000ns fall@5.000ns period=10.000ns})
  Destination:            scan_code_reg[3]/D
                            (rising edge-triggered cell FDRE clocked by sys_clk  {rise@0.000ns fall@5.000ns period=10.000ns})
  Path Group:             sys_clk
  Path Type:              Hold (Min at Fast Process Corner)
  Requirement:            0.000ns  (sys_clk rise@0.000ns - sys_clk rise@0.000ns)
  Data Path Delay:        0.381ns  (logic 0.186ns (48.836%)  route 0.195ns (51.164%))
  Logic Levels:           1  (LUT3=1)
  Clock Path Skew:        0.000ns (DCD - SCD - CPR)
    Destination Clock Delay (DCD):    1.978ns
    Source Clock Delay      (SCD):    1.466ns
    Clock Pessimism Removal (CPR):    0.512ns

    Location             Delay type                Incr(ns)  Path(ns)    Netlist Resource(s)
  -------------------------------------------------------------------    -------------------
                         (clock sys_clk rise edge)    0.000     0.000 r  
    W5                                                0.000     0.000 r  clk (IN)
                         net (fo=0)                   0.000     0.000    clk
    W5                   IBUF (Prop_ibuf_I_O)         0.226     0.226 r  clk_IBUF_inst/O
                         net (fo=1, routed)           0.631     0.858    clk_IBUF
    BUFGCTRL_X0Y0        BUFG (Prop_bufg_I_O)         0.026     0.884 r  clk_IBUF_BUFG_inst/O
                         net (fo=34, routed)          0.583     1.466    clk_IBUF_BUFG
    SLICE_X1Y23          FDRE                                         r  scan_code_reg[3]/C
  -------------------------------------------------------------------    -------------------
    SLICE_X1Y23          FDRE (Prop_fdre_C_Q)         0.141     1.607 r  scan_code_reg[3]/Q
                         net (fo=7, routed)           0.195     1.802    scan_code[3]
    SLICE_X1Y23          LUT3 (Prop_lut3_I2_O)        0.045     1.847 r  scan_code[3]_i_1/O
                         net (fo=1, routed)           0.000     1.847    scan_code[3]_i_1_n_0
    SLICE_X1Y23          FDRE                                         r  scan_code_reg[3]/D
  -------------------------------------------------------------------    -------------------

                         (clock sys_clk rise edge)    0.000     0.000 r  
    W5                                                0.000     0.000 r  clk (IN)
                         net (fo=0)                   0.000     0.000    clk
    W5                   IBUF (Prop_ibuf_I_O)         0.414     0.414 r  clk_IBUF_inst/O
                         net (fo=1, routed)           0.685     1.099    clk_IBUF
    BUFGCTRL_X0Y0        BUFG (Prop_bufg_I_O)         0.029     1.128 r  clk_IBUF_BUFG_inst/O
                         net (fo=34, routed)          0.851     1.978    clk_IBUF_BUFG
    SLICE_X1Y23          FDRE                                         r  scan_code_reg[3]/C
                         clock pessimism             -0.512     1.466    
    SLICE_X1Y23          FDRE (Hold_fdre_C_D)         0.091     1.557    scan_code_reg[3]
  -------------------------------------------------------------------
                         required time                         -1.557    
                         arrival time                           1.847    
  -------------------------------------------------------------------
                         slack                                  0.290    

Slack (MET) :             0.303ns  (arrival time - required time)
  Source:                 scan_code_reg[4]/C
                            (rising edge-triggered cell FDRE clocked by sys_clk  {rise@0.000ns fall@5.000ns period=10.000ns})
  Destination:            scan_code_reg[4]/D
                            (rising edge-triggered cell FDRE clocked by sys_clk  {rise@0.000ns fall@5.000ns period=10.000ns})
  Path Group:             sys_clk
  Path Type:              Hold (Min at Fast Process Corner)
  Requirement:            0.000ns  (sys_clk rise@0.000ns - sys_clk rise@0.000ns)
  Data Path Delay:        0.394ns  (logic 0.186ns (47.192%)  route 0.208ns (52.808%))
  Logic Levels:           1  (LUT6=1)
  Clock Path Skew:        0.000ns (DCD - SCD - CPR)
    Destination Clock Delay (DCD):    1.980ns
    Source Clock Delay      (SCD):    1.468ns
    Clock Pessimism Removal (CPR):    0.512ns

    Location             Delay type                Incr(ns)  Path(ns)    Netlist Resource(s)
  -------------------------------------------------------------------    -------------------
                         (clock sys_clk rise edge)    0.000     0.000 r  
    W5                                                0.000     0.000 r  clk (IN)
                         net (fo=0)                   0.000     0.000    clk
    W5                   IBUF (Prop_ibuf_I_O)         0.226     0.226 r  clk_IBUF_inst/O
                         net (fo=1, routed)           0.631     0.858    clk_IBUF
    BUFGCTRL_X0Y0        BUFG (Prop_bufg_I_O)         0.026     0.884 r  clk_IBUF_BUFG_inst/O
                         net (fo=34, routed)          0.585     1.468    clk_IBUF_BUFG
    SLICE_X1Y22          FDRE                                         r  scan_code_reg[4]/C
  -------------------------------------------------------------------    -------------------
    SLICE_X1Y22          FDRE (Prop_fdre_C_Q)         0.141     1.609 r  scan_code_reg[4]/Q
                         net (fo=7, routed)           0.208     1.817    scan_code[4]
    SLICE_X1Y22          LUT6 (Prop_lut6_I5_O)        0.045     1.862 r  scan_code[4]_i_1/O
                         net (fo=1, routed)           0.000     1.862    scan_code[4]_i_1_n_0
    SLICE_X1Y22          FDRE                                         r  scan_code_reg[4]/D
  -------------------------------------------------------------------    -------------------

                         (clock sys_clk rise edge)    0.000     0.000 r  
    W5                                                0.000     0.000 r  clk (IN)
                         net (fo=0)                   0.000     0.000    clk
    W5                   IBUF (Prop_ibuf_I_O)         0.414     0.414 r  clk_IBUF_inst/O
                         net (fo=1, routed)           0.685     1.099    clk_IBUF
    BUFGCTRL_X0Y0        BUFG (Prop_bufg_I_O)         0.029     1.128 r  clk_IBUF_BUFG_inst/O
                         net (fo=34, routed)          0.853     1.980    clk_IBUF_BUFG
    SLICE_X1Y22          FDRE                                         r  scan_code_reg[4]/C
                         clock pessimism             -0.512     1.468    
    SLICE_X1Y22          FDRE (Hold_fdre_C_D)         0.091     1.559    scan_code_reg[4]
  -------------------------------------------------------------------
                         required time                         -1.559    
                         arrival time                           1.862    
  -------------------------------------------------------------------
                         slack                                  0.303    

Slack (MET) :             0.309ns  (arrival time - required time)
  Source:                 FSM_sequential_bit_count_reg[1]/C
                            (rising edge-triggered cell FDRE clocked by sys_clk  {rise@0.000ns fall@5.000ns period=10.000ns})
  Destination:            FSM_sequential_bit_count_reg[1]/D
                            (rising edge-triggered cell FDRE clocked by sys_clk  {rise@0.000ns fall@5.000ns period=10.000ns})
  Path Group:             sys_clk
  Path Type:              Hold (Min at Fast Process Corner)
  Requirement:            0.000ns  (sys_clk rise@0.000ns - sys_clk rise@0.000ns)
  Data Path Delay:        0.400ns  (logic 0.186ns (46.537%)  route 0.214ns (53.463%))
  Logic Levels:           1  (LUT3=1)
  Clock Path Skew:        0.000ns (DCD - SCD - CPR)
    Destination Clock Delay (DCD):    1.978ns
    Source Clock Delay      (SCD):    1.466ns
    Clock Pessimism Removal (CPR):    0.512ns

    Location             Delay type                Incr(ns)  Path(ns)    Netlist Resource(s)
  -------------------------------------------------------------------    -------------------
                         (clock sys_clk rise edge)    0.000     0.000 r  
    W5                                                0.000     0.000 r  clk (IN)
                         net (fo=0)                   0.000     0.000    clk
    W5                   IBUF (Prop_ibuf_I_O)         0.226     0.226 r  clk_IBUF_inst/O
                         net (fo=1, routed)           0.631     0.858    clk_IBUF
    BUFGCTRL_X0Y0        BUFG (Prop_bufg_I_O)         0.026     0.884 r  clk_IBUF_BUFG_inst/O
                         net (fo=34, routed)          0.583     1.466    clk_IBUF_BUFG
    SLICE_X3Y23          FDRE                                         r  FSM_sequential_bit_count_reg[1]/C
  -------------------------------------------------------------------    -------------------
    SLICE_X3Y23          FDRE (Prop_fdre_C_Q)         0.141     1.607 r  FSM_sequential_bit_count_reg[1]/Q
                         net (fo=21, routed)          0.214     1.821    bit_count[1]
    SLICE_X3Y23          LUT3 (Prop_lut3_I1_O)        0.045     1.866 r  FSM_sequential_bit_count[1]_i_1/O
                         net (fo=1, routed)           0.000     1.866    FSM_sequential_bit_count[1]_i_1_n_0
    SLICE_X3Y23          FDRE                                         r  FSM_sequential_bit_count_reg[1]/D
  -------------------------------------------------------------------    -------------------

                         (clock sys_clk rise edge)    0.000     0.000 r  
    W5                                                0.000     0.000 r  clk (IN)
                         net (fo=0)                   0.000     0.000    clk
    W5                   IBUF (Prop_ibuf_I_O)         0.414     0.414 r  clk_IBUF_inst/O
                         net (fo=1, routed)           0.685     1.099    clk_IBUF
    BUFGCTRL_X0Y0        BUFG (Prop_bufg_I_O)         0.029     1.128 r  clk_IBUF_BUFG_inst/O
                         net (fo=34, routed)          0.851     1.978    clk_IBUF_BUFG
    SLICE_X3Y23          FDRE                                         r  FSM_sequential_bit_count_reg[1]/C
                         clock pessimism             -0.512     1.466    
    SLICE_X3Y23          FDRE (Hold_fdre_C_D)         0.091     1.557    FSM_sequential_bit_count_reg[1]
  -------------------------------------------------------------------
                         required time                         -1.557    
                         arrival time                           1.866    
  -------------------------------------------------------------------
                         slack                                  0.309    

Slack (MET) :             0.310ns  (arrival time - required time)
  Source:                 FSM_sequential_bit_count_reg[1]/C
                            (rising edge-triggered cell FDRE clocked by sys_clk  {rise@0.000ns fall@5.000ns period=10.000ns})
  Destination:            FSM_sequential_bit_count_reg[3]/D
                            (rising edge-triggered cell FDRE clocked by sys_clk  {rise@0.000ns fall@5.000ns period=10.000ns})
  Path Group:             sys_clk
  Path Type:              Hold (Min at Fast Process Corner)
  Requirement:            0.000ns  (sys_clk rise@0.000ns - sys_clk rise@0.000ns)
  Data Path Delay:        0.402ns  (logic 0.186ns (46.305%)  route 0.216ns (53.695%))
  Logic Levels:           1  (LUT4=1)
  Clock Path Skew:        0.000ns (DCD - SCD - CPR)
    Destination Clock Delay (DCD):    1.978ns
    Source Clock Delay      (SCD):    1.466ns
    Clock Pessimism Removal (CPR):    0.512ns

    Location             Delay type                Incr(ns)  Path(ns)    Netlist Resource(s)
  -------------------------------------------------------------------    -------------------
                         (clock sys_clk rise edge)    0.000     0.000 r  
    W5                                                0.000     0.000 r  clk (IN)
                         net (fo=0)                   0.000     0.000    clk
    W5                   IBUF (Prop_ibuf_I_O)         0.226     0.226 r  clk_IBUF_inst/O
                         net (fo=1, routed)           0.631     0.858    clk_IBUF
    BUFGCTRL_X0Y0        BUFG (Prop_bufg_I_O)         0.026     0.884 r  clk_IBUF_BUFG_inst/O
                         net (fo=34, routed)          0.583     1.466    clk_IBUF_BUFG
    SLICE_X3Y23          FDRE                                         r  FSM_sequential_bit_count_reg[1]/C
  -------------------------------------------------------------------    -------------------
    SLICE_X3Y23          FDRE (Prop_fdre_C_Q)         0.141     1.607 r  FSM_sequential_bit_count_reg[1]/Q
                         net (fo=21, routed)          0.216     1.823    bit_count[1]
    SLICE_X3Y23          LUT4 (Prop_lut4_I3_O)        0.045     1.868 r  FSM_sequential_bit_count[3]_i_2/O
                         net (fo=1, routed)           0.000     1.868    FSM_sequential_bit_count[3]_i_2_n_0
    SLICE_X3Y23          FDRE                                         r  FSM_sequential_bit_count_reg[3]/D
  -------------------------------------------------------------------    -------------------

                         (clock sys_clk rise edge)    0.000     0.000 r  
    W5                                                0.000     0.000 r  clk (IN)
                         net (fo=0)                   0.000     0.000    clk
    W5                   IBUF (Prop_ibuf_I_O)         0.414     0.414 r  clk_IBUF_inst/O
                         net (fo=1, routed)           0.685     1.099    clk_IBUF
    BUFGCTRL_X0Y0        BUFG (Prop_bufg_I_O)         0.029     1.128 r  clk_IBUF_BUFG_inst/O
                         net (fo=34, routed)          0.851     1.978    clk_IBUF_BUFG
    SLICE_X3Y23          FDRE                                         r  FSM_sequential_bit_count_reg[3]/C
                         clock pessimism             -0.512     1.466    
    SLICE_X3Y23          FDRE (Hold_fdre_C_D)         0.092     1.558    FSM_sequential_bit_count_reg[3]
  -------------------------------------------------------------------
                         required time                         -1.558    
                         arrival time                           1.868    
  -------------------------------------------------------------------
                         slack                                  0.310    

Slack (MET) :             0.313ns  (arrival time - required time)
  Source:                 scan_code_reg[1]/C
                            (rising edge-triggered cell FDRE clocked by sys_clk  {rise@0.000ns fall@5.000ns period=10.000ns})
  Destination:            led_reg[3]/D
                            (rising edge-triggered cell FDRE clocked by sys_clk  {rise@0.000ns fall@5.000ns period=10.000ns})
  Path Group:             sys_clk
  Path Type:              Hold (Min at Fast Process Corner)
  Requirement:            0.000ns  (sys_clk rise@0.000ns - sys_clk rise@0.000ns)
  Data Path Delay:        0.420ns  (logic 0.186ns (44.279%)  route 0.234ns (55.721%))
  Logic Levels:           1  (LUT6=1)
  Clock Path Skew:        0.016ns (DCD - SCD - CPR)
    Destination Clock Delay (DCD):    1.983ns
    Source Clock Delay      (SCD):    1.468ns
    Clock Pessimism Removal (CPR):    0.499ns

    Location             Delay type                Incr(ns)  Path(ns)    Netlist Resource(s)
  -------------------------------------------------------------------    -------------------
                         (clock sys_clk rise edge)    0.000     0.000 r  
    W5                                                0.000     0.000 r  clk (IN)
                         net (fo=0)                   0.000     0.000    clk
    W5                   IBUF (Prop_ibuf_I_O)         0.226     0.226 r  clk_IBUF_inst/O
                         net (fo=1, routed)           0.631     0.858    clk_IBUF
    BUFGCTRL_X0Y0        BUFG (Prop_bufg_I_O)         0.026     0.884 r  clk_IBUF_BUFG_inst/O
                         net (fo=34, routed)          0.585     1.468    clk_IBUF_BUFG
    SLICE_X0Y22          FDRE                                         r  scan_code_reg[1]/C
  -------------------------------------------------------------------    -------------------
    SLICE_X0Y22          FDRE (Prop_fdre_C_Q)         0.141     1.609 r  scan_code_reg[1]/Q
                         net (fo=8, routed)           0.234     1.843    scan_code[1]
    SLICE_X1Y19          LUT6 (Prop_lut6_I4_O)        0.045     1.888 r  led[3]_i_1/O
                         net (fo=1, routed)           0.000     1.888    led[3]_i_1_n_0
    SLICE_X1Y19          FDRE                                         r  led_reg[3]/D
  -------------------------------------------------------------------    -------------------

                         (clock sys_clk rise edge)    0.000     0.000 r  
    W5                                                0.000     0.000 r  clk (IN)
                         net (fo=0)                   0.000     0.000    clk
    W5                   IBUF (Prop_ibuf_I_O)         0.414     0.414 r  clk_IBUF_inst/O
                         net (fo=1, routed)           0.685     1.099    clk_IBUF
    BUFGCTRL_X0Y0        BUFG (Prop_bufg_I_O)         0.029     1.128 r  clk_IBUF_BUFG_inst/O
                         net (fo=34, routed)          0.856     1.983    clk_IBUF_BUFG
    SLICE_X1Y19          FDRE                                         r  led_reg[3]/C
                         clock pessimism             -0.499     1.484    
    SLICE_X1Y19          FDRE (Hold_fdre_C_D)         0.091     1.575    led_reg[3]
  -------------------------------------------------------------------
                         required time                         -1.575    
                         arrival time                           1.888    
  -------------------------------------------------------------------
                         slack                                  0.313    





Pulse Width Checks
--------------------------------------------------------------------------------------
Clock Name:         sys_clk
Waveform(ns):       { 0.000 5.000 }
Period(ns):         10.000
Sources:            { clk }

Check Type        Corner  Lib Pin  Reference Pin  Required(ns)  Actual(ns)  Slack(ns)  Location       Pin
Min Period        n/a     BUFG/I   n/a            2.155         10.000      7.845      BUFGCTRL_X0Y0  clk_IBUF_BUFG_inst/I
Min Period        n/a     FDRE/C   n/a            1.000         10.000      9.000      SLICE_X3Y23    FSM_sequential_bit_count_reg[0]/C
Min Period        n/a     FDRE/C   n/a            1.000         10.000      9.000      SLICE_X3Y23    FSM_sequential_bit_count_reg[1]/C
Min Period        n/a     FDRE/C   n/a            1.000         10.000      9.000      SLICE_X0Y23    FSM_sequential_bit_count_reg[2]/C
Min Period        n/a     FDRE/C   n/a            1.000         10.000      9.000      SLICE_X3Y23    FSM_sequential_bit_count_reg[3]/C
Min Period        n/a     FDRE/C   n/a            1.000         10.000      9.000      SLICE_X1Y3     led_reg[0]/C
Min Period        n/a     FDRE/C   n/a            1.000         10.000      9.000      SLICE_X65Y37   led_reg[15]/C
Min Period        n/a     FDRE/C   n/a            1.000         10.000      9.000      SLICE_X65Y37   led_reg[15]_lopt_replica/C
Min Period        n/a     FDRE/C   n/a            1.000         10.000      9.000      SLICE_X1Y1     led_reg[15]_lopt_replica_10/C
Min Period        n/a     FDRE/C   n/a            1.000         10.000      9.000      SLICE_X0Y2     led_reg[15]_lopt_replica_11/C
Low Pulse Width   Slow    FDRE/C   n/a            0.500         5.000       4.500      SLICE_X65Y61   led_reg[15]_lopt_replica_5/C
Low Pulse Width   Slow    FDRE/C   n/a            0.500         5.000       4.500      SLICE_X65Y87   led_reg[15]_lopt_replica_6/C
Low Pulse Width   Fast    FDRE/C   n/a            0.500         5.000       4.500      SLICE_X3Y23    FSM_sequential_bit_count_reg[0]/C
Low Pulse Width   Fast    FDRE/C   n/a            0.500         5.000       4.500      SLICE_X3Y23    FSM_sequential_bit_count_reg[1]/C
Low Pulse Width   Fast    FDRE/C   n/a            0.500         5.000       4.500      SLICE_X0Y23    FSM_sequential_bit_count_reg[2]/C
Low Pulse Width   Fast    FDRE/C   n/a            0.500         5.000       4.500      SLICE_X3Y23    FSM_sequential_bit_count_reg[3]/C
Low Pulse Width   Fast    FDRE/C   n/a            0.500         5.000       4.500      SLICE_X65Y37   led_reg[15]/C
Low Pulse Width   Fast    FDRE/C   n/a            0.500         5.000       4.500      SLICE_X65Y37   led_reg[15]_lopt_replica/C
Low Pulse Width   Slow    FDRE/C   n/a            0.500         5.000       4.500      SLICE_X65Y31   led_reg[15]_lopt_replica_2/C
Low Pulse Width   Slow    FDRE/C   n/a            0.500         5.000       4.500      SLICE_X0Y18    led_reg[15]_lopt_replica_7/C
High Pulse Width  Slow    FDRE/C   n/a            0.500         5.000       4.500      SLICE_X3Y23    FSM_sequential_bit_count_reg[0]/C
High Pulse Width  Slow    FDRE/C   n/a            0.500         5.000       4.500      SLICE_X3Y23    FSM_sequential_bit_count_reg[1]/C
High Pulse Width  Slow    FDRE/C   n/a            0.500         5.000       4.500      SLICE_X0Y23    FSM_sequential_bit_count_reg[2]/C
High Pulse Width  Slow    FDRE/C   n/a            0.500         5.000       4.500      SLICE_X3Y23    FSM_sequential_bit_count_reg[3]/C
High Pulse Width  Slow    FDRE/C   n/a            0.500         5.000       4.500      SLICE_X1Y3     led_reg[0]/C
High Pulse Width  Slow    FDRE/C   n/a            0.500         5.000       4.500      SLICE_X1Y1     led_reg[15]_lopt_replica_10/C
High Pulse Width  Slow    FDRE/C   n/a            0.500         5.000       4.500      SLICE_X0Y2     led_reg[15]_lopt_replica_11/C
High Pulse Width  Slow    FDRE/C   n/a            0.500         5.000       4.500      SLICE_X64Y75   led_reg[15]_lopt_replica_3/C
High Pulse Width  Slow    FDRE/C   n/a            0.500         5.000       4.500      SLICE_X65Y75   led_reg[15]_lopt_replica_4/C
High Pulse Width  Slow    FDRE/C   n/a            0.500         5.000       4.500      SLICE_X0Y4     led_reg[15]_lopt_replica_8/C



