Copyright 1986-2017 Xilinx, Inc. All Rights Reserved.
------------------------------------------------------------------------------------------
| Tool Version : Vivado v.2017.4 (win64) Build 2086221 Fri Dec 15 20:55:39 MST 2017
| Date         : Thu Sep 24 12:31:05 2026
| Host         : CECS8QRHRY3 running 64-bit major release  (build 9200)
| Command      : report_control_sets -verbose -file ps2_interface_control_sets_placed.rpt
| Design       : ps2_interface
| Device       : xc7a35t
------------------------------------------------------------------------------------------

Control Set Information

Table of Contents
-----------------
1. Summary
2. Flip-Flop Distribution
3. Detailed Control Set Information

1. Summary
----------

+----------------------------------------------------------+-------+
|                          Status                          | Count |
+----------------------------------------------------------+-------+
| Number of unique control sets                            |     4 |
| Unused register locations in slices containing registers |    14 |
+----------------------------------------------------------+-------+


2. Flip-Flop Distribution
-------------------------

+--------------+-----------------------+------------------------+-----------------+--------------+
| Clock Enable | Synchronous Set/Reset | Asynchronous Set/Reset | Total Registers | Total Slices |
+--------------+-----------------------+------------------------+-----------------+--------------+
| No           | No                    | No                     |               5 |            2 |
| No           | No                    | Yes                    |               0 |            0 |
| No           | Yes                   | No                     |               9 |            5 |
| Yes          | No                    | No                     |               0 |            0 |
| Yes          | No                    | Yes                    |               0 |            0 |
| Yes          | Yes                   | No                     |              20 |           17 |
+--------------+-----------------------+------------------------+-----------------+--------------+


3. Detailed Control Set Information
-----------------------------------

+----------------+-------------------------------------+------------------+------------------+----------------+
|  Clock Signal  |            Enable Signal            | Set/Reset Signal | Slice Load Count | Bel Load Count |
+----------------+-------------------------------------+------------------+------------------+----------------+
|  clk_IBUF_BUFG | FSM_sequential_bit_count[3]_i_1_n_0 | btnC_IBUF        |                2 |              4 |
|  clk_IBUF_BUFG |                                     |                  |                2 |              5 |
|  clk_IBUF_BUFG |                                     | btnC_IBUF        |                5 |              9 |
|  clk_IBUF_BUFG | led[15]_i_1_n_0                     | btnC_IBUF        |               15 |             16 |
+----------------+-------------------------------------+------------------+------------------+----------------+


+--------+-----------------------+
| Fanout | Number of ControlSets |
+--------+-----------------------+
| 4      |                     1 |
| 5      |                     1 |
| 9      |                     1 |
| 16+    |                     1 |
+--------+-----------------------+


