
*** Running vivado
    with args -log ps2_interface.vdi -applog -m64 -product Vivado -messageDb vivado.pb -mode batch -source ps2_interface.tcl -notrace


****** Vivado v2017.4 (64-bit)
  **** SW Build 2086221 on Fri Dec 15 20:55:39 MST 2017
  **** IP Build 2085800 on Fri Dec 15 22:25:07 MST 2017
    ** Copyright 1986-2017 Xilinx, Inc. All Rights Reserved.

source ps2_interface.tcl -notrace
Command: link_design -top ps2_interface -part xc7a35tcpg236-1
Design is defaulting to srcset: sources_1
Design is defaulting to constrset: constrs_1
INFO: [Netlist 29-17] Analyzing 4 Unisim elements for replacement
INFO: [Netlist 29-28] Unisim Transformation completed in 0 CPU seconds
INFO: [Project 1-479] Netlist was created with Vivado 2017.4
INFO: [Device 21-403] Loading part xc7a35tcpg236-1
INFO: [Project 1-570] Preparing netlist for logic optimization
Parsing XDC File [C:/Users/da949990/fpga_design_5722/lab_3/basys3_keyboard.xdc]
Finished Parsing XDC File [C:/Users/da949990/fpga_design_5722/lab_3/basys3_keyboard.xdc]
INFO: [Opt 31-138] Pushed 0 inverter(s) to 0 load pin(s).
INFO: [Project 1-111] Unisim Transformation Summary:
No Unisim elements were transformed.

7 Infos, 0 Warnings, 0 Critical Warnings and 0 Errors encountered.
link_design completed successfully
Command: opt_design
Attempting to get a license for feature 'Implementation' and/or device 'xc7a35t'
INFO: [Common 17-349] Got license for feature 'Implementation' and/or device 'xc7a35t'
Running DRC as a precondition to command opt_design

Starting DRC Task
INFO: [DRC 23-27] Running DRC with 2 threads
INFO: [Project 1-461] DRC finished with 0 Errors
INFO: [Project 1-462] Please refer to the DRC report (report_drc) for more information.

Time (s): cpu = 00:00:00 ; elapsed = 00:00:00.256 . Memory (MB): peak = 563.621 ; gain = 12.258
INFO: [Timing 38-35] Done setting XDC timing constraints.

Starting Logic Optimization Task

Phase 1 Retarget
INFO: [Opt 31-138] Pushed 0 inverter(s) to 0 load pin(s).
INFO: [Opt 31-49] Retargeted 0 cell(s).
Phase 1 Retarget | Checksum: 19e5ac03c

Time (s): cpu = 00:00:00 ; elapsed = 00:00:00.006 . Memory (MB): peak = 1113.930 ; gain = 0.000
INFO: [Opt 31-389] Phase Retarget created 0 cells and removed 0 cells

Phase 2 Constant propagation
INFO: [Opt 31-138] Pushed 0 inverter(s) to 0 load pin(s).
Phase 2 Constant propagation | Checksum: 19e5ac03c

Time (s): cpu = 00:00:00 ; elapsed = 00:00:00.008 . Memory (MB): peak = 1113.930 ; gain = 0.000
INFO: [Opt 31-389] Phase Constant propagation created 0 cells and removed 0 cells

Phase 3 Sweep
Phase 3 Sweep | Checksum: 1a78f4fb3

Time (s): cpu = 00:00:00 ; elapsed = 00:00:00.013 . Memory (MB): peak = 1113.930 ; gain = 0.000
INFO: [Opt 31-389] Phase Sweep created 11 cells and removed 0 cells

Phase 4 BUFG optimization
Phase 4 BUFG optimization | Checksum: 1a78f4fb3

Time (s): cpu = 00:00:00 ; elapsed = 00:00:00.015 . Memory (MB): peak = 1113.930 ; gain = 0.000
INFO: [Opt 31-389] Phase BUFG optimization created 0 cells and removed 0 cells

Phase 5 Shift Register Optimization
Phase 5 Shift Register Optimization | Checksum: 1a78f4fb3

Time (s): cpu = 00:00:00 ; elapsed = 00:00:00.017 . Memory (MB): peak = 1113.930 ; gain = 0.000
INFO: [Opt 31-389] Phase Shift Register Optimization created 0 cells and removed 0 cells

Starting Connectivity Check Task

Time (s): cpu = 00:00:00 ; elapsed = 00:00:00.001 . Memory (MB): peak = 1113.930 ; gain = 0.000
Ending Logic Optimization Task | Checksum: 1a78f4fb3

Time (s): cpu = 00:00:00 ; elapsed = 00:00:00.018 . Memory (MB): peak = 1113.930 ; gain = 0.000

Starting Power Optimization Task
INFO: [Pwropt 34-132] Skipping clock gating for clocks with a period < 2.00 ns.
Ending Power Optimization Task | Checksum: 115dce727

Time (s): cpu = 00:00:00 ; elapsed = 00:00:00.009 . Memory (MB): peak = 1113.930 ; gain = 0.000
INFO: [Common 17-83] Releasing license: Implementation
22 Infos, 0 Warnings, 0 Critical Warnings and 0 Errors encountered.
opt_design completed successfully
opt_design: Time (s): cpu = 00:00:05 ; elapsed = 00:00:05 . Memory (MB): peak = 1113.930 ; gain = 562.566
Writing placer database...
Writing XDEF routing.
Writing XDEF routing logical nets.
Writing XDEF routing special nets.
Write XDEF Complete: Time (s): cpu = 00:00:00 ; elapsed = 00:00:00.017 . Memory (MB): peak = 1113.930 ; gain = 0.000
INFO: [Common 17-1381] The checkpoint 'C:/Users/da949990/fpga_design_5722/lab_3/lab_3.runs/impl_1/ps2_interface_opt.dcp' has been generated.
INFO: [runtcl-4] Executing : report_drc -file ps2_interface_drc_opted.rpt -pb ps2_interface_drc_opted.pb -rpx ps2_interface_drc_opted.rpx
Command: report_drc -file ps2_interface_drc_opted.rpt -pb ps2_interface_drc_opted.pb -rpx ps2_interface_drc_opted.rpx
INFO: [IP_Flow 19-234] Refreshing IP repositories
INFO: [IP_Flow 19-1704] No user IP repositories specified
INFO: [IP_Flow 19-2313] Loaded Vivado IP repository 'C:/Xilinx/Vivado/2017.4/data/ip'.
INFO: [DRC 23-27] Running DRC with 2 threads
INFO: [Coretcl 2-168] The results of DRC are in file C:/Users/da949990/fpga_design_5722/lab_3/lab_3.runs/impl_1/ps2_interface_drc_opted.rpt.
report_drc completed successfully
INFO: [Chipscope 16-241] No debug cores found in the current design.
Before running the implement_debug_core command, either use the Set Up Debug wizard (GUI mode)
or use the create_debug_core and connect_debug_core Tcl commands to insert debug cores into the design.
Command: place_design
Attempting to get a license for feature 'Implementation' and/or device 'xc7a35t'
INFO: [Common 17-349] Got license for feature 'Implementation' and/or device 'xc7a35t'
INFO: [DRC 23-27] Running DRC with 2 threads
INFO: [Vivado_Tcl 4-198] DRC finished with 0 Errors
INFO: [Vivado_Tcl 4-199] Please refer to the DRC report (report_drc) for more information.
Running DRC as a precondition to command place_design
INFO: [DRC 23-27] Running DRC with 2 threads
INFO: [Vivado_Tcl 4-198] DRC finished with 0 Errors
INFO: [Vivado_Tcl 4-199] Please refer to the DRC report (report_drc) for more information.

Starting Placer Task
INFO: [Place 30-611] Multithreading enabled for place_design using a maximum of 2 CPUs

Phase 1 Placer Initialization

Phase 1.1 Placer Initialization Netlist Sorting
Netlist sorting complete. Time (s): cpu = 00:00:00 ; elapsed = 00:00:00 . Memory (MB): peak = 1113.930 ; gain = 0.000
Phase 1.1 Placer Initialization Netlist Sorting | Checksum: 10642b182

Time (s): cpu = 00:00:00 ; elapsed = 00:00:00.009 . Memory (MB): peak = 1113.930 ; gain = 0.000
INFO: [Timing 38-35] Done setting XDC timing constraints.
INFO: [Opt 31-138] Pushed 0 inverter(s) to 0 load pin(s).
Netlist sorting complete. Time (s): cpu = 00:00:00 ; elapsed = 00:00:00 . Memory (MB): peak = 1113.930 ; gain = 0.000

Phase 1.2 IO Placement/ Clock Placement/ Build Placer Device
INFO: [Timing 38-35] Done setting XDC timing constraints.
Phase 1.2 IO Placement/ Clock Placement/ Build Placer Device | Checksum: 135bbcb35

Time (s): cpu = 00:00:00 ; elapsed = 00:00:00.287 . Memory (MB): peak = 1113.930 ; gain = 0.000

Phase 1.3 Build Placer Netlist Model
Phase 1.3 Build Placer Netlist Model | Checksum: 22dce9ca3

Time (s): cpu = 00:00:00 ; elapsed = 00:00:00.338 . Memory (MB): peak = 1113.930 ; gain = 0.000

Phase 1.4 Constrain Clocks/Macros
Phase 1.4 Constrain Clocks/Macros | Checksum: 22dce9ca3

Time (s): cpu = 00:00:00 ; elapsed = 00:00:00.339 . Memory (MB): peak = 1113.930 ; gain = 0.000
Phase 1 Placer Initialization | Checksum: 22dce9ca3

Time (s): cpu = 00:00:00 ; elapsed = 00:00:00.340 . Memory (MB): peak = 1113.930 ; gain = 0.000

Phase 2 Global Placement
Phase 2 Global Placement | Checksum: 16a6a4714

Time (s): cpu = 00:00:01 ; elapsed = 00:00:00.507 . Memory (MB): peak = 1113.930 ; gain = 0.000

Phase 3 Detail Placement

Phase 3.1 Commit Multi Column Macros
Phase 3.1 Commit Multi Column Macros | Checksum: 16a6a4714

Time (s): cpu = 00:00:01 ; elapsed = 00:00:00.508 . Memory (MB): peak = 1113.930 ; gain = 0.000

Phase 3.2 Commit Most Macros & LUTRAMs
Phase 3.2 Commit Most Macros & LUTRAMs | Checksum: 1d28490e5

Time (s): cpu = 00:00:01 ; elapsed = 00:00:00.534 . Memory (MB): peak = 1113.930 ; gain = 0.000

Phase 3.3 Area Swap Optimization
Phase 3.3 Area Swap Optimization | Checksum: 1e20f1e42

Time (s): cpu = 00:00:01 ; elapsed = 00:00:00.537 . Memory (MB): peak = 1113.930 ; gain = 0.000

Phase 3.4 Pipeline Register Optimization
Phase 3.4 Pipeline Register Optimization | Checksum: 1e20f1e42

Time (s): cpu = 00:00:01 ; elapsed = 00:00:00.537 . Memory (MB): peak = 1113.930 ; gain = 0.000

Phase 3.5 Timing Path Optimizer
Phase 3.5 Timing Path Optimizer | Checksum: 1e20f1e42

Time (s): cpu = 00:00:01 ; elapsed = 00:00:00.537 . Memory (MB): peak = 1113.930 ; gain = 0.000

Phase 3.6 Fast Optimization
Phase 3.6 Fast Optimization | Checksum: 1e20f1e42

Time (s): cpu = 00:00:01 ; elapsed = 00:00:00.554 . Memory (MB): peak = 1113.930 ; gain = 0.000

Phase 3.7 Small Shape Detail Placement
Phase 3.7 Small Shape Detail Placement | Checksum: 10e2f71ae

Time (s): cpu = 00:00:01 ; elapsed = 00:00:00.600 . Memory (MB): peak = 1113.930 ; gain = 0.000

Phase 3.8 Re-assign LUT pins
Phase 3.8 Re-assign LUT pins | Checksum: 1ca4706df

Time (s): cpu = 00:00:01 ; elapsed = 00:00:00.602 . Memory (MB): peak = 1113.930 ; gain = 0.000

Phase 3.9 Pipeline Register Optimization
Phase 3.9 Pipeline Register Optimization | Checksum: 1ca4706df

Time (s): cpu = 00:00:01 ; elapsed = 00:00:00.602 . Memory (MB): peak = 1113.930 ; gain = 0.000

Phase 3.10 Fast Optimization
Phase 3.10 Fast Optimization | Checksum: 1ca4706df

Time (s): cpu = 00:00:01 ; elapsed = 00:00:00.624 . Memory (MB): peak = 1113.930 ; gain = 0.000
Phase 3 Detail Placement | Checksum: 1ca4706df

Time (s): cpu = 00:00:01 ; elapsed = 00:00:00.624 . Memory (MB): peak = 1113.930 ; gain = 0.000

Phase 4 Post Placement Optimization and Clean-Up

Phase 4.1 Post Commit Optimization
INFO: [Timing 38-35] Done setting XDC timing constraints.

Phase 4.1.1 Post Placement Optimization
Post Placement Optimization Initialization | Checksum: 280a92cb2

Phase 4.1.1.1 BUFG Insertion
INFO: [Physopt 32-721] Multithreading enabled for phys_opt_design using a maximum of 2 CPUs
INFO: [Place 46-31] BUFG insertion identified 0 candidate nets, 0 success, 0 skipped for placement/routing, 0 skipped for timing, 0 skipped for netlist change reason.
Phase 4.1.1.1 BUFG Insertion | Checksum: 280a92cb2

Time (s): cpu = 00:00:01 ; elapsed = 00:00:00.669 . Memory (MB): peak = 1125.125 ; gain = 11.195
INFO: [Place 30-746] Post Placement Timing Summary WNS=-2.816. For the most accurate timing information please run report_timing.
Phase 4.1.1 Post Placement Optimization | Checksum: 1a7b4edd3

Time (s): cpu = 00:00:01 ; elapsed = 00:00:01 . Memory (MB): peak = 1125.125 ; gain = 11.195
Phase 4.1 Post Commit Optimization | Checksum: 1a7b4edd3

Time (s): cpu = 00:00:01 ; elapsed = 00:00:01 . Memory (MB): peak = 1125.125 ; gain = 11.195

Phase 4.2 Post Placement Cleanup
Phase 4.2 Post Placement Cleanup | Checksum: 1a7b4edd3

Time (s): cpu = 00:00:01 ; elapsed = 00:00:01 . Memory (MB): peak = 1125.125 ; gain = 11.195

Phase 4.3 Placer Reporting
Phase 4.3 Placer Reporting | Checksum: 1a7b4edd3

Time (s): cpu = 00:00:01 ; elapsed = 00:00:01 . Memory (MB): peak = 1125.125 ; gain = 11.195

Phase 4.4 Final Placement Cleanup
Phase 4.4 Final Placement Cleanup | Checksum: 18051c86c

Time (s): cpu = 00:00:01 ; elapsed = 00:00:01 . Memory (MB): peak = 1125.125 ; gain = 11.195
Phase 4 Post Placement Optimization and Clean-Up | Checksum: 18051c86c

Time (s): cpu = 00:00:01 ; elapsed = 00:00:01 . Memory (MB): peak = 1125.125 ; gain = 11.195
Ending Placer Task | Checksum: 133a5706b

Time (s): cpu = 00:00:01 ; elapsed = 00:00:01 . Memory (MB): peak = 1125.125 ; gain = 11.195
INFO: [Common 17-83] Releasing license: Implementation
46 Infos, 0 Warnings, 0 Critical Warnings and 0 Errors encountered.
place_design completed successfully
Writing placer database...
Writing XDEF routing.
Writing XDEF routing logical nets.
Writing XDEF routing special nets.
Write XDEF Complete: Time (s): cpu = 00:00:00 ; elapsed = 00:00:00.020 . Memory (MB): peak = 1125.473 ; gain = 0.348
INFO: [Common 17-1381] The checkpoint 'C:/Users/da949990/fpga_design_5722/lab_3/lab_3.runs/impl_1/ps2_interface_placed.dcp' has been generated.
INFO: [runtcl-4] Executing : report_io -file ps2_interface_io_placed.rpt
report_io: Time (s): cpu = 00:00:00 ; elapsed = 00:00:00.020 . Memory (MB): peak = 1127.438 ; gain = 1.965
INFO: [runtcl-4] Executing : report_utilization -file ps2_interface_utilization_placed.rpt -pb ps2_interface_utilization_placed.pb
report_utilization: Time (s): cpu = 00:00:00 ; elapsed = 00:00:00.010 . Memory (MB): peak = 1127.438 ; gain = 0.000
INFO: [runtcl-4] Executing : report_control_sets -verbose -file ps2_interface_control_sets_placed.rpt
report_control_sets: Time (s): cpu = 00:00:00 ; elapsed = 00:00:00.002 . Memory (MB): peak = 1127.438 ; gain = 0.000
Command: route_design
Attempting to get a license for feature 'Implementation' and/or device 'xc7a35t'
INFO: [Common 17-349] Got license for feature 'Implementation' and/or device 'xc7a35t'
Running DRC as a precondition to command route_design
INFO: [DRC 23-27] Running DRC with 2 threads
INFO: [Vivado_Tcl 4-198] DRC finished with 0 Errors
INFO: [Vivado_Tcl 4-199] Please refer to the DRC report (report_drc) for more information.


Starting Routing Task
INFO: [Route 35-254] Multithreading enabled for route_design using a maximum of 2 CPUs
Checksum: PlaceDB: 65cf7a8f ConstDB: 0 ShapeSum: cdd5f5dc RouteDB: 0

Phase 1 Build RT Design
Phase 1 Build RT Design | Checksum: c985f181

Time (s): cpu = 00:00:09 ; elapsed = 00:00:08 . Memory (MB): peak = 1247.152 ; gain = 119.012
Post Restoration Checksum: NetGraph: c53b62fc NumContArr: 44a8e85 Constraints: 0 Timing: 0

Phase 2 Router Initialization

Phase 2.1 Create Timer
Phase 2.1 Create Timer | Checksum: c985f181

Time (s): cpu = 00:00:09 ; elapsed = 00:00:08 . Memory (MB): peak = 1247.152 ; gain = 119.012

Phase 2.2 Fix Topology Constraints
Phase 2.2 Fix Topology Constraints | Checksum: c985f181

Time (s): cpu = 00:00:09 ; elapsed = 00:00:08 . Memory (MB): peak = 1247.152 ; gain = 119.012

Phase 2.3 Pre Route Cleanup
Phase 2.3 Pre Route Cleanup | Checksum: c985f181

Time (s): cpu = 00:00:09 ; elapsed = 00:00:08 . Memory (MB): peak = 1247.152 ; gain = 119.012
 Number of Nodes with overlaps = 0

Phase 2.4 Update Timing
Phase 2.4 Update Timing | Checksum: 235bccd4c

Time (s): cpu = 00:00:09 ; elapsed = 00:00:08 . Memory (MB): peak = 1247.152 ; gain = 119.012
INFO: [Route 35-416] Intermediate Timing Summary | WNS=-2.815 | TNS=-43.259| WHS=-0.130 | THS=-0.984 |

Phase 2 Router Initialization | Checksum: 2182b2329

Time (s): cpu = 00:00:09 ; elapsed = 00:00:08 . Memory (MB): peak = 1247.152 ; gain = 119.012

Phase 3 Initial Routing
Phase 3 Initial Routing | Checksum: 1ebe673a1

Time (s): cpu = 00:00:09 ; elapsed = 00:00:08 . Memory (MB): peak = 1247.152 ; gain = 119.012

Phase 4 Rip-up And Reroute

Phase 4.1 Global Iteration 0
 Number of Nodes with overlaps = 6
 Number of Nodes with overlaps = 0
INFO: [Route 35-416] Intermediate Timing Summary | WNS=-2.818 | TNS=-43.380| WHS=N/A    | THS=N/A    |

Phase 4.1 Global Iteration 0 | Checksum: 1eceb1a2c

Time (s): cpu = 00:00:09 ; elapsed = 00:00:08 . Memory (MB): peak = 1247.152 ; gain = 119.012
Phase 4 Rip-up And Reroute | Checksum: 1eceb1a2c

Time (s): cpu = 00:00:09 ; elapsed = 00:00:08 . Memory (MB): peak = 1247.152 ; gain = 119.012

Phase 5 Delay and Skew Optimization

Phase 5.1 Delay CleanUp

Phase 5.1.1 Update Timing
Phase 5.1.1 Update Timing | Checksum: 27566ad12

Time (s): cpu = 00:00:09 ; elapsed = 00:00:08 . Memory (MB): peak = 1247.152 ; gain = 119.012
INFO: [Route 35-416] Intermediate Timing Summary | WNS=-2.818 | TNS=-43.380| WHS=N/A    | THS=N/A    |

 Number of Nodes with overlaps = 0
Phase 5.1 Delay CleanUp | Checksum: 29d5ef08c

Time (s): cpu = 00:00:09 ; elapsed = 00:00:08 . Memory (MB): peak = 1247.152 ; gain = 119.012

Phase 5.2 Clock Skew Optimization
Phase 5.2 Clock Skew Optimization | Checksum: 29d5ef08c

Time (s): cpu = 00:00:09 ; elapsed = 00:00:08 . Memory (MB): peak = 1247.152 ; gain = 119.012
Phase 5 Delay and Skew Optimization | Checksum: 29d5ef08c

Time (s): cpu = 00:00:09 ; elapsed = 00:00:08 . Memory (MB): peak = 1247.152 ; gain = 119.012

Phase 6 Post Hold Fix

Phase 6.1 Hold Fix Iter

Phase 6.1.1 Update Timing
Phase 6.1.1 Update Timing | Checksum: 26071ce57

Time (s): cpu = 00:00:09 ; elapsed = 00:00:08 . Memory (MB): peak = 1247.152 ; gain = 119.012
INFO: [Route 35-416] Intermediate Timing Summary | WNS=-2.818 | TNS=-43.380| WHS=0.112  | THS=0.000  |

Phase 6.1 Hold Fix Iter | Checksum: 26071ce57

Time (s): cpu = 00:00:09 ; elapsed = 00:00:08 . Memory (MB): peak = 1247.152 ; gain = 119.012
Phase 6 Post Hold Fix | Checksum: 26071ce57

Time (s): cpu = 00:00:09 ; elapsed = 00:00:08 . Memory (MB): peak = 1247.152 ; gain = 119.012

Phase 7 Route finalize

Router Utilization Summary
  Global Vertical Routing Utilization    = 0.076457 %
  Global Horizontal Routing Utilization  = 0.0303227 %
  Routable Net Status*
  *Does not include unroutable nets such as driverless and loadless.
  Run report_route_status for detailed report.
  Number of Failed Nets               = 0
  Number of Unrouted Nets             = 0
  Number of Partially Routed Nets     = 0
  Number of Node Overlaps             = 0

Utilization threshold used for congestion level computation: 0.85
Congestion Report
North Dir 1x1 Area, Max Cong = 16.2162%, No Congested Regions.
South Dir 1x1 Area, Max Cong = 21.6216%, No Congested Regions.
East Dir 1x1 Area, Max Cong = 10.2941%, No Congested Regions.
West Dir 1x1 Area, Max Cong = 16.1765%, No Congested Regions.
Phase 7 Route finalize | Checksum: 2908f5f67

Time (s): cpu = 00:00:09 ; elapsed = 00:00:08 . Memory (MB): peak = 1247.152 ; gain = 119.012

Phase 8 Verifying routed nets

 Verification completed successfully
Phase 8 Verifying routed nets | Checksum: 2908f5f67

Time (s): cpu = 00:00:09 ; elapsed = 00:00:08 . Memory (MB): peak = 1247.152 ; gain = 119.012

Phase 9 Depositing Routes
Phase 9 Depositing Routes | Checksum: 20e6723ce

Time (s): cpu = 00:00:09 ; elapsed = 00:00:08 . Memory (MB): peak = 1247.152 ; gain = 119.012

Phase 10 Post Router Timing
INFO: [Route 35-57] Estimated Timing Summary | WNS=-2.818 | TNS=-43.380| WHS=0.112  | THS=0.000  |

WARNING: [Route 35-328] Router estimated timing not met.
Resolution: For a complete and accurate timing signoff, report_timing_summary must be run after route_design. Alternatively, route_design can be run with the -timing_summary option to enable a complete timing signoff at the end of route_design.
Phase 10 Post Router Timing | Checksum: 20e6723ce

Time (s): cpu = 00:00:09 ; elapsed = 00:00:08 . Memory (MB): peak = 1247.152 ; gain = 119.012
INFO: [Route 35-16] Router Completed Successfully

Time (s): cpu = 00:00:09 ; elapsed = 00:00:08 . Memory (MB): peak = 1247.152 ; gain = 119.012

Routing Is Done.
INFO: [Common 17-83] Releasing license: Implementation
62 Infos, 1 Warnings, 0 Critical Warnings and 0 Errors encountered.
route_design completed successfully
route_design: Time (s): cpu = 00:00:10 ; elapsed = 00:00:09 . Memory (MB): peak = 1247.152 ; gain = 119.715
Writing placer database...
Writing XDEF routing.
Writing XDEF routing logical nets.
Writing XDEF routing special nets.
Write XDEF Complete: Time (s): cpu = 00:00:01 ; elapsed = 00:00:00.022 . Memory (MB): peak = 1247.152 ; gain = 0.000
INFO: [Common 17-1381] The checkpoint 'C:/Users/da949990/fpga_design_5722/lab_3/lab_3.runs/impl_1/ps2_interface_routed.dcp' has been generated.
INFO: [runtcl-4] Executing : report_drc -file ps2_interface_drc_routed.rpt -pb ps2_interface_drc_routed.pb -rpx ps2_interface_drc_routed.rpx
Command: report_drc -file ps2_interface_drc_routed.rpt -pb ps2_interface_drc_routed.pb -rpx ps2_interface_drc_routed.rpx
INFO: [IP_Flow 19-1839] IP Catalog is up to date.
INFO: [DRC 23-27] Running DRC with 2 threads
INFO: [Coretcl 2-168] The results of DRC are in file C:/Users/da949990/fpga_design_5722/lab_3/lab_3.runs/impl_1/ps2_interface_drc_routed.rpt.
report_drc completed successfully
INFO: [runtcl-4] Executing : report_methodology -file ps2_interface_methodology_drc_routed.rpt -pb ps2_interface_methodology_drc_routed.pb -rpx ps2_interface_methodology_drc_routed.rpx
Command: report_methodology -file ps2_interface_methodology_drc_routed.rpt -pb ps2_interface_methodology_drc_routed.pb -rpx ps2_interface_methodology_drc_routed.rpx
INFO: [Timing 38-35] Done setting XDC timing constraints.
INFO: [Timing 38-35] Done setting XDC timing constraints.
INFO: [DRC 23-133] Running Methodology with 2 threads
INFO: [Coretcl 2-1520] The results of Report Methodology are in file C:/Users/da949990/fpga_design_5722/lab_3/lab_3.runs/impl_1/ps2_interface_methodology_drc_routed.rpt.
report_methodology completed successfully
INFO: [runtcl-4] Executing : report_power -file ps2_interface_power_routed.rpt -pb ps2_interface_power_summary_routed.pb -rpx ps2_interface_power_routed.rpx
Command: report_power -file ps2_interface_power_routed.rpt -pb ps2_interface_power_summary_routed.pb -rpx ps2_interface_power_routed.rpx
INFO: [Timing 38-35] Done setting XDC timing constraints.
Running Vector-less Activity Propagation...

Finished Running Vector-less Activity Propagation
74 Infos, 1 Warnings, 0 Critical Warnings and 0 Errors encountered.
report_power completed successfully
INFO: [runtcl-4] Executing : report_route_status -file ps2_interface_route_status.rpt -pb ps2_interface_route_status.pb
INFO: [runtcl-4] Executing : report_timing_summary -max_paths 10 -file ps2_interface_timing_summary_routed.rpt -rpx ps2_interface_timing_summary_routed.rpx -warn_on_violation 
INFO: [Timing 38-91] UpdateTimingParams: Speed grade: -1, Delay Type: min_max.
INFO: [Timing 38-191] Multithreading enabled for timing update using a maximum of 2 CPUs
CRITICAL WARNING: [Timing 38-282] The design failed to meet the timing requirements. Please see the timing summary report for details on the timing violations.
INFO: [runtcl-4] Executing : report_incremental_reuse -file ps2_interface_incremental_reuse_routed.rpt
INFO: [Vivado_Tcl 4-545] No incremental reuse to report, no incremental placement and routing data was found.
INFO: [runtcl-4] Executing : report_clock_utilization -file ps2_interface_clock_utilization_routed.rpt
Command: write_bitstream -force ps2_interface.bit
Attempting to get a license for feature 'Implementation' and/or device 'xc7a35t'
INFO: [Common 17-349] Got license for feature 'Implementation' and/or device 'xc7a35t'
Running DRC as a precondition to command write_bitstream
INFO: [IP_Flow 19-1839] IP Catalog is up to date.
INFO: [DRC 23-27] Running DRC with 2 threads
INFO: [Vivado 12-3199] DRC finished with 0 Errors
INFO: [Vivado 12-3200] Please refer to the DRC report (report_drc) for more information.
INFO: [Project 1-821] Please set project.enableDesignId to be 'true'.
INFO: [Designutils 20-2272] Running write_bitstream with 2 threads.
Loading data files...
Loading site data...
Loading route data...
Processing options...
Creating bitmap...
Creating bitstream...
Writing bitstream ./ps2_interface.bit...
INFO: [Vivado 12-1842] Bitgen Completed Successfully.
INFO: [Project 1-120] WebTalk data collection is mandatory when using a WebPACK part without a full Vivado license. To see the specific WebTalk data collected for your design, open the usage_statistics_webtalk.html or usage_statistics_webtalk.xml file in the implementation directory.
INFO: [Common 17-83] Releasing license: Implementation
91 Infos, 1 Warnings, 1 Critical Warnings and 0 Errors encountered.
write_bitstream completed successfully
write_bitstream: Time (s): cpu = 00:00:06 ; elapsed = 00:00:06 . Memory (MB): peak = 1675.688 ; gain = 406.629
INFO: [Common 17-206] Exiting Vivado at Thu Sep 24 12:31:21 2026...
