Copyright 1986-2017 Xilinx, Inc. All Rights Reserved.
---------------------------------------------------------------------------------------------------------------------------------------------------------------------------
| Tool Version : Vivado v.2017.4 (win64) Build 2086221 Fri Dec 15 20:55:39 MST 2017
| Date         : Thu Sep 17 13:19:53 2026
| Host         : CECSBFG9SY3 running 64-bit major release  (build 9200)
| Command      : report_timing_summary -max_paths 10 -file vga_color_changer_timing_summary_routed.rpt -rpx vga_color_changer_timing_summary_routed.rpx -warn_on_violation
| Design       : vga_color_changer
| Device       : 7a35t-cpg236
| Speed File   : -1  PRODUCTION 1.20 2017-11-01
---------------------------------------------------------------------------------------------------------------------------------------------------------------------------

Timing Summary Report

------------------------------------------------------------------------------------------------
| Timer Settings
| --------------
------------------------------------------------------------------------------------------------

  Enable Multi Corner Analysis               :  Yes
  Enable Pessimism Removal                   :  Yes
  Pessimism Removal Resolution               :  Nearest Common Node
  Enable Input Delay Default Clock           :  No
  Enable Preset / Clear Arcs                 :  No
  Disable Flight Delays                      :  No
  Ignore I/O Paths                           :  No
  Timing Early Launch at Borrowing Latches   :  false

  Corner  Analyze    Analyze    
  Name    Max Paths  Min Paths  
  ------  ---------  ---------  
  Slow    Yes        Yes        
  Fast    Yes        Yes        



check_timing report

Table of Contents
-----------------
1. checking no_clock
2. checking constant_clock
3. checking pulse_width_clock
4. checking unconstrained_internal_endpoints
5. checking no_input_delay
6. checking no_output_delay
7. checking multiple_clock
8. checking generated_clocks
9. checking loops
10. checking partial_input_delay
11. checking partial_output_delay
12. checking latch_loops

1. checking no_clock
--------------------
 There are 0 register/latch pins with no clock.


2. checking constant_clock
--------------------------
 There are 0 register/latch pins with constant_clock.


3. checking pulse_width_clock
-----------------------------
 There are 0 register/latch pins which need pulse_width check


4. checking unconstrained_internal_endpoints
--------------------------------------------
 There are 0 pins that are not constrained for maximum delay.

 There are 0 pins that are not constrained for maximum delay due to constant clock.


5. checking no_input_delay
--------------------------
 There are 2 input ports with no input delay specified. (HIGH)

 There are 0 input ports with no input delay but user has a false path constraint.


6. checking no_output_delay
---------------------------
 There are 14 ports with no output delay specified. (HIGH)

 There are 0 ports with no output delay but user has a false path constraint

 There are 0 ports with no output delay but with a timing clock defined on it or propagating through it


7. checking multiple_clock
--------------------------
 There are 0 register/latch pins with multiple clocks.


8. checking generated_clocks
----------------------------
 There are 0 generated clocks that are not connected to a clock source.


9. checking loops
-----------------
 There are 0 combinational loops in the design.


10. checking partial_input_delay
--------------------------------
 There are 0 input ports with partial input delay specified.


11. checking partial_output_delay
---------------------------------
 There are 0 ports with partial output delay specified.


12. checking latch_loops
------------------------
 There are 0 combinational latch loops in the design through latch input



------------------------------------------------------------------------------------------------
| Design Timing Summary
| ---------------------
------------------------------------------------------------------------------------------------

    WNS(ns)      TNS(ns)  TNS Failing Endpoints  TNS Total Endpoints      WHS(ns)      THS(ns)  THS Failing Endpoints  THS Total Endpoints     WPWS(ns)     TPWS(ns)  TPWS Failing Endpoints  TPWS Total Endpoints  
    -------      -------  ---------------------  -------------------      -------      -------  ---------------------  -------------------     --------     --------  ----------------------  --------------------  
      6.254        0.000                      0                   48        0.131        0.000                      0                   48        4.500        0.000                       0                    31  


All user specified timing constraints are met.


------------------------------------------------------------------------------------------------
| Clock Summary
| -------------
------------------------------------------------------------------------------------------------

Clock    Waveform(ns)       Period(ns)      Frequency(MHz)
-----    ------------       ----------      --------------
sys_clk  {0.000 5.000}      10.000          100.000         


------------------------------------------------------------------------------------------------
| Intra Clock Table
| -----------------
------------------------------------------------------------------------------------------------

Clock             WNS(ns)      TNS(ns)  TNS Failing Endpoints  TNS Total Endpoints      WHS(ns)      THS(ns)  THS Failing Endpoints  THS Total Endpoints     WPWS(ns)     TPWS(ns)  TPWS Failing Endpoints  TPWS Total Endpoints  
-----             -------      -------  ---------------------  -------------------      -------      -------  ---------------------  -------------------     --------     --------  ----------------------  --------------------  
sys_clk             6.254        0.000                      0                   48        0.131        0.000                      0                   48        4.500        0.000                       0                    31  


------------------------------------------------------------------------------------------------
| Inter Clock Table
| -----------------
------------------------------------------------------------------------------------------------

From Clock    To Clock          WNS(ns)      TNS(ns)  TNS Failing Endpoints  TNS Total Endpoints      WHS(ns)      THS(ns)  THS Failing Endpoints  THS Total Endpoints  
----------    --------          -------      -------  ---------------------  -------------------      -------      -------  ---------------------  -------------------  


------------------------------------------------------------------------------------------------
| Other Path Groups Table
| -----------------------
------------------------------------------------------------------------------------------------

Path Group    From Clock    To Clock          WNS(ns)      TNS(ns)  TNS Failing Endpoints  TNS Total Endpoints      WHS(ns)      THS(ns)  THS Failing Endpoints  THS Total Endpoints  
----------    ----------    --------          -------      -------  ---------------------  -------------------      -------      -------  ---------------------  -------------------  


------------------------------------------------------------------------------------------------
| Timing Details
| --------------
------------------------------------------------------------------------------------------------


---------------------------------------------------------------------------------------------------
From Clock:  sys_clk
  To Clock:  sys_clk

Setup :            0  Failing Endpoints,  Worst Slack        6.254ns,  Total Violation        0.000ns
Hold  :            0  Failing Endpoints,  Worst Slack        0.131ns,  Total Violation        0.000ns
PW    :            0  Failing Endpoints,  Worst Slack        4.500ns,  Total Violation        0.000ns
---------------------------------------------------------------------------------------------------


Max Delay Paths
--------------------------------------------------------------------------------------
Slack (MET) :             6.254ns  (required time - arrival time)
  Source:                 horizontal_pixel_reg[3]/C
                            (rising edge-triggered cell FDRE clocked by sys_clk  {rise@0.000ns fall@5.000ns period=10.000ns})
  Destination:            vertical_pixel_reg[0]/CE
                            (rising edge-triggered cell FDRE clocked by sys_clk  {rise@0.000ns fall@5.000ns period=10.000ns})
  Path Group:             sys_clk
  Path Type:              Setup (Max at Slow Process Corner)
  Requirement:            10.000ns  (sys_clk rise@10.000ns - sys_clk rise@0.000ns)
  Data Path Delay:        3.516ns  (logic 1.149ns (32.682%)  route 2.367ns (67.318%))
  Logic Levels:           2  (LUT5=1 LUT6=1)
  Clock Path Skew:        -0.026ns (DCD - SCD + CPR)
    Destination Clock Delay (DCD):    4.848ns = ( 14.848 - 10.000 ) 
    Source Clock Delay      (SCD):    5.148ns
    Clock Pessimism Removal (CPR):    0.274ns
  Clock Uncertainty:      0.035ns  ((TSJ^2 + TIJ^2)^1/2 + DJ) / 2 + PE
    Total System Jitter     (TSJ):    0.071ns
    Total Input Jitter      (TIJ):    0.000ns
    Discrete Jitter          (DJ):    0.000ns
    Phase Error              (PE):    0.000ns

    Location             Delay type                Incr(ns)  Path(ns)    Netlist Resource(s)
  -------------------------------------------------------------------    -------------------
                         (clock sys_clk rise edge)    0.000     0.000 r  
    W5                                                0.000     0.000 r  clk (IN)
                         net (fo=0)                   0.000     0.000    clk
    W5                   IBUF (Prop_ibuf_I_O)         1.458     1.458 r  clk_IBUF_inst/O
                         net (fo=1, routed)           1.967     3.425    clk_IBUF
    BUFGCTRL_X0Y0        BUFG (Prop_bufg_I_O)         0.096     3.521 r  clk_IBUF_BUFG_inst/O
                         net (fo=30, routed)          1.627     5.148    clk_IBUF_BUFG
    SLICE_X2Y31          FDRE                                         r  horizontal_pixel_reg[3]/C
  -------------------------------------------------------------------    -------------------
    SLICE_X2Y31          FDRE (Prop_fdre_C_Q)         0.478     5.626 r  horizontal_pixel_reg[3]/Q
                         net (fo=4, routed)           1.112     6.738    horizontal_pixel_reg_n_0_[3]
    SLICE_X2Y31          LUT5 (Prop_lut5_I0_O)        0.323     7.061 f  horizontal_pixel[9]_i_3/O
                         net (fo=8, routed)           0.349     7.410    horizontal_pixel[9]_i_3_n_0
    SLICE_X3Y31          LUT6 (Prop_lut6_I5_O)        0.348     7.758 r  vertical_pixel[9]_i_1/O
                         net (fo=10, routed)          0.906     8.664    vertical_pixel[9]_i_1_n_0
    SLICE_X2Y28          FDRE                                         r  vertical_pixel_reg[0]/CE
  -------------------------------------------------------------------    -------------------

                         (clock sys_clk rise edge)   10.000    10.000 r  
    W5                                                0.000    10.000 r  clk (IN)
                         net (fo=0)                   0.000    10.000    clk
    W5                   IBUF (Prop_ibuf_I_O)         1.388    11.388 r  clk_IBUF_inst/O
                         net (fo=1, routed)           1.862    13.250    clk_IBUF
    BUFGCTRL_X0Y0        BUFG (Prop_bufg_I_O)         0.091    13.341 r  clk_IBUF_BUFG_inst/O
                         net (fo=30, routed)          1.507    14.848    clk_IBUF_BUFG
    SLICE_X2Y28          FDRE                                         r  vertical_pixel_reg[0]/C
                         clock pessimism              0.274    15.122    
                         clock uncertainty           -0.035    15.087    
    SLICE_X2Y28          FDRE (Setup_fdre_C_CE)      -0.169    14.918    vertical_pixel_reg[0]
  -------------------------------------------------------------------
                         required time                         14.918    
                         arrival time                          -8.664    
  -------------------------------------------------------------------
                         slack                                  6.254    

Slack (MET) :             6.254ns  (required time - arrival time)
  Source:                 horizontal_pixel_reg[3]/C
                            (rising edge-triggered cell FDRE clocked by sys_clk  {rise@0.000ns fall@5.000ns period=10.000ns})
  Destination:            vertical_pixel_reg[4]/CE
                            (rising edge-triggered cell FDRE clocked by sys_clk  {rise@0.000ns fall@5.000ns period=10.000ns})
  Path Group:             sys_clk
  Path Type:              Setup (Max at Slow Process Corner)
  Requirement:            10.000ns  (sys_clk rise@10.000ns - sys_clk rise@0.000ns)
  Data Path Delay:        3.516ns  (logic 1.149ns (32.682%)  route 2.367ns (67.318%))
  Logic Levels:           2  (LUT5=1 LUT6=1)
  Clock Path Skew:        -0.026ns (DCD - SCD + CPR)
    Destination Clock Delay (DCD):    4.848ns = ( 14.848 - 10.000 ) 
    Source Clock Delay      (SCD):    5.148ns
    Clock Pessimism Removal (CPR):    0.274ns
  Clock Uncertainty:      0.035ns  ((TSJ^2 + TIJ^2)^1/2 + DJ) / 2 + PE
    Total System Jitter     (TSJ):    0.071ns
    Total Input Jitter      (TIJ):    0.000ns
    Discrete Jitter          (DJ):    0.000ns
    Phase Error              (PE):    0.000ns

    Location             Delay type                Incr(ns)  Path(ns)    Netlist Resource(s)
  -------------------------------------------------------------------    -------------------
                         (clock sys_clk rise edge)    0.000     0.000 r  
    W5                                                0.000     0.000 r  clk (IN)
                         net (fo=0)                   0.000     0.000    clk
    W5                   IBUF (Prop_ibuf_I_O)         1.458     1.458 r  clk_IBUF_inst/O
                         net (fo=1, routed)           1.967     3.425    clk_IBUF
    BUFGCTRL_X0Y0        BUFG (Prop_bufg_I_O)         0.096     3.521 r  clk_IBUF_BUFG_inst/O
                         net (fo=30, routed)          1.627     5.148    clk_IBUF_BUFG
    SLICE_X2Y31          FDRE                                         r  horizontal_pixel_reg[3]/C
  -------------------------------------------------------------------    -------------------
    SLICE_X2Y31          FDRE (Prop_fdre_C_Q)         0.478     5.626 r  horizontal_pixel_reg[3]/Q
                         net (fo=4, routed)           1.112     6.738    horizontal_pixel_reg_n_0_[3]
    SLICE_X2Y31          LUT5 (Prop_lut5_I0_O)        0.323     7.061 f  horizontal_pixel[9]_i_3/O
                         net (fo=8, routed)           0.349     7.410    horizontal_pixel[9]_i_3_n_0
    SLICE_X3Y31          LUT6 (Prop_lut6_I5_O)        0.348     7.758 r  vertical_pixel[9]_i_1/O
                         net (fo=10, routed)          0.906     8.664    vertical_pixel[9]_i_1_n_0
    SLICE_X2Y28          FDRE                                         r  vertical_pixel_reg[4]/CE
  -------------------------------------------------------------------    -------------------

                         (clock sys_clk rise edge)   10.000    10.000 r  
    W5                                                0.000    10.000 r  clk (IN)
                         net (fo=0)                   0.000    10.000    clk
    W5                   IBUF (Prop_ibuf_I_O)         1.388    11.388 r  clk_IBUF_inst/O
                         net (fo=1, routed)           1.862    13.250    clk_IBUF
    BUFGCTRL_X0Y0        BUFG (Prop_bufg_I_O)         0.091    13.341 r  clk_IBUF_BUFG_inst/O
                         net (fo=30, routed)          1.507    14.848    clk_IBUF_BUFG
    SLICE_X2Y28          FDRE                                         r  vertical_pixel_reg[4]/C
                         clock pessimism              0.274    15.122    
                         clock uncertainty           -0.035    15.087    
    SLICE_X2Y28          FDRE (Setup_fdre_C_CE)      -0.169    14.918    vertical_pixel_reg[4]
  -------------------------------------------------------------------
                         required time                         14.918    
                         arrival time                          -8.664    
  -------------------------------------------------------------------
                         slack                                  6.254    

Slack (MET) :             6.407ns  (required time - arrival time)
  Source:                 horizontal_pixel_reg[3]/C
                            (rising edge-triggered cell FDRE clocked by sys_clk  {rise@0.000ns fall@5.000ns period=10.000ns})
  Destination:            vertical_pixel_reg[1]/CE
                            (rising edge-triggered cell FDRE clocked by sys_clk  {rise@0.000ns fall@5.000ns period=10.000ns})
  Path Group:             sys_clk
  Path Type:              Setup (Max at Slow Process Corner)
  Requirement:            10.000ns  (sys_clk rise@10.000ns - sys_clk rise@0.000ns)
  Data Path Delay:        3.326ns  (logic 1.149ns (34.542%)  route 2.177ns (65.458%))
  Logic Levels:           2  (LUT5=1 LUT6=1)
  Clock Path Skew:        -0.026ns (DCD - SCD + CPR)
    Destination Clock Delay (DCD):    4.848ns = ( 14.848 - 10.000 ) 
    Source Clock Delay      (SCD):    5.148ns
    Clock Pessimism Removal (CPR):    0.274ns
  Clock Uncertainty:      0.035ns  ((TSJ^2 + TIJ^2)^1/2 + DJ) / 2 + PE
    Total System Jitter     (TSJ):    0.071ns
    Total Input Jitter      (TIJ):    0.000ns
    Discrete Jitter          (DJ):    0.000ns
    Phase Error              (PE):    0.000ns

    Location             Delay type                Incr(ns)  Path(ns)    Netlist Resource(s)
  -------------------------------------------------------------------    -------------------
                         (clock sys_clk rise edge)    0.000     0.000 r  
    W5                                                0.000     0.000 r  clk (IN)
                         net (fo=0)                   0.000     0.000    clk
    W5                   IBUF (Prop_ibuf_I_O)         1.458     1.458 r  clk_IBUF_inst/O
                         net (fo=1, routed)           1.967     3.425    clk_IBUF
    BUFGCTRL_X0Y0        BUFG (Prop_bufg_I_O)         0.096     3.521 r  clk_IBUF_BUFG_inst/O
                         net (fo=30, routed)          1.627     5.148    clk_IBUF_BUFG
    SLICE_X2Y31          FDRE                                         r  horizontal_pixel_reg[3]/C
  -------------------------------------------------------------------    -------------------
    SLICE_X2Y31          FDRE (Prop_fdre_C_Q)         0.478     5.626 r  horizontal_pixel_reg[3]/Q
                         net (fo=4, routed)           1.112     6.738    horizontal_pixel_reg_n_0_[3]
    SLICE_X2Y31          LUT5 (Prop_lut5_I0_O)        0.323     7.061 f  horizontal_pixel[9]_i_3/O
                         net (fo=8, routed)           0.349     7.410    horizontal_pixel[9]_i_3_n_0
    SLICE_X3Y31          LUT6 (Prop_lut6_I5_O)        0.348     7.758 r  vertical_pixel[9]_i_1/O
                         net (fo=10, routed)          0.717     8.475    vertical_pixel[9]_i_1_n_0
    SLICE_X3Y28          FDRE                                         r  vertical_pixel_reg[1]/CE
  -------------------------------------------------------------------    -------------------

                         (clock sys_clk rise edge)   10.000    10.000 r  
    W5                                                0.000    10.000 r  clk (IN)
                         net (fo=0)                   0.000    10.000    clk
    W5                   IBUF (Prop_ibuf_I_O)         1.388    11.388 r  clk_IBUF_inst/O
                         net (fo=1, routed)           1.862    13.250    clk_IBUF
    BUFGCTRL_X0Y0        BUFG (Prop_bufg_I_O)         0.091    13.341 r  clk_IBUF_BUFG_inst/O
                         net (fo=30, routed)          1.507    14.848    clk_IBUF_BUFG
    SLICE_X3Y28          FDRE                                         r  vertical_pixel_reg[1]/C
                         clock pessimism              0.274    15.122    
                         clock uncertainty           -0.035    15.087    
    SLICE_X3Y28          FDRE (Setup_fdre_C_CE)      -0.205    14.882    vertical_pixel_reg[1]
  -------------------------------------------------------------------
                         required time                         14.882    
                         arrival time                          -8.475    
  -------------------------------------------------------------------
                         slack                                  6.407    

Slack (MET) :             6.407ns  (required time - arrival time)
  Source:                 horizontal_pixel_reg[3]/C
                            (rising edge-triggered cell FDRE clocked by sys_clk  {rise@0.000ns fall@5.000ns period=10.000ns})
  Destination:            vertical_pixel_reg[2]/CE
                            (rising edge-triggered cell FDRE clocked by sys_clk  {rise@0.000ns fall@5.000ns period=10.000ns})
  Path Group:             sys_clk
  Path Type:              Setup (Max at Slow Process Corner)
  Requirement:            10.000ns  (sys_clk rise@10.000ns - sys_clk rise@0.000ns)
  Data Path Delay:        3.326ns  (logic 1.149ns (34.542%)  route 2.177ns (65.458%))
  Logic Levels:           2  (LUT5=1 LUT6=1)
  Clock Path Skew:        -0.026ns (DCD - SCD + CPR)
    Destination Clock Delay (DCD):    4.848ns = ( 14.848 - 10.000 ) 
    Source Clock Delay      (SCD):    5.148ns
    Clock Pessimism Removal (CPR):    0.274ns
  Clock Uncertainty:      0.035ns  ((TSJ^2 + TIJ^2)^1/2 + DJ) / 2 + PE
    Total System Jitter     (TSJ):    0.071ns
    Total Input Jitter      (TIJ):    0.000ns
    Discrete Jitter          (DJ):    0.000ns
    Phase Error              (PE):    0.000ns

    Location             Delay type                Incr(ns)  Path(ns)    Netlist Resource(s)
  -------------------------------------------------------------------    -------------------
                         (clock sys_clk rise edge)    0.000     0.000 r  
    W5                                                0.000     0.000 r  clk (IN)
                         net (fo=0)                   0.000     0.000    clk
    W5                   IBUF (Prop_ibuf_I_O)         1.458     1.458 r  clk_IBUF_inst/O
                         net (fo=1, routed)           1.967     3.425    clk_IBUF
    BUFGCTRL_X0Y0        BUFG (Prop_bufg_I_O)         0.096     3.521 r  clk_IBUF_BUFG_inst/O
                         net (fo=30, routed)          1.627     5.148    clk_IBUF_BUFG
    SLICE_X2Y31          FDRE                                         r  horizontal_pixel_reg[3]/C
  -------------------------------------------------------------------    -------------------
    SLICE_X2Y31          FDRE (Prop_fdre_C_Q)         0.478     5.626 r  horizontal_pixel_reg[3]/Q
                         net (fo=4, routed)           1.112     6.738    horizontal_pixel_reg_n_0_[3]
    SLICE_X2Y31          LUT5 (Prop_lut5_I0_O)        0.323     7.061 f  horizontal_pixel[9]_i_3/O
                         net (fo=8, routed)           0.349     7.410    horizontal_pixel[9]_i_3_n_0
    SLICE_X3Y31          LUT6 (Prop_lut6_I5_O)        0.348     7.758 r  vertical_pixel[9]_i_1/O
                         net (fo=10, routed)          0.717     8.475    vertical_pixel[9]_i_1_n_0
    SLICE_X3Y28          FDRE                                         r  vertical_pixel_reg[2]/CE
  -------------------------------------------------------------------    -------------------

                         (clock sys_clk rise edge)   10.000    10.000 r  
    W5                                                0.000    10.000 r  clk (IN)
                         net (fo=0)                   0.000    10.000    clk
    W5                   IBUF (Prop_ibuf_I_O)         1.388    11.388 r  clk_IBUF_inst/O
                         net (fo=1, routed)           1.862    13.250    clk_IBUF
    BUFGCTRL_X0Y0        BUFG (Prop_bufg_I_O)         0.091    13.341 r  clk_IBUF_BUFG_inst/O
                         net (fo=30, routed)          1.507    14.848    clk_IBUF_BUFG
    SLICE_X3Y28          FDRE                                         r  vertical_pixel_reg[2]/C
                         clock pessimism              0.274    15.122    
                         clock uncertainty           -0.035    15.087    
    SLICE_X3Y28          FDRE (Setup_fdre_C_CE)      -0.205    14.882    vertical_pixel_reg[2]
  -------------------------------------------------------------------
                         required time                         14.882    
                         arrival time                          -8.475    
  -------------------------------------------------------------------
                         slack                                  6.407    

Slack (MET) :             6.407ns  (required time - arrival time)
  Source:                 horizontal_pixel_reg[3]/C
                            (rising edge-triggered cell FDRE clocked by sys_clk  {rise@0.000ns fall@5.000ns period=10.000ns})
  Destination:            vertical_pixel_reg[3]/CE
                            (rising edge-triggered cell FDRE clocked by sys_clk  {rise@0.000ns fall@5.000ns period=10.000ns})
  Path Group:             sys_clk
  Path Type:              Setup (Max at Slow Process Corner)
  Requirement:            10.000ns  (sys_clk rise@10.000ns - sys_clk rise@0.000ns)
  Data Path Delay:        3.326ns  (logic 1.149ns (34.542%)  route 2.177ns (65.458%))
  Logic Levels:           2  (LUT5=1 LUT6=1)
  Clock Path Skew:        -0.026ns (DCD - SCD + CPR)
    Destination Clock Delay (DCD):    4.848ns = ( 14.848 - 10.000 ) 
    Source Clock Delay      (SCD):    5.148ns
    Clock Pessimism Removal (CPR):    0.274ns
  Clock Uncertainty:      0.035ns  ((TSJ^2 + TIJ^2)^1/2 + DJ) / 2 + PE
    Total System Jitter     (TSJ):    0.071ns
    Total Input Jitter      (TIJ):    0.000ns
    Discrete Jitter          (DJ):    0.000ns
    Phase Error              (PE):    0.000ns

    Location             Delay type                Incr(ns)  Path(ns)    Netlist Resource(s)
  -------------------------------------------------------------------    -------------------
                         (clock sys_clk rise edge)    0.000     0.000 r  
    W5                                                0.000     0.000 r  clk (IN)
                         net (fo=0)                   0.000     0.000    clk
    W5                   IBUF (Prop_ibuf_I_O)         1.458     1.458 r  clk_IBUF_inst/O
                         net (fo=1, routed)           1.967     3.425    clk_IBUF
    BUFGCTRL_X0Y0        BUFG (Prop_bufg_I_O)         0.096     3.521 r  clk_IBUF_BUFG_inst/O
                         net (fo=30, routed)          1.627     5.148    clk_IBUF_BUFG
    SLICE_X2Y31          FDRE                                         r  horizontal_pixel_reg[3]/C
  -------------------------------------------------------------------    -------------------
    SLICE_X2Y31          FDRE (Prop_fdre_C_Q)         0.478     5.626 r  horizontal_pixel_reg[3]/Q
                         net (fo=4, routed)           1.112     6.738    horizontal_pixel_reg_n_0_[3]
    SLICE_X2Y31          LUT5 (Prop_lut5_I0_O)        0.323     7.061 f  horizontal_pixel[9]_i_3/O
                         net (fo=8, routed)           0.349     7.410    horizontal_pixel[9]_i_3_n_0
    SLICE_X3Y31          LUT6 (Prop_lut6_I5_O)        0.348     7.758 r  vertical_pixel[9]_i_1/O
                         net (fo=10, routed)          0.717     8.475    vertical_pixel[9]_i_1_n_0
    SLICE_X3Y28          FDRE                                         r  vertical_pixel_reg[3]/CE
  -------------------------------------------------------------------    -------------------

                         (clock sys_clk rise edge)   10.000    10.000 r  
    W5                                                0.000    10.000 r  clk (IN)
                         net (fo=0)                   0.000    10.000    clk
    W5                   IBUF (Prop_ibuf_I_O)         1.388    11.388 r  clk_IBUF_inst/O
                         net (fo=1, routed)           1.862    13.250    clk_IBUF
    BUFGCTRL_X0Y0        BUFG (Prop_bufg_I_O)         0.091    13.341 r  clk_IBUF_BUFG_inst/O
                         net (fo=30, routed)          1.507    14.848    clk_IBUF_BUFG
    SLICE_X3Y28          FDRE                                         r  vertical_pixel_reg[3]/C
                         clock pessimism              0.274    15.122    
                         clock uncertainty           -0.035    15.087    
    SLICE_X3Y28          FDRE (Setup_fdre_C_CE)      -0.205    14.882    vertical_pixel_reg[3]
  -------------------------------------------------------------------
                         required time                         14.882    
                         arrival time                          -8.475    
  -------------------------------------------------------------------
                         slack                                  6.407    

Slack (MET) :             6.407ns  (required time - arrival time)
  Source:                 horizontal_pixel_reg[3]/C
                            (rising edge-triggered cell FDRE clocked by sys_clk  {rise@0.000ns fall@5.000ns period=10.000ns})
  Destination:            vertical_pixel_reg[5]/CE
                            (rising edge-triggered cell FDRE clocked by sys_clk  {rise@0.000ns fall@5.000ns period=10.000ns})
  Path Group:             sys_clk
  Path Type:              Setup (Max at Slow Process Corner)
  Requirement:            10.000ns  (sys_clk rise@10.000ns - sys_clk rise@0.000ns)
  Data Path Delay:        3.326ns  (logic 1.149ns (34.542%)  route 2.177ns (65.458%))
  Logic Levels:           2  (LUT5=1 LUT6=1)
  Clock Path Skew:        -0.026ns (DCD - SCD + CPR)
    Destination Clock Delay (DCD):    4.848ns = ( 14.848 - 10.000 ) 
    Source Clock Delay      (SCD):    5.148ns
    Clock Pessimism Removal (CPR):    0.274ns
  Clock Uncertainty:      0.035ns  ((TSJ^2 + TIJ^2)^1/2 + DJ) / 2 + PE
    Total System Jitter     (TSJ):    0.071ns
    Total Input Jitter      (TIJ):    0.000ns
    Discrete Jitter          (DJ):    0.000ns
    Phase Error              (PE):    0.000ns

    Location             Delay type                Incr(ns)  Path(ns)    Netlist Resource(s)
  -------------------------------------------------------------------    -------------------
                         (clock sys_clk rise edge)    0.000     0.000 r  
    W5                                                0.000     0.000 r  clk (IN)
                         net (fo=0)                   0.000     0.000    clk
    W5                   IBUF (Prop_ibuf_I_O)         1.458     1.458 r  clk_IBUF_inst/O
                         net (fo=1, routed)           1.967     3.425    clk_IBUF
    BUFGCTRL_X0Y0        BUFG (Prop_bufg_I_O)         0.096     3.521 r  clk_IBUF_BUFG_inst/O
                         net (fo=30, routed)          1.627     5.148    clk_IBUF_BUFG
    SLICE_X2Y31          FDRE                                         r  horizontal_pixel_reg[3]/C
  -------------------------------------------------------------------    -------------------
    SLICE_X2Y31          FDRE (Prop_fdre_C_Q)         0.478     5.626 r  horizontal_pixel_reg[3]/Q
                         net (fo=4, routed)           1.112     6.738    horizontal_pixel_reg_n_0_[3]
    SLICE_X2Y31          LUT5 (Prop_lut5_I0_O)        0.323     7.061 f  horizontal_pixel[9]_i_3/O
                         net (fo=8, routed)           0.349     7.410    horizontal_pixel[9]_i_3_n_0
    SLICE_X3Y31          LUT6 (Prop_lut6_I5_O)        0.348     7.758 r  vertical_pixel[9]_i_1/O
                         net (fo=10, routed)          0.717     8.475    vertical_pixel[9]_i_1_n_0
    SLICE_X3Y28          FDRE                                         r  vertical_pixel_reg[5]/CE
  -------------------------------------------------------------------    -------------------

                         (clock sys_clk rise edge)   10.000    10.000 r  
    W5                                                0.000    10.000 r  clk (IN)
                         net (fo=0)                   0.000    10.000    clk
    W5                   IBUF (Prop_ibuf_I_O)         1.388    11.388 r  clk_IBUF_inst/O
                         net (fo=1, routed)           1.862    13.250    clk_IBUF
    BUFGCTRL_X0Y0        BUFG (Prop_bufg_I_O)         0.091    13.341 r  clk_IBUF_BUFG_inst/O
                         net (fo=30, routed)          1.507    14.848    clk_IBUF_BUFG
    SLICE_X3Y28          FDRE                                         r  vertical_pixel_reg[5]/C
                         clock pessimism              0.274    15.122    
                         clock uncertainty           -0.035    15.087    
    SLICE_X3Y28          FDRE (Setup_fdre_C_CE)      -0.205    14.882    vertical_pixel_reg[5]
  -------------------------------------------------------------------
                         required time                         14.882    
                         arrival time                          -8.475    
  -------------------------------------------------------------------
                         slack                                  6.407    

Slack (MET) :             6.557ns  (required time - arrival time)
  Source:                 horizontal_pixel_reg[3]/C
                            (rising edge-triggered cell FDRE clocked by sys_clk  {rise@0.000ns fall@5.000ns period=10.000ns})
  Destination:            vertical_pixel_reg[6]/CE
                            (rising edge-triggered cell FDRE clocked by sys_clk  {rise@0.000ns fall@5.000ns period=10.000ns})
  Path Group:             sys_clk
  Path Type:              Setup (Max at Slow Process Corner)
  Requirement:            10.000ns  (sys_clk rise@10.000ns - sys_clk rise@0.000ns)
  Data Path Delay:        3.178ns  (logic 1.149ns (36.159%)  route 2.029ns (63.841%))
  Logic Levels:           2  (LUT5=1 LUT6=1)
  Clock Path Skew:        -0.025ns (DCD - SCD + CPR)
    Destination Clock Delay (DCD):    4.849ns = ( 14.849 - 10.000 ) 
    Source Clock Delay      (SCD):    5.148ns
    Clock Pessimism Removal (CPR):    0.274ns
  Clock Uncertainty:      0.035ns  ((TSJ^2 + TIJ^2)^1/2 + DJ) / 2 + PE
    Total System Jitter     (TSJ):    0.071ns
    Total Input Jitter      (TIJ):    0.000ns
    Discrete Jitter          (DJ):    0.000ns
    Phase Error              (PE):    0.000ns

    Location             Delay type                Incr(ns)  Path(ns)    Netlist Resource(s)
  -------------------------------------------------------------------    -------------------
                         (clock sys_clk rise edge)    0.000     0.000 r  
    W5                                                0.000     0.000 r  clk (IN)
                         net (fo=0)                   0.000     0.000    clk
    W5                   IBUF (Prop_ibuf_I_O)         1.458     1.458 r  clk_IBUF_inst/O
                         net (fo=1, routed)           1.967     3.425    clk_IBUF
    BUFGCTRL_X0Y0        BUFG (Prop_bufg_I_O)         0.096     3.521 r  clk_IBUF_BUFG_inst/O
                         net (fo=30, routed)          1.627     5.148    clk_IBUF_BUFG
    SLICE_X2Y31          FDRE                                         r  horizontal_pixel_reg[3]/C
  -------------------------------------------------------------------    -------------------
    SLICE_X2Y31          FDRE (Prop_fdre_C_Q)         0.478     5.626 r  horizontal_pixel_reg[3]/Q
                         net (fo=4, routed)           1.112     6.738    horizontal_pixel_reg_n_0_[3]
    SLICE_X2Y31          LUT5 (Prop_lut5_I0_O)        0.323     7.061 f  horizontal_pixel[9]_i_3/O
                         net (fo=8, routed)           0.349     7.410    horizontal_pixel[9]_i_3_n_0
    SLICE_X3Y31          LUT6 (Prop_lut6_I5_O)        0.348     7.758 r  vertical_pixel[9]_i_1/O
                         net (fo=10, routed)          0.568     8.326    vertical_pixel[9]_i_1_n_0
    SLICE_X3Y29          FDRE                                         r  vertical_pixel_reg[6]/CE
  -------------------------------------------------------------------    -------------------

                         (clock sys_clk rise edge)   10.000    10.000 r  
    W5                                                0.000    10.000 r  clk (IN)
                         net (fo=0)                   0.000    10.000    clk
    W5                   IBUF (Prop_ibuf_I_O)         1.388    11.388 r  clk_IBUF_inst/O
                         net (fo=1, routed)           1.862    13.250    clk_IBUF
    BUFGCTRL_X0Y0        BUFG (Prop_bufg_I_O)         0.091    13.341 r  clk_IBUF_BUFG_inst/O
                         net (fo=30, routed)          1.508    14.849    clk_IBUF_BUFG
    SLICE_X3Y29          FDRE                                         r  vertical_pixel_reg[6]/C
                         clock pessimism              0.274    15.123    
                         clock uncertainty           -0.035    15.088    
    SLICE_X3Y29          FDRE (Setup_fdre_C_CE)      -0.205    14.883    vertical_pixel_reg[6]
  -------------------------------------------------------------------
                         required time                         14.883    
                         arrival time                          -8.326    
  -------------------------------------------------------------------
                         slack                                  6.557    

Slack (MET) :             6.557ns  (required time - arrival time)
  Source:                 horizontal_pixel_reg[3]/C
                            (rising edge-triggered cell FDRE clocked by sys_clk  {rise@0.000ns fall@5.000ns period=10.000ns})
  Destination:            vertical_pixel_reg[8]/CE
                            (rising edge-triggered cell FDRE clocked by sys_clk  {rise@0.000ns fall@5.000ns period=10.000ns})
  Path Group:             sys_clk
  Path Type:              Setup (Max at Slow Process Corner)
  Requirement:            10.000ns  (sys_clk rise@10.000ns - sys_clk rise@0.000ns)
  Data Path Delay:        3.178ns  (logic 1.149ns (36.159%)  route 2.029ns (63.841%))
  Logic Levels:           2  (LUT5=1 LUT6=1)
  Clock Path Skew:        -0.025ns (DCD - SCD + CPR)
    Destination Clock Delay (DCD):    4.849ns = ( 14.849 - 10.000 ) 
    Source Clock Delay      (SCD):    5.148ns
    Clock Pessimism Removal (CPR):    0.274ns
  Clock Uncertainty:      0.035ns  ((TSJ^2 + TIJ^2)^1/2 + DJ) / 2 + PE
    Total System Jitter     (TSJ):    0.071ns
    Total Input Jitter      (TIJ):    0.000ns
    Discrete Jitter          (DJ):    0.000ns
    Phase Error              (PE):    0.000ns

    Location             Delay type                Incr(ns)  Path(ns)    Netlist Resource(s)
  -------------------------------------------------------------------    -------------------
                         (clock sys_clk rise edge)    0.000     0.000 r  
    W5                                                0.000     0.000 r  clk (IN)
                         net (fo=0)                   0.000     0.000    clk
    W5                   IBUF (Prop_ibuf_I_O)         1.458     1.458 r  clk_IBUF_inst/O
                         net (fo=1, routed)           1.967     3.425    clk_IBUF
    BUFGCTRL_X0Y0        BUFG (Prop_bufg_I_O)         0.096     3.521 r  clk_IBUF_BUFG_inst/O
                         net (fo=30, routed)          1.627     5.148    clk_IBUF_BUFG
    SLICE_X2Y31          FDRE                                         r  horizontal_pixel_reg[3]/C
  -------------------------------------------------------------------    -------------------
    SLICE_X2Y31          FDRE (Prop_fdre_C_Q)         0.478     5.626 r  horizontal_pixel_reg[3]/Q
                         net (fo=4, routed)           1.112     6.738    horizontal_pixel_reg_n_0_[3]
    SLICE_X2Y31          LUT5 (Prop_lut5_I0_O)        0.323     7.061 f  horizontal_pixel[9]_i_3/O
                         net (fo=8, routed)           0.349     7.410    horizontal_pixel[9]_i_3_n_0
    SLICE_X3Y31          LUT6 (Prop_lut6_I5_O)        0.348     7.758 r  vertical_pixel[9]_i_1/O
                         net (fo=10, routed)          0.568     8.326    vertical_pixel[9]_i_1_n_0
    SLICE_X3Y29          FDRE                                         r  vertical_pixel_reg[8]/CE
  -------------------------------------------------------------------    -------------------

                         (clock sys_clk rise edge)   10.000    10.000 r  
    W5                                                0.000    10.000 r  clk (IN)
                         net (fo=0)                   0.000    10.000    clk
    W5                   IBUF (Prop_ibuf_I_O)         1.388    11.388 r  clk_IBUF_inst/O
                         net (fo=1, routed)           1.862    13.250    clk_IBUF
    BUFGCTRL_X0Y0        BUFG (Prop_bufg_I_O)         0.091    13.341 r  clk_IBUF_BUFG_inst/O
                         net (fo=30, routed)          1.508    14.849    clk_IBUF_BUFG
    SLICE_X3Y29          FDRE                                         r  vertical_pixel_reg[8]/C
                         clock pessimism              0.274    15.123    
                         clock uncertainty           -0.035    15.088    
    SLICE_X3Y29          FDRE (Setup_fdre_C_CE)      -0.205    14.883    vertical_pixel_reg[8]
  -------------------------------------------------------------------
                         required time                         14.883    
                         arrival time                          -8.326    
  -------------------------------------------------------------------
                         slack                                  6.557    

Slack (MET) :             6.593ns  (required time - arrival time)
  Source:                 horizontal_pixel_reg[3]/C
                            (rising edge-triggered cell FDRE clocked by sys_clk  {rise@0.000ns fall@5.000ns period=10.000ns})
  Destination:            vertical_pixel_reg[7]/CE
                            (rising edge-triggered cell FDRE clocked by sys_clk  {rise@0.000ns fall@5.000ns period=10.000ns})
  Path Group:             sys_clk
  Path Type:              Setup (Max at Slow Process Corner)
  Requirement:            10.000ns  (sys_clk rise@10.000ns - sys_clk rise@0.000ns)
  Data Path Delay:        3.178ns  (logic 1.149ns (36.159%)  route 2.029ns (63.841%))
  Logic Levels:           2  (LUT5=1 LUT6=1)
  Clock Path Skew:        -0.025ns (DCD - SCD + CPR)
    Destination Clock Delay (DCD):    4.849ns = ( 14.849 - 10.000 ) 
    Source Clock Delay      (SCD):    5.148ns
    Clock Pessimism Removal (CPR):    0.274ns
  Clock Uncertainty:      0.035ns  ((TSJ^2 + TIJ^2)^1/2 + DJ) / 2 + PE
    Total System Jitter     (TSJ):    0.071ns
    Total Input Jitter      (TIJ):    0.000ns
    Discrete Jitter          (DJ):    0.000ns
    Phase Error              (PE):    0.000ns

    Location             Delay type                Incr(ns)  Path(ns)    Netlist Resource(s)
  -------------------------------------------------------------------    -------------------
                         (clock sys_clk rise edge)    0.000     0.000 r  
    W5                                                0.000     0.000 r  clk (IN)
                         net (fo=0)                   0.000     0.000    clk
    W5                   IBUF (Prop_ibuf_I_O)         1.458     1.458 r  clk_IBUF_inst/O
                         net (fo=1, routed)           1.967     3.425    clk_IBUF
    BUFGCTRL_X0Y0        BUFG (Prop_bufg_I_O)         0.096     3.521 r  clk_IBUF_BUFG_inst/O
                         net (fo=30, routed)          1.627     5.148    clk_IBUF_BUFG
    SLICE_X2Y31          FDRE                                         r  horizontal_pixel_reg[3]/C
  -------------------------------------------------------------------    -------------------
    SLICE_X2Y31          FDRE (Prop_fdre_C_Q)         0.478     5.626 r  horizontal_pixel_reg[3]/Q
                         net (fo=4, routed)           1.112     6.738    horizontal_pixel_reg_n_0_[3]
    SLICE_X2Y31          LUT5 (Prop_lut5_I0_O)        0.323     7.061 f  horizontal_pixel[9]_i_3/O
                         net (fo=8, routed)           0.349     7.410    horizontal_pixel[9]_i_3_n_0
    SLICE_X3Y31          LUT6 (Prop_lut6_I5_O)        0.348     7.758 r  vertical_pixel[9]_i_1/O
                         net (fo=10, routed)          0.568     8.326    vertical_pixel[9]_i_1_n_0
    SLICE_X2Y29          FDRE                                         r  vertical_pixel_reg[7]/CE
  -------------------------------------------------------------------    -------------------

                         (clock sys_clk rise edge)   10.000    10.000 r  
    W5                                                0.000    10.000 r  clk (IN)
                         net (fo=0)                   0.000    10.000    clk
    W5                   IBUF (Prop_ibuf_I_O)         1.388    11.388 r  clk_IBUF_inst/O
                         net (fo=1, routed)           1.862    13.250    clk_IBUF
    BUFGCTRL_X0Y0        BUFG (Prop_bufg_I_O)         0.091    13.341 r  clk_IBUF_BUFG_inst/O
                         net (fo=30, routed)          1.508    14.849    clk_IBUF_BUFG
    SLICE_X2Y29          FDRE                                         r  vertical_pixel_reg[7]/C
                         clock pessimism              0.274    15.123    
                         clock uncertainty           -0.035    15.088    
    SLICE_X2Y29          FDRE (Setup_fdre_C_CE)      -0.169    14.919    vertical_pixel_reg[7]
  -------------------------------------------------------------------
                         required time                         14.919    
                         arrival time                          -8.326    
  -------------------------------------------------------------------
                         slack                                  6.593    

Slack (MET) :             6.593ns  (required time - arrival time)
  Source:                 horizontal_pixel_reg[3]/C
                            (rising edge-triggered cell FDRE clocked by sys_clk  {rise@0.000ns fall@5.000ns period=10.000ns})
  Destination:            vertical_pixel_reg[9]/CE
                            (rising edge-triggered cell FDRE clocked by sys_clk  {rise@0.000ns fall@5.000ns period=10.000ns})
  Path Group:             sys_clk
  Path Type:              Setup (Max at Slow Process Corner)
  Requirement:            10.000ns  (sys_clk rise@10.000ns - sys_clk rise@0.000ns)
  Data Path Delay:        3.178ns  (logic 1.149ns (36.159%)  route 2.029ns (63.841%))
  Logic Levels:           2  (LUT5=1 LUT6=1)
  Clock Path Skew:        -0.025ns (DCD - SCD + CPR)
    Destination Clock Delay (DCD):    4.849ns = ( 14.849 - 10.000 ) 
    Source Clock Delay      (SCD):    5.148ns
    Clock Pessimism Removal (CPR):    0.274ns
  Clock Uncertainty:      0.035ns  ((TSJ^2 + TIJ^2)^1/2 + DJ) / 2 + PE
    Total System Jitter     (TSJ):    0.071ns
    Total Input Jitter      (TIJ):    0.000ns
    Discrete Jitter          (DJ):    0.000ns
    Phase Error              (PE):    0.000ns

    Location             Delay type                Incr(ns)  Path(ns)    Netlist Resource(s)
  -------------------------------------------------------------------    -------------------
                         (clock sys_clk rise edge)    0.000     0.000 r  
    W5                                                0.000     0.000 r  clk (IN)
                         net (fo=0)                   0.000     0.000    clk
    W5                   IBUF (Prop_ibuf_I_O)         1.458     1.458 r  clk_IBUF_inst/O
                         net (fo=1, routed)           1.967     3.425    clk_IBUF
    BUFGCTRL_X0Y0        BUFG (Prop_bufg_I_O)         0.096     3.521 r  clk_IBUF_BUFG_inst/O
                         net (fo=30, routed)          1.627     5.148    clk_IBUF_BUFG
    SLICE_X2Y31          FDRE                                         r  horizontal_pixel_reg[3]/C
  -------------------------------------------------------------------    -------------------
    SLICE_X2Y31          FDRE (Prop_fdre_C_Q)         0.478     5.626 r  horizontal_pixel_reg[3]/Q
                         net (fo=4, routed)           1.112     6.738    horizontal_pixel_reg_n_0_[3]
    SLICE_X2Y31          LUT5 (Prop_lut5_I0_O)        0.323     7.061 f  horizontal_pixel[9]_i_3/O
                         net (fo=8, routed)           0.349     7.410    horizontal_pixel[9]_i_3_n_0
    SLICE_X3Y31          LUT6 (Prop_lut6_I5_O)        0.348     7.758 r  vertical_pixel[9]_i_1/O
                         net (fo=10, routed)          0.568     8.326    vertical_pixel[9]_i_1_n_0
    SLICE_X2Y29          FDRE                                         r  vertical_pixel_reg[9]/CE
  -------------------------------------------------------------------    -------------------

                         (clock sys_clk rise edge)   10.000    10.000 r  
    W5                                                0.000    10.000 r  clk (IN)
                         net (fo=0)                   0.000    10.000    clk
    W5                   IBUF (Prop_ibuf_I_O)         1.388    11.388 r  clk_IBUF_inst/O
                         net (fo=1, routed)           1.862    13.250    clk_IBUF
    BUFGCTRL_X0Y0        BUFG (Prop_bufg_I_O)         0.091    13.341 r  clk_IBUF_BUFG_inst/O
                         net (fo=30, routed)          1.508    14.849    clk_IBUF_BUFG
    SLICE_X2Y29          FDRE                                         r  vertical_pixel_reg[9]/C
                         clock pessimism              0.274    15.123    
                         clock uncertainty           -0.035    15.088    
    SLICE_X2Y29          FDRE (Setup_fdre_C_CE)      -0.169    14.919    vertical_pixel_reg[9]
  -------------------------------------------------------------------
                         required time                         14.919    
                         arrival time                          -8.326    
  -------------------------------------------------------------------
                         slack                                  6.593    





Min Delay Paths
--------------------------------------------------------------------------------------
Slack (MET) :             0.131ns  (arrival time - required time)
  Source:                 btnU_ff_1_reg/C
                            (rising edge-triggered cell FDRE clocked by sys_clk  {rise@0.000ns fall@5.000ns period=10.000ns})
  Destination:            btnU_ff_2_reg/D
                            (rising edge-triggered cell FDRE clocked by sys_clk  {rise@0.000ns fall@5.000ns period=10.000ns})
  Path Group:             sys_clk
  Path Type:              Hold (Min at Fast Process Corner)
  Requirement:            0.000ns  (sys_clk rise@0.000ns - sys_clk rise@0.000ns)
  Data Path Delay:        0.206ns  (logic 0.141ns (68.336%)  route 0.065ns (31.664%))
  Logic Levels:           0  
  Clock Path Skew:        0.000ns (DCD - SCD - CPR)
    Destination Clock Delay (DCD):    1.980ns
    Source Clock Delay      (SCD):    1.468ns
    Clock Pessimism Removal (CPR):    0.512ns

    Location             Delay type                Incr(ns)  Path(ns)    Netlist Resource(s)
  -------------------------------------------------------------------    -------------------
                         (clock sys_clk rise edge)    0.000     0.000 r  
    W5                                                0.000     0.000 r  clk (IN)
                         net (fo=0)                   0.000     0.000    clk
    W5                   IBUF (Prop_ibuf_I_O)         0.226     0.226 r  clk_IBUF_inst/O
                         net (fo=1, routed)           0.631     0.858    clk_IBUF
    BUFGCTRL_X0Y0        BUFG (Prop_bufg_I_O)         0.026     0.884 r  clk_IBUF_BUFG_inst/O
                         net (fo=30, routed)          0.585     1.468    clk_IBUF_BUFG
    SLICE_X0Y27          FDRE                                         r  btnU_ff_1_reg/C
  -------------------------------------------------------------------    -------------------
    SLICE_X0Y27          FDRE (Prop_fdre_C_Q)         0.141     1.609 r  btnU_ff_1_reg/Q
                         net (fo=1, routed)           0.065     1.674    btnU_ff_1
    SLICE_X0Y27          FDRE                                         r  btnU_ff_2_reg/D
  -------------------------------------------------------------------    -------------------

                         (clock sys_clk rise edge)    0.000     0.000 r  
    W5                                                0.000     0.000 r  clk (IN)
                         net (fo=0)                   0.000     0.000    clk
    W5                   IBUF (Prop_ibuf_I_O)         0.414     0.414 r  clk_IBUF_inst/O
                         net (fo=1, routed)           0.685     1.099    clk_IBUF
    BUFGCTRL_X0Y0        BUFG (Prop_bufg_I_O)         0.029     1.128 r  clk_IBUF_BUFG_inst/O
                         net (fo=30, routed)          0.853     1.980    clk_IBUF_BUFG
    SLICE_X0Y27          FDRE                                         r  btnU_ff_2_reg/C
                         clock pessimism             -0.512     1.468    
    SLICE_X0Y27          FDRE (Hold_fdre_C_D)         0.075     1.543    btnU_ff_2_reg
  -------------------------------------------------------------------
                         required time                         -1.543    
                         arrival time                           1.674    
  -------------------------------------------------------------------
                         slack                                  0.131    

Slack (MET) :             0.152ns  (arrival time - required time)
  Source:                 horizontal_pixel_reg[0]/C
                            (rising edge-triggered cell FDRE clocked by sys_clk  {rise@0.000ns fall@5.000ns period=10.000ns})
  Destination:            horizontal_pixel_reg[1]/D
                            (rising edge-triggered cell FDRE clocked by sys_clk  {rise@0.000ns fall@5.000ns period=10.000ns})
  Path Group:             sys_clk
  Path Type:              Hold (Min at Fast Process Corner)
  Requirement:            0.000ns  (sys_clk rise@0.000ns - sys_clk rise@0.000ns)
  Data Path Delay:        0.286ns  (logic 0.186ns (65.137%)  route 0.100ns (34.863%))
  Logic Levels:           1  (LUT6=1)
  Clock Path Skew:        0.013ns (DCD - SCD - CPR)
    Destination Clock Delay (DCD):    1.984ns
    Source Clock Delay      (SCD):    1.471ns
    Clock Pessimism Removal (CPR):    0.500ns

    Location             Delay type                Incr(ns)  Path(ns)    Netlist Resource(s)
  -------------------------------------------------------------------    -------------------
                         (clock sys_clk rise edge)    0.000     0.000 r  
    W5                                                0.000     0.000 r  clk (IN)
                         net (fo=0)                   0.000     0.000    clk
    W5                   IBUF (Prop_ibuf_I_O)         0.226     0.226 r  clk_IBUF_inst/O
                         net (fo=1, routed)           0.631     0.858    clk_IBUF
    BUFGCTRL_X0Y0        BUFG (Prop_bufg_I_O)         0.026     0.884 r  clk_IBUF_BUFG_inst/O
                         net (fo=30, routed)          0.588     1.471    clk_IBUF_BUFG
    SLICE_X3Y31          FDRE                                         r  horizontal_pixel_reg[0]/C
  -------------------------------------------------------------------    -------------------
    SLICE_X3Y31          FDRE (Prop_fdre_C_Q)         0.141     1.612 r  horizontal_pixel_reg[0]/Q
                         net (fo=7, routed)           0.100     1.712    horizontal_pixel_reg_n_0_[0]
    SLICE_X2Y31          LUT6 (Prop_lut6_I4_O)        0.045     1.757 r  horizontal_pixel[1]_i_1/O
                         net (fo=1, routed)           0.000     1.757    horizontal_pixel[1]
    SLICE_X2Y31          FDRE                                         r  horizontal_pixel_reg[1]/D
  -------------------------------------------------------------------    -------------------

                         (clock sys_clk rise edge)    0.000     0.000 r  
    W5                                                0.000     0.000 r  clk (IN)
                         net (fo=0)                   0.000     0.000    clk
    W5                   IBUF (Prop_ibuf_I_O)         0.414     0.414 r  clk_IBUF_inst/O
                         net (fo=1, routed)           0.685     1.099    clk_IBUF
    BUFGCTRL_X0Y0        BUFG (Prop_bufg_I_O)         0.029     1.128 r  clk_IBUF_BUFG_inst/O
                         net (fo=30, routed)          0.857     1.984    clk_IBUF_BUFG
    SLICE_X2Y31          FDRE                                         r  horizontal_pixel_reg[1]/C
                         clock pessimism             -0.500     1.484    
    SLICE_X2Y31          FDRE (Hold_fdre_C_D)         0.121     1.605    horizontal_pixel_reg[1]
  -------------------------------------------------------------------
                         required time                         -1.605    
                         arrival time                           1.757    
  -------------------------------------------------------------------
                         slack                                  0.152    

Slack (MET) :             0.162ns  (arrival time - required time)
  Source:                 btnC_ff_2_reg/C
                            (rising edge-triggered cell FDRE clocked by sys_clk  {rise@0.000ns fall@5.000ns period=10.000ns})
  Destination:            color_reg[1]/D
                            (rising edge-triggered cell FDRE clocked by sys_clk  {rise@0.000ns fall@5.000ns period=10.000ns})
  Path Group:             sys_clk
  Path Type:              Hold (Min at Fast Process Corner)
  Requirement:            0.000ns  (sys_clk rise@0.000ns - sys_clk rise@0.000ns)
  Data Path Delay:        0.267ns  (logic 0.186ns (69.783%)  route 0.081ns (30.217%))
  Logic Levels:           1  (LUT5=1)
  Clock Path Skew:        0.013ns (DCD - SCD - CPR)
    Destination Clock Delay (DCD):    1.980ns
    Source Clock Delay      (SCD):    1.468ns
    Clock Pessimism Removal (CPR):    0.499ns

    Location             Delay type                Incr(ns)  Path(ns)    Netlist Resource(s)
  -------------------------------------------------------------------    -------------------
                         (clock sys_clk rise edge)    0.000     0.000 r  
    W5                                                0.000     0.000 r  clk (IN)
                         net (fo=0)                   0.000     0.000    clk
    W5                   IBUF (Prop_ibuf_I_O)         0.226     0.226 r  clk_IBUF_inst/O
                         net (fo=1, routed)           0.631     0.858    clk_IBUF
    BUFGCTRL_X0Y0        BUFG (Prop_bufg_I_O)         0.026     0.884 r  clk_IBUF_BUFG_inst/O
                         net (fo=30, routed)          0.585     1.468    clk_IBUF_BUFG
    SLICE_X1Y27          FDRE                                         r  btnC_ff_2_reg/C
  -------------------------------------------------------------------    -------------------
    SLICE_X1Y27          FDRE (Prop_fdre_C_Q)         0.141     1.609 f  btnC_ff_2_reg/Q
                         net (fo=3, routed)           0.081     1.690    btnC_ff_2
    SLICE_X0Y27          LUT5 (Prop_lut5_I4_O)        0.045     1.735 r  color[1]_i_1/O
                         net (fo=1, routed)           0.000     1.735    color[1]_i_1_n_0
    SLICE_X0Y27          FDRE                                         r  color_reg[1]/D
  -------------------------------------------------------------------    -------------------

                         (clock sys_clk rise edge)    0.000     0.000 r  
    W5                                                0.000     0.000 r  clk (IN)
                         net (fo=0)                   0.000     0.000    clk
    W5                   IBUF (Prop_ibuf_I_O)         0.414     0.414 r  clk_IBUF_inst/O
                         net (fo=1, routed)           0.685     1.099    clk_IBUF
    BUFGCTRL_X0Y0        BUFG (Prop_bufg_I_O)         0.029     1.128 r  clk_IBUF_BUFG_inst/O
                         net (fo=30, routed)          0.853     1.980    clk_IBUF_BUFG
    SLICE_X0Y27          FDRE                                         r  color_reg[1]/C
                         clock pessimism             -0.499     1.481    
    SLICE_X0Y27          FDRE (Hold_fdre_C_D)         0.092     1.573    color_reg[1]
  -------------------------------------------------------------------
                         required time                         -1.573    
                         arrival time                           1.735    
  -------------------------------------------------------------------
                         slack                                  0.162    

Slack (MET) :             0.163ns  (arrival time - required time)
  Source:                 btnC_ff_2_reg/C
                            (rising edge-triggered cell FDRE clocked by sys_clk  {rise@0.000ns fall@5.000ns period=10.000ns})
  Destination:            color_reg[2]/D
                            (rising edge-triggered cell FDRE clocked by sys_clk  {rise@0.000ns fall@5.000ns period=10.000ns})
  Path Group:             sys_clk
  Path Type:              Hold (Min at Fast Process Corner)
  Requirement:            0.000ns  (sys_clk rise@0.000ns - sys_clk rise@0.000ns)
  Data Path Delay:        0.268ns  (logic 0.186ns (69.483%)  route 0.082ns (30.517%))
  Logic Levels:           1  (LUT6=1)
  Clock Path Skew:        0.013ns (DCD - SCD - CPR)
    Destination Clock Delay (DCD):    1.980ns
    Source Clock Delay      (SCD):    1.468ns
    Clock Pessimism Removal (CPR):    0.499ns

    Location             Delay type                Incr(ns)  Path(ns)    Netlist Resource(s)
  -------------------------------------------------------------------    -------------------
                         (clock sys_clk rise edge)    0.000     0.000 r  
    W5                                                0.000     0.000 r  clk (IN)
                         net (fo=0)                   0.000     0.000    clk
    W5                   IBUF (Prop_ibuf_I_O)         0.226     0.226 r  clk_IBUF_inst/O
                         net (fo=1, routed)           0.631     0.858    clk_IBUF
    BUFGCTRL_X0Y0        BUFG (Prop_bufg_I_O)         0.026     0.884 r  clk_IBUF_BUFG_inst/O
                         net (fo=30, routed)          0.585     1.468    clk_IBUF_BUFG
    SLICE_X1Y27          FDRE                                         r  btnC_ff_2_reg/C
  -------------------------------------------------------------------    -------------------
    SLICE_X1Y27          FDRE (Prop_fdre_C_Q)         0.141     1.609 f  btnC_ff_2_reg/Q
                         net (fo=3, routed)           0.082     1.691    btnC_ff_2
    SLICE_X0Y27          LUT6 (Prop_lut6_I5_O)        0.045     1.736 r  color[2]_i_1/O
                         net (fo=1, routed)           0.000     1.736    color[2]_i_1_n_0
    SLICE_X0Y27          FDRE                                         r  color_reg[2]/D
  -------------------------------------------------------------------    -------------------

                         (clock sys_clk rise edge)    0.000     0.000 r  
    W5                                                0.000     0.000 r  clk (IN)
                         net (fo=0)                   0.000     0.000    clk
    W5                   IBUF (Prop_ibuf_I_O)         0.414     0.414 r  clk_IBUF_inst/O
                         net (fo=1, routed)           0.685     1.099    clk_IBUF
    BUFGCTRL_X0Y0        BUFG (Prop_bufg_I_O)         0.029     1.128 r  clk_IBUF_BUFG_inst/O
                         net (fo=30, routed)          0.853     1.980    clk_IBUF_BUFG
    SLICE_X0Y27          FDRE                                         r  color_reg[2]/C
                         clock pessimism             -0.499     1.481    
    SLICE_X0Y27          FDRE (Hold_fdre_C_D)         0.092     1.573    color_reg[2]
  -------------------------------------------------------------------
                         required time                         -1.573    
                         arrival time                           1.736    
  -------------------------------------------------------------------
                         slack                                  0.163    

Slack (MET) :             0.213ns  (arrival time - required time)
  Source:                 vertical_pixel_reg[5]/C
                            (rising edge-triggered cell FDRE clocked by sys_clk  {rise@0.000ns fall@5.000ns period=10.000ns})
  Destination:            vertical_pixel_reg[0]/D
                            (rising edge-triggered cell FDRE clocked by sys_clk  {rise@0.000ns fall@5.000ns period=10.000ns})
  Path Group:             sys_clk
  Path Type:              Hold (Min at Fast Process Corner)
  Requirement:            0.000ns  (sys_clk rise@0.000ns - sys_clk rise@0.000ns)
  Data Path Delay:        0.347ns  (logic 0.186ns (53.571%)  route 0.161ns (46.429%))
  Logic Levels:           1  (LUT6=1)
  Clock Path Skew:        0.013ns (DCD - SCD - CPR)
    Destination Clock Delay (DCD):    1.981ns
    Source Clock Delay      (SCD):    1.468ns
    Clock Pessimism Removal (CPR):    0.500ns

    Location             Delay type                Incr(ns)  Path(ns)    Netlist Resource(s)
  -------------------------------------------------------------------    -------------------
                         (clock sys_clk rise edge)    0.000     0.000 r  
    W5                                                0.000     0.000 r  clk (IN)
                         net (fo=0)                   0.000     0.000    clk
    W5                   IBUF (Prop_ibuf_I_O)         0.226     0.226 r  clk_IBUF_inst/O
                         net (fo=1, routed)           0.631     0.858    clk_IBUF
    BUFGCTRL_X0Y0        BUFG (Prop_bufg_I_O)         0.026     0.884 r  clk_IBUF_BUFG_inst/O
                         net (fo=30, routed)          0.585     1.468    clk_IBUF_BUFG
    SLICE_X3Y28          FDRE                                         r  vertical_pixel_reg[5]/C
  -------------------------------------------------------------------    -------------------
    SLICE_X3Y28          FDRE (Prop_fdre_C_Q)         0.141     1.609 r  vertical_pixel_reg[5]/Q
                         net (fo=7, routed)           0.161     1.770    vertical_pixel_reg_n_0_[5]
    SLICE_X2Y28          LUT6 (Prop_lut6_I3_O)        0.045     1.815 r  vertical_pixel[0]_i_1/O
                         net (fo=1, routed)           0.000     1.815    vertical_pixel[0]
    SLICE_X2Y28          FDRE                                         r  vertical_pixel_reg[0]/D
  -------------------------------------------------------------------    -------------------

                         (clock sys_clk rise edge)    0.000     0.000 r  
    W5                                                0.000     0.000 r  clk (IN)
                         net (fo=0)                   0.000     0.000    clk
    W5                   IBUF (Prop_ibuf_I_O)         0.414     0.414 r  clk_IBUF_inst/O
                         net (fo=1, routed)           0.685     1.099    clk_IBUF
    BUFGCTRL_X0Y0        BUFG (Prop_bufg_I_O)         0.029     1.128 r  clk_IBUF_BUFG_inst/O
                         net (fo=30, routed)          0.854     1.981    clk_IBUF_BUFG
    SLICE_X2Y28          FDRE                                         r  vertical_pixel_reg[0]/C
                         clock pessimism             -0.500     1.481    
    SLICE_X2Y28          FDRE (Hold_fdre_C_D)         0.121     1.602    vertical_pixel_reg[0]
  -------------------------------------------------------------------
                         required time                         -1.602    
                         arrival time                           1.815    
  -------------------------------------------------------------------
                         slack                                  0.213    

Slack (MET) :             0.237ns  (arrival time - required time)
  Source:                 horizontal_pixel_reg[0]/C
                            (rising edge-triggered cell FDRE clocked by sys_clk  {rise@0.000ns fall@5.000ns period=10.000ns})
  Destination:            horizontal_pixel_reg[4]/D
                            (rising edge-triggered cell FDRE clocked by sys_clk  {rise@0.000ns fall@5.000ns period=10.000ns})
  Path Group:             sys_clk
  Path Type:              Hold (Min at Fast Process Corner)
  Requirement:            0.000ns  (sys_clk rise@0.000ns - sys_clk rise@0.000ns)
  Data Path Delay:        0.371ns  (logic 0.186ns (50.196%)  route 0.185ns (49.804%))
  Logic Levels:           1  (LUT5=1)
  Clock Path Skew:        0.013ns (DCD - SCD - CPR)
    Destination Clock Delay (DCD):    1.984ns
    Source Clock Delay      (SCD):    1.471ns
    Clock Pessimism Removal (CPR):    0.500ns

    Location             Delay type                Incr(ns)  Path(ns)    Netlist Resource(s)
  -------------------------------------------------------------------    -------------------
                         (clock sys_clk rise edge)    0.000     0.000 r  
    W5                                                0.000     0.000 r  clk (IN)
                         net (fo=0)                   0.000     0.000    clk
    W5                   IBUF (Prop_ibuf_I_O)         0.226     0.226 r  clk_IBUF_inst/O
                         net (fo=1, routed)           0.631     0.858    clk_IBUF
    BUFGCTRL_X0Y0        BUFG (Prop_bufg_I_O)         0.026     0.884 r  clk_IBUF_BUFG_inst/O
                         net (fo=30, routed)          0.588     1.471    clk_IBUF_BUFG
    SLICE_X3Y31          FDRE                                         r  horizontal_pixel_reg[0]/C
  -------------------------------------------------------------------    -------------------
    SLICE_X3Y31          FDRE (Prop_fdre_C_Q)         0.141     1.612 r  horizontal_pixel_reg[0]/Q
                         net (fo=7, routed)           0.185     1.797    horizontal_pixel_reg_n_0_[0]
    SLICE_X2Y31          LUT5 (Prop_lut5_I1_O)        0.045     1.842 r  horizontal_pixel[4]_i_1/O
                         net (fo=1, routed)           0.000     1.842    horizontal_pixel[4]
    SLICE_X2Y31          FDRE                                         r  horizontal_pixel_reg[4]/D
  -------------------------------------------------------------------    -------------------

                         (clock sys_clk rise edge)    0.000     0.000 r  
    W5                                                0.000     0.000 r  clk (IN)
                         net (fo=0)                   0.000     0.000    clk
    W5                   IBUF (Prop_ibuf_I_O)         0.414     0.414 r  clk_IBUF_inst/O
                         net (fo=1, routed)           0.685     1.099    clk_IBUF
    BUFGCTRL_X0Y0        BUFG (Prop_bufg_I_O)         0.029     1.128 r  clk_IBUF_BUFG_inst/O
                         net (fo=30, routed)          0.857     1.984    clk_IBUF_BUFG
    SLICE_X2Y31          FDRE                                         r  horizontal_pixel_reg[4]/C
                         clock pessimism             -0.500     1.484    
    SLICE_X2Y31          FDRE (Hold_fdre_C_D)         0.121     1.605    horizontal_pixel_reg[4]
  -------------------------------------------------------------------
                         required time                         -1.605    
                         arrival time                           1.842    
  -------------------------------------------------------------------
                         slack                                  0.237    

Slack (MET) :             0.238ns  (arrival time - required time)
  Source:                 vertical_pixel_reg[1]/C
                            (rising edge-triggered cell FDRE clocked by sys_clk  {rise@0.000ns fall@5.000ns period=10.000ns})
  Destination:            vertical_pixel_reg[3]/D
                            (rising edge-triggered cell FDRE clocked by sys_clk  {rise@0.000ns fall@5.000ns period=10.000ns})
  Path Group:             sys_clk
  Path Type:              Hold (Min at Fast Process Corner)
  Requirement:            0.000ns  (sys_clk rise@0.000ns - sys_clk rise@0.000ns)
  Data Path Delay:        0.330ns  (logic 0.186ns (56.286%)  route 0.144ns (43.714%))
  Logic Levels:           1  (LUT6=1)
  Clock Path Skew:        0.000ns (DCD - SCD - CPR)
    Destination Clock Delay (DCD):    1.981ns
    Source Clock Delay      (SCD):    1.468ns
    Clock Pessimism Removal (CPR):    0.513ns

    Location             Delay type                Incr(ns)  Path(ns)    Netlist Resource(s)
  -------------------------------------------------------------------    -------------------
                         (clock sys_clk rise edge)    0.000     0.000 r  
    W5                                                0.000     0.000 r  clk (IN)
                         net (fo=0)                   0.000     0.000    clk
    W5                   IBUF (Prop_ibuf_I_O)         0.226     0.226 r  clk_IBUF_inst/O
                         net (fo=1, routed)           0.631     0.858    clk_IBUF
    BUFGCTRL_X0Y0        BUFG (Prop_bufg_I_O)         0.026     0.884 r  clk_IBUF_BUFG_inst/O
                         net (fo=30, routed)          0.585     1.468    clk_IBUF_BUFG
    SLICE_X3Y28          FDRE                                         r  vertical_pixel_reg[1]/C
  -------------------------------------------------------------------    -------------------
    SLICE_X3Y28          FDRE (Prop_fdre_C_Q)         0.141     1.609 r  vertical_pixel_reg[1]/Q
                         net (fo=8, routed)           0.144     1.754    vertical_pixel_reg_n_0_[1]
    SLICE_X3Y28          LUT6 (Prop_lut6_I1_O)        0.045     1.799 r  vertical_pixel[3]_i_1/O
                         net (fo=1, routed)           0.000     1.799    vertical_pixel[3]
    SLICE_X3Y28          FDRE                                         r  vertical_pixel_reg[3]/D
  -------------------------------------------------------------------    -------------------

                         (clock sys_clk rise edge)    0.000     0.000 r  
    W5                                                0.000     0.000 r  clk (IN)
                         net (fo=0)                   0.000     0.000    clk
    W5                   IBUF (Prop_ibuf_I_O)         0.414     0.414 r  clk_IBUF_inst/O
                         net (fo=1, routed)           0.685     1.099    clk_IBUF
    BUFGCTRL_X0Y0        BUFG (Prop_bufg_I_O)         0.029     1.128 r  clk_IBUF_BUFG_inst/O
                         net (fo=30, routed)          0.854     1.981    clk_IBUF_BUFG
    SLICE_X3Y28          FDRE                                         r  vertical_pixel_reg[3]/C
                         clock pessimism             -0.513     1.468    
    SLICE_X3Y28          FDRE (Hold_fdre_C_D)         0.092     1.560    vertical_pixel_reg[3]
  -------------------------------------------------------------------
                         required time                         -1.560    
                         arrival time                           1.799    
  -------------------------------------------------------------------
                         slack                                  0.238    

Slack (MET) :             0.239ns  (arrival time - required time)
  Source:                 btnU_ff_2_reg/C
                            (rising edge-triggered cell FDRE clocked by sys_clk  {rise@0.000ns fall@5.000ns period=10.000ns})
  Destination:            color_reg[0]/D
                            (rising edge-triggered cell FDRE clocked by sys_clk  {rise@0.000ns fall@5.000ns period=10.000ns})
  Path Group:             sys_clk
  Path Type:              Hold (Min at Fast Process Corner)
  Requirement:            0.000ns  (sys_clk rise@0.000ns - sys_clk rise@0.000ns)
  Data Path Delay:        0.331ns  (logic 0.227ns (68.632%)  route 0.104ns (31.368%))
  Logic Levels:           1  (LUT4=1)
  Clock Path Skew:        0.000ns (DCD - SCD - CPR)
    Destination Clock Delay (DCD):    1.980ns
    Source Clock Delay      (SCD):    1.468ns
    Clock Pessimism Removal (CPR):    0.512ns

    Location             Delay type                Incr(ns)  Path(ns)    Netlist Resource(s)
  -------------------------------------------------------------------    -------------------
                         (clock sys_clk rise edge)    0.000     0.000 r  
    W5                                                0.000     0.000 r  clk (IN)
                         net (fo=0)                   0.000     0.000    clk
    W5                   IBUF (Prop_ibuf_I_O)         0.226     0.226 r  clk_IBUF_inst/O
                         net (fo=1, routed)           0.631     0.858    clk_IBUF
    BUFGCTRL_X0Y0        BUFG (Prop_bufg_I_O)         0.026     0.884 r  clk_IBUF_BUFG_inst/O
                         net (fo=30, routed)          0.585     1.468    clk_IBUF_BUFG
    SLICE_X0Y27          FDRE                                         r  btnU_ff_2_reg/C
  -------------------------------------------------------------------    -------------------
    SLICE_X0Y27          FDRE (Prop_fdre_C_Q)         0.128     1.596 r  btnU_ff_2_reg/Q
                         net (fo=4, routed)           0.104     1.700    btnU_ff_2
    SLICE_X0Y27          LUT4 (Prop_lut4_I1_O)        0.099     1.799 r  color[0]_i_1/O
                         net (fo=1, routed)           0.000     1.799    color[0]_i_1_n_0
    SLICE_X0Y27          FDRE                                         r  color_reg[0]/D
  -------------------------------------------------------------------    -------------------

                         (clock sys_clk rise edge)    0.000     0.000 r  
    W5                                                0.000     0.000 r  clk (IN)
                         net (fo=0)                   0.000     0.000    clk
    W5                   IBUF (Prop_ibuf_I_O)         0.414     0.414 r  clk_IBUF_inst/O
                         net (fo=1, routed)           0.685     1.099    clk_IBUF
    BUFGCTRL_X0Y0        BUFG (Prop_bufg_I_O)         0.029     1.128 r  clk_IBUF_BUFG_inst/O
                         net (fo=30, routed)          0.853     1.980    clk_IBUF_BUFG
    SLICE_X0Y27          FDRE                                         r  color_reg[0]/C
                         clock pessimism             -0.512     1.468    
    SLICE_X0Y27          FDRE (Hold_fdre_C_D)         0.092     1.560    color_reg[0]
  -------------------------------------------------------------------
                         required time                         -1.560    
                         arrival time                           1.799    
  -------------------------------------------------------------------
                         slack                                  0.239    

Slack (MET) :             0.245ns  (arrival time - required time)
  Source:                 horizontal_pixel_reg[6]/C
                            (rising edge-triggered cell FDRE clocked by sys_clk  {rise@0.000ns fall@5.000ns period=10.000ns})
  Destination:            horizontal_pixel_reg[5]/D
                            (rising edge-triggered cell FDRE clocked by sys_clk  {rise@0.000ns fall@5.000ns period=10.000ns})
  Path Group:             sys_clk
  Path Type:              Hold (Min at Fast Process Corner)
  Requirement:            0.000ns  (sys_clk rise@0.000ns - sys_clk rise@0.000ns)
  Data Path Delay:        0.380ns  (logic 0.186ns (49.009%)  route 0.194ns (50.991%))
  Logic Levels:           1  (LUT6=1)
  Clock Path Skew:        0.015ns (DCD - SCD - CPR)
    Destination Clock Delay (DCD):    1.985ns
    Source Clock Delay      (SCD):    1.471ns
    Clock Pessimism Removal (CPR):    0.499ns

    Location             Delay type                Incr(ns)  Path(ns)    Netlist Resource(s)
  -------------------------------------------------------------------    -------------------
                         (clock sys_clk rise edge)    0.000     0.000 r  
    W5                                                0.000     0.000 r  clk (IN)
                         net (fo=0)                   0.000     0.000    clk
    W5                   IBUF (Prop_ibuf_I_O)         0.226     0.226 r  clk_IBUF_inst/O
                         net (fo=1, routed)           0.631     0.858    clk_IBUF
    BUFGCTRL_X0Y0        BUFG (Prop_bufg_I_O)         0.026     0.884 r  clk_IBUF_BUFG_inst/O
                         net (fo=30, routed)          0.588     1.471    clk_IBUF_BUFG
    SLICE_X3Y31          FDRE                                         r  horizontal_pixel_reg[6]/C
  -------------------------------------------------------------------    -------------------
    SLICE_X3Y31          FDRE (Prop_fdre_C_Q)         0.141     1.612 r  horizontal_pixel_reg[6]/Q
                         net (fo=9, routed)           0.194     1.806    horizontal_pixel_reg_n_0_[6]
    SLICE_X2Y32          LUT6 (Prop_lut6_I5_O)        0.045     1.851 r  horizontal_pixel[5]_i_1/O
                         net (fo=1, routed)           0.000     1.851    horizontal_pixel[5]
    SLICE_X2Y32          FDRE                                         r  horizontal_pixel_reg[5]/D
  -------------------------------------------------------------------    -------------------

                         (clock sys_clk rise edge)    0.000     0.000 r  
    W5                                                0.000     0.000 r  clk (IN)
                         net (fo=0)                   0.000     0.000    clk
    W5                   IBUF (Prop_ibuf_I_O)         0.414     0.414 r  clk_IBUF_inst/O
                         net (fo=1, routed)           0.685     1.099    clk_IBUF
    BUFGCTRL_X0Y0        BUFG (Prop_bufg_I_O)         0.029     1.128 r  clk_IBUF_BUFG_inst/O
                         net (fo=30, routed)          0.858     1.985    clk_IBUF_BUFG
    SLICE_X2Y32          FDRE                                         r  horizontal_pixel_reg[5]/C
                         clock pessimism             -0.499     1.486    
    SLICE_X2Y32          FDRE (Hold_fdre_C_D)         0.120     1.606    horizontal_pixel_reg[5]
  -------------------------------------------------------------------
                         required time                         -1.606    
                         arrival time                           1.851    
  -------------------------------------------------------------------
                         slack                                  0.245    

Slack (MET) :             0.245ns  (arrival time - required time)
  Source:                 btnC_ff_1_reg/C
                            (rising edge-triggered cell FDRE clocked by sys_clk  {rise@0.000ns fall@5.000ns period=10.000ns})
  Destination:            btnC_ff_2_reg/D
                            (rising edge-triggered cell FDRE clocked by sys_clk  {rise@0.000ns fall@5.000ns period=10.000ns})
  Path Group:             sys_clk
  Path Type:              Hold (Min at Fast Process Corner)
  Requirement:            0.000ns  (sys_clk rise@0.000ns - sys_clk rise@0.000ns)
  Data Path Delay:        0.311ns  (logic 0.141ns (45.298%)  route 0.170ns (54.702%))
  Logic Levels:           0  
  Clock Path Skew:        0.000ns (DCD - SCD - CPR)
    Destination Clock Delay (DCD):    1.980ns
    Source Clock Delay      (SCD):    1.468ns
    Clock Pessimism Removal (CPR):    0.512ns

    Location             Delay type                Incr(ns)  Path(ns)    Netlist Resource(s)
  -------------------------------------------------------------------    -------------------
                         (clock sys_clk rise edge)    0.000     0.000 r  
    W5                                                0.000     0.000 r  clk (IN)
                         net (fo=0)                   0.000     0.000    clk
    W5                   IBUF (Prop_ibuf_I_O)         0.226     0.226 r  clk_IBUF_inst/O
                         net (fo=1, routed)           0.631     0.858    clk_IBUF
    BUFGCTRL_X0Y0        BUFG (Prop_bufg_I_O)         0.026     0.884 r  clk_IBUF_BUFG_inst/O
                         net (fo=30, routed)          0.585     1.468    clk_IBUF_BUFG
    SLICE_X1Y27          FDRE                                         r  btnC_ff_1_reg/C
  -------------------------------------------------------------------    -------------------
    SLICE_X1Y27          FDRE (Prop_fdre_C_Q)         0.141     1.609 r  btnC_ff_1_reg/Q
                         net (fo=1, routed)           0.170     1.779    btnC_ff_1
    SLICE_X1Y27          FDRE                                         r  btnC_ff_2_reg/D
  -------------------------------------------------------------------    -------------------

                         (clock sys_clk rise edge)    0.000     0.000 r  
    W5                                                0.000     0.000 r  clk (IN)
                         net (fo=0)                   0.000     0.000    clk
    W5                   IBUF (Prop_ibuf_I_O)         0.414     0.414 r  clk_IBUF_inst/O
                         net (fo=1, routed)           0.685     1.099    clk_IBUF
    BUFGCTRL_X0Y0        BUFG (Prop_bufg_I_O)         0.029     1.128 r  clk_IBUF_BUFG_inst/O
                         net (fo=30, routed)          0.853     1.980    clk_IBUF_BUFG
    SLICE_X1Y27          FDRE                                         r  btnC_ff_2_reg/C
                         clock pessimism             -0.512     1.468    
    SLICE_X1Y27          FDRE (Hold_fdre_C_D)         0.066     1.534    btnC_ff_2_reg
  -------------------------------------------------------------------
                         required time                         -1.534    
                         arrival time                           1.779    
  -------------------------------------------------------------------
                         slack                                  0.245    





Pulse Width Checks
--------------------------------------------------------------------------------------
Clock Name:         sys_clk
Waveform(ns):       { 0.000 5.000 }
Period(ns):         10.000
Sources:            { clk }

Check Type        Corner  Lib Pin  Reference Pin  Required(ns)  Actual(ns)  Slack(ns)  Location       Pin
Min Period        n/a     BUFG/I   n/a            2.155         10.000      7.845      BUFGCTRL_X0Y0  clk_IBUF_BUFG_inst/I
Min Period        n/a     FDRE/C   n/a            1.000         10.000      9.000      SLICE_X1Y27    btnC_ff_1_reg/C
Min Period        n/a     FDRE/C   n/a            1.000         10.000      9.000      SLICE_X1Y27    btnC_ff_2_reg/C
Min Period        n/a     FDRE/C   n/a            1.000         10.000      9.000      SLICE_X0Y27    btnU_ff_1_reg/C
Min Period        n/a     FDRE/C   n/a            1.000         10.000      9.000      SLICE_X0Y27    btnU_ff_2_reg/C
Min Period        n/a     FDRE/C   n/a            1.000         10.000      9.000      SLICE_X0Y27    btnU_ff_prev_reg/C
Min Period        n/a     FDRE/C   n/a            1.000         10.000      9.000      SLICE_X0Y27    color_reg[0]/C
Min Period        n/a     FDRE/C   n/a            1.000         10.000      9.000      SLICE_X0Y27    color_reg[1]/C
Min Period        n/a     FDRE/C   n/a            1.000         10.000      9.000      SLICE_X0Y27    color_reg[2]/C
Min Period        n/a     FDRE/C   n/a            1.000         10.000      9.000      SLICE_X3Y31    horizontal_pixel_reg[0]/C
Low Pulse Width   Fast    FDRE/C   n/a            0.500         5.000       4.500      SLICE_X1Y27    btnC_ff_1_reg/C
Low Pulse Width   Fast    FDRE/C   n/a            0.500         5.000       4.500      SLICE_X1Y27    btnC_ff_2_reg/C
Low Pulse Width   Fast    FDRE/C   n/a            0.500         5.000       4.500      SLICE_X0Y27    btnU_ff_1_reg/C
Low Pulse Width   Fast    FDRE/C   n/a            0.500         5.000       4.500      SLICE_X0Y27    btnU_ff_2_reg/C
Low Pulse Width   Fast    FDRE/C   n/a            0.500         5.000       4.500      SLICE_X0Y27    btnU_ff_prev_reg/C
Low Pulse Width   Fast    FDRE/C   n/a            0.500         5.000       4.500      SLICE_X0Y27    color_reg[0]/C
Low Pulse Width   Fast    FDRE/C   n/a            0.500         5.000       4.500      SLICE_X0Y27    color_reg[1]/C
Low Pulse Width   Fast    FDRE/C   n/a            0.500         5.000       4.500      SLICE_X0Y27    color_reg[2]/C
Low Pulse Width   Slow    FDRE/C   n/a            0.500         5.000       4.500      SLICE_X3Y31    horizontal_pixel_reg[0]/C
Low Pulse Width   Slow    FDRE/C   n/a            0.500         5.000       4.500      SLICE_X2Y31    horizontal_pixel_reg[1]/C
High Pulse Width  Slow    FDRE/C   n/a            0.500         5.000       4.500      SLICE_X1Y27    btnC_ff_1_reg/C
High Pulse Width  Slow    FDRE/C   n/a            0.500         5.000       4.500      SLICE_X1Y27    btnC_ff_2_reg/C
High Pulse Width  Slow    FDRE/C   n/a            0.500         5.000       4.500      SLICE_X0Y27    btnU_ff_1_reg/C
High Pulse Width  Slow    FDRE/C   n/a            0.500         5.000       4.500      SLICE_X0Y27    btnU_ff_2_reg/C
High Pulse Width  Slow    FDRE/C   n/a            0.500         5.000       4.500      SLICE_X0Y27    btnU_ff_prev_reg/C
High Pulse Width  Slow    FDRE/C   n/a            0.500         5.000       4.500      SLICE_X0Y27    color_reg[0]/C
High Pulse Width  Slow    FDRE/C   n/a            0.500         5.000       4.500      SLICE_X0Y27    color_reg[1]/C
High Pulse Width  Slow    FDRE/C   n/a            0.500         5.000       4.500      SLICE_X0Y27    color_reg[2]/C
High Pulse Width  Slow    FDRE/C   n/a            0.500         5.000       4.500      SLICE_X2Y32    horizontal_pixel_reg[5]/C
High Pulse Width  Slow    FDRE/C   n/a            0.500         5.000       4.500      SLICE_X2Y32    horizontal_pixel_reg[8]/C



