Copyright 1986-2017 Xilinx, Inc. All Rights Reserved.
----------------------------------------------------------------------------------------------
| Tool Version : Vivado v.2017.4 (win64) Build 2086221 Fri Dec 15 20:55:39 MST 2017
| Date         : Thu Sep 17 13:19:43 2026
| Host         : CECSBFG9SY3 running 64-bit major release  (build 9200)
| Command      : report_control_sets -verbose -file vga_color_changer_control_sets_placed.rpt
| Design       : vga_color_changer
| Device       : xc7a35t
----------------------------------------------------------------------------------------------

Control Set Information

Table of Contents
-----------------
1. Summary
2. Flip-Flop Distribution
3. Detailed Control Set Information

1. Summary
----------

+----------------------------------------------------------+-------+
|                          Status                          | Count |
+----------------------------------------------------------+-------+
| Number of unique control sets                            |     3 |
| Unused register locations in slices containing registers |    18 |
+----------------------------------------------------------+-------+


2. Flip-Flop Distribution
-------------------------

+--------------+-----------------------+------------------------+-----------------+--------------+
| Clock Enable | Synchronous Set/Reset | Asynchronous Set/Reset | Total Registers | Total Slices |
+--------------+-----------------------+------------------------+-----------------+--------------+
| No           | No                    | No                     |              10 |            3 |
| No           | No                    | Yes                    |               0 |            0 |
| No           | Yes                   | No                     |               0 |            0 |
| Yes          | No                    | No                     |              20 |            7 |
| Yes          | No                    | Yes                    |               0 |            0 |
| Yes          | Yes                   | No                     |               0 |            0 |
+--------------+-----------------------+------------------------+-----------------+--------------+


3. Detailed Control Set Information
-----------------------------------

+----------------+---------------------------+------------------+------------------+----------------+
|  Clock Signal  |       Enable Signal       | Set/Reset Signal | Slice Load Count | Bel Load Count |
+----------------+---------------------------+------------------+------------------+----------------+
|  clk_IBUF_BUFG |                           |                  |                3 |             10 |
|  clk_IBUF_BUFG | pixel_tick                |                  |                3 |             10 |
|  clk_IBUF_BUFG | vertical_pixel[9]_i_1_n_0 |                  |                4 |             10 |
+----------------+---------------------------+------------------+------------------+----------------+


+--------+-----------------------+
| Fanout | Number of ControlSets |
+--------+-----------------------+
| 10     |                     3 |
+--------+-----------------------+


